0 verbose cli C:\Program Files\nodejs\node.exe C:\Users\Administrator\AppData\Roaming\npm\node_modules\npm\bin\npm-cli.js
1 info using npm@11.11.0
2 info using node@v26.1.0
3 silly config load:file:C:\Users\Administrator\AppData\Roaming\npm\node_modules\npm\npmrc
4 silly config load:file:C:\Users\Administrator\Desktop\새 폴더 (2)\project\algostudy\.npmrc
5 silly config load:file:C:\Users\Administrator\.npmrc
6 silly config load:file:C:\Users\Administrator\AppData\Roaming\npm\etc\npmrc
7 verbose title npm audit
8 verbose argv "audit" "--omit" "dev" "--cache" ".npm-cache"
9 verbose logfile logs-max:10 dir:C:\Users\Administrator\Desktop\새 폴더 (2)\project\algostudy\.npm-cache\_logs\2026-08-12T13_23_22_148Z-
10 verbose logfile C:\Users\Administrator\Desktop\새 폴더 (2)\project\algostudy\.npm-cache\_logs\2026-08-12T13_23_22_148Z-debug-0.log
11 silly logfile done cleaning log files
12 silly packumentCache heap:4395630592 maxSize:1098907648 maxEntrySize:549453824
13 silly audit bulk request {
13 silly audit   '@emnapi/runtime': [ '1.11.3' ],
13 silly audit   '@img/colour': [ '1.1.0' ],
13 silly audit   '@img/sharp-darwin-arm64': [ '0.35.3' ],
13 silly audit   '@img/sharp-darwin-x64': [ '0.35.3' ],
13 silly audit   '@img/sharp-freebsd-wasm32': [ '0.35.3' ],
13 silly audit   '@img/sharp-libvips-darwin-arm64': [ '1.3.2' ],
13 silly audit   '@img/sharp-libvips-darwin-x64': [ '1.3.2' ],
13 silly audit   '@img/sharp-libvips-linux-arm': [ '1.3.2' ],
13 silly audit   '@img/sharp-libvips-linux-arm64': [ '1.3.2' ],
13 silly audit   '@img/sharp-libvips-linux-ppc64': [ '1.3.2' ],
13 silly audit   '@img/sharp-libvips-linux-riscv64': [ '1.3.2' ],
13 silly audit   '@img/sharp-libvips-linux-s390x': [ '1.3.2' ],
13 silly audit   '@img/sharp-libvips-linux-x64': [ '1.3.2' ],
13 silly audit   '@img/sharp-libvips-linuxmusl-arm64': [ '1.3.2' ],
13 silly audit   '@img/sharp-libvips-linuxmusl-x64': [ '1.3.2' ],
13 silly audit   '@img/sharp-linux-arm': [ '0.35.3' ],
13 silly audit   '@img/sharp-linux-arm64': [ '0.35.3' ],
13 silly audit   '@img/sharp-linux-ppc64': [ '0.35.3' ],
13 silly audit   '@img/sharp-linux-riscv64': [ '0.35.3' ],
13 silly audit   '@img/sharp-linux-s390x': [ '0.35.3' ],
13 silly audit   '@img/sharp-linux-x64': [ '0.35.3' ],
13 silly audit   '@img/sharp-linuxmusl-arm64': [ '0.35.3' ],
13 silly audit   '@img/sharp-linuxmusl-x64': [ '0.35.3' ],
13 silly audit   '@img/sharp-wasm32': [ '0.35.3' ],
13 silly audit   '@img/sharp-webcontainers-wasm32': [ '0.35.3' ],
13 silly audit   '@img/sharp-win32-arm64': [ '0.35.3' ],
13 silly audit   '@img/sharp-win32-ia32': [ '0.35.3' ],
13 silly audit   '@img/sharp-win32-x64': [ '0.35.3' ],
13 silly audit   '@monaco-editor/loader': [ '1.7.0' ],
13 silly audit   '@monaco-editor/react': [ '4.7.0' ],
13 silly audit   '@next/env': [ '16.3.0' ],
13 silly audit   '@next/swc-darwin-arm64': [ '16.3.0' ],
13 silly audit   '@next/swc-darwin-x64': [ '16.3.0' ],
13 silly audit   '@next/swc-linux-arm64-gnu': [ '16.3.0' ],
13 silly audit   '@next/swc-linux-arm64-musl': [ '16.3.0' ],
13 silly audit   '@next/swc-linux-x64-gnu': [ '16.3.0' ],
13 silly audit   '@next/swc-linux-x64-musl': [ '16.3.0' ],
13 silly audit   '@next/swc-win32-arm64-msvc': [ '16.3.0' ],
13 silly audit   '@next/swc-win32-x64-msvc': [ '16.3.0' ],
13 silly audit   '@supabase/auth-js': [ '2.112.3' ],
13 silly audit   '@supabase/functions-js': [ '2.112.3' ],
13 silly audit   '@supabase/phoenix': [ '0.4.5' ],
13 silly audit   '@supabase/postgrest-js': [ '2.112.3' ],
13 silly audit   '@supabase/realtime-js': [ '2.112.3' ],
13 silly audit   '@supabase/storage-js': [ '2.112.3' ],
13 silly audit   '@supabase/supabase-js': [ '2.112.3' ],
13 silly audit   '@swc/helpers': [ '0.5.15' ],
13 silly audit   '@types/trusted-types': [ '2.0.7' ],
13 silly audit   semver: [ '7.8.5' ],
13 silly audit   'baseline-browser-mapping': [ '2.11.13' ],
13 silly audit   'caniuse-lite': [ '1.0.30001809' ],
13 silly audit   'client-only': [ '0.0.1' ],
13 silly audit   'date-fns': [ '4.4.0' ],
13 silly audit   'detect-libc': [ '2.1.2' ],
13 silly audit   dompurify: [ '3.4.8' ],
13 silly audit   'iceberg-js': [ '0.8.1' ],
13 silly audit   'lucide-react': [ '0.468.0' ],
13 silly audit   marked: [ '14.0.0' ],
13 silly audit   'monaco-editor': [ '0.56.0' ],
13 silly audit   nanoid: [ '3.3.18' ],
13 silly audit   next: [ '16.3.0' ],
13 silly audit   picocolors: [ '1.1.1' ],
13 silly audit   postcss: [ '8.5.23' ],
13 silly audit   react: [ '19.2.8' ],
13 silly audit   'react-dom': [ '19.2.8' ],
13 silly audit   scheduler: [ '0.27.0' ],
13 silly audit   sharp: [ '0.35.3' ],
13 silly audit   'source-map-js': [ '1.2.1' ],
13 silly audit   'state-local': [ '1.0.7' ],
13 silly audit   'styled-jsx': [ '5.1.6' ],
13 silly audit   tslib: [ '2.8.1' ]
13 silly audit }
14 http fetch POST 200 https://registry.npmjs.org/-/npm/v1/security/advisories/bulk 273ms
15 silly audit report {
15 silly audit report   dompurify: [
15 silly audit report     {
15 silly audit report       id: 1124022,
15 silly audit report       url: 'https://github.com/advisories/GHSA-c2j3-45gr-mqc4',
15 silly audit report       title: 'DOMPurify: `CUSTOM_ELEMENT_HANDLING` bypasses `afterSanitizeElements` for allowed custom elements.',
15 silly audit report       severity: 'low',
15 silly audit report       vulnerable_versions: '<=3.4.11',
15 silly audit report       cwe: [Array],
15 silly audit report       cvss: [Object]
15 silly audit report     },
15 silly audit report     {
15 silly audit report       id: 1124233,
15 silly audit report       url: 'https://github.com/advisories/GHSA-cmwh-pvxp-8882',
15 silly audit report       title: 'DOMPurify: Permanent `ALLOWED_ATTR` pollution via `setConfig()` bypassing the hook clone-guard (incomplete fix of the 3.4.7 hook-pollution patch)',
15 silly audit report       severity: 'moderate',
15 silly audit report       vulnerable_versions: '<=3.4.10',
15 silly audit report       cwe: [Array],
15 silly audit report       cvss: [Object]
15 silly audit report     },
15 silly audit report     {
15 silly audit report       id: 1124234,
15 silly audit report       url: 'https://github.com/advisories/GHSA-vxr8-fq34-vvx9',
15 silly audit report       title: 'DOMPurify: Trusted Types policy survives `clearConfig()` and can poison later `RETURN_TRUSTED_TYPE` output',
15 silly audit report       severity: 'low',
15 silly audit report       vulnerable_versions: '<3.4.9',
15 silly audit report       cwe: [Array],
15 silly audit report       cvss: [Object]
15 silly audit report     },
15 silly audit report     {
15 silly audit report       id: 1138538,
15 silly audit report       url: 'https://github.com/advisories/GHSA-55q2-fjhq-7xh7',
15 silly audit report       title: 'DOMPurify: IN_PLACE hook removal leaves a detached subtree executable, causing XSS',
15 silly audit report       severity: 'moderate',
15 silly audit report       vulnerable_versions: '<=3.4.12',
15 silly audit report       cwe: [Array],
15 silly audit report       cvss: [Object]
15 silly audit report     }
15 silly audit report   ]
15 silly audit report }
16 silly packumentCache corgi:https://registry.npmjs.org/dompurify cache-miss
17 http fetch GET 200 https://registry.npmjs.org/dompurify 46ms (cache revalidated)
18 silly packumentCache corgi:https://registry.npmjs.org/dompurify set size:256605 disposed:false
19 silly packumentCache corgi:https://registry.npmjs.org/monaco-editor cache-miss
20 http fetch GET 200 https://registry.npmjs.org/monaco-editor 43ms (cache revalidated)
21 silly packumentCache corgi:https://registry.npmjs.org/monaco-editor set size:1749621 disposed:false
22 silly packumentCache corgi:https://registry.npmjs.org/@monaco-editor%2freact cache-miss
23 http fetch GET 200 https://registry.npmjs.org/@monaco-editor%2freact 213ms (cache revalidated)
24 silly packumentCache corgi:https://registry.npmjs.org/@monaco-editor%2freact set size:230151 disposed:false
25 verbose cwd C:\Users\Administrator\Desktop\새 폴더 (2)\project\algostudy
26 verbose os Windows_NT 10.0.26200
27 verbose node v26.1.0
28 verbose npm  v11.11.0
29 verbose exit 1
30 verbose code 1
