0 verbose cli C:\Program Files\nodejs\node.exe C:\Users\Administrator\AppData\Roaming\npm\node_modules\npm\bin\npm-cli.js
1 info using npm@11.11.0
2 info using node@v26.1.0
3 silly config load:file:C:\Users\Administrator\AppData\Roaming\npm\node_modules\npm\npmrc
4 silly config load:file:C:\Users\Administrator\Desktop\새 폴더 (2)\project\algostudy\.npmrc
5 silly config load:file:C:\Users\Administrator\.npmrc
6 silly config load:file:C:\Users\Administrator\AppData\Roaming\npm\etc\npmrc
7 verbose title npm install
8 verbose argv "install" "--cache" ".npm-cache"
9 verbose logfile logs-max:10 dir:C:\Users\Administrator\Desktop\새 폴더 (2)\project\algostudy\.npm-cache\_logs\2026-08-12T13_24_09_581Z-
10 verbose logfile C:\Users\Administrator\Desktop\새 폴더 (2)\project\algostudy\.npm-cache\_logs\2026-08-12T13_24_09_581Z-debug-0.log
11 silly logfile done cleaning log files
12 silly packumentCache heap:4395630592 maxSize:1098907648 maxEntrySize:549453824
13 silly idealTree buildDeps
14 silly fetch manifest vitest@^4.1.10
15 silly packumentCache full:https://registry.npmjs.org/vitest cache-miss
16 http cache https://registry.npmjs.org/vitest 121ms (cache hit)
17 silly packumentCache full:https://registry.npmjs.org/vitest set size:2229935 disposed:false
18 silly fetch manifest @edge-runtime/vm@*
19 silly packumentCache full:https://registry.npmjs.org/@edge-runtime%2fvm cache-miss
20 http cache https://registry.npmjs.org/@edge-runtime%2fvm 8ms (cache hit)
21 silly packumentCache full:https://registry.npmjs.org/@edge-runtime%2fvm set size:269934 disposed:false
22 silly fetch manifest @opentelemetry/api@^1.9.0
23 silly packumentCache full:https://registry.npmjs.org/@opentelemetry%2fapi cache-miss
24 http fetch GET 200 https://registry.npmjs.org/@opentelemetry%2fapi 76ms (cache revalidated)
25 silly packumentCache full:https://registry.npmjs.org/@opentelemetry%2fapi set size:272967 disposed:false
26 silly fetch manifest @types/node@^22.10.2
27 silly packumentCache full:https://registry.npmjs.org/@types%2fnode cache-miss
28 http cache https://registry.npmjs.org/@types%2fnode 20ms (cache hit)
29 silly packumentCache full:https://registry.npmjs.org/@types%2fnode set size:11088606 disposed:false
30 silly fetch manifest @vitest/browser-playwright@4.1.10
31 silly packumentCache full:https://registry.npmjs.org/@vitest%2fbrowser-playwright cache-miss
32 http fetch GET 200 https://registry.npmjs.org/@vitest%2fbrowser-playwright 40ms (cache miss)
33 silly packumentCache full:https://registry.npmjs.org/@vitest%2fbrowser-playwright set size:undefined disposed:false
34 silly fetch manifest playwright@*
35 silly packumentCache full:https://registry.npmjs.org/playwright cache-miss
36 http cache https://registry.npmjs.org/playwright 28ms (cache hit)
37 silly packumentCache full:https://registry.npmjs.org/playwright set size:16622932 disposed:false
38 silly fetch manifest @vitest/browser-preview@4.1.10
39 silly packumentCache full:https://registry.npmjs.org/@vitest%2fbrowser-preview cache-miss
40 http fetch GET 200 https://registry.npmjs.org/@vitest%2fbrowser-preview 46ms (cache miss)
41 silly packumentCache full:https://registry.npmjs.org/@vitest%2fbrowser-preview set size:undefined disposed:false
42 silly fetch manifest @vitest/browser-webdriverio@4.1.10
43 silly packumentCache full:https://registry.npmjs.org/@vitest%2fbrowser-webdriverio cache-miss
44 http fetch GET 200 https://registry.npmjs.org/@vitest%2fbrowser-webdriverio 39ms (cache miss)
45 silly packumentCache full:https://registry.npmjs.org/@vitest%2fbrowser-webdriverio set size:undefined disposed:false
46 silly fetch manifest webdriverio@*
47 silly packumentCache full:https://registry.npmjs.org/webdriverio cache-miss
48 http cache https://registry.npmjs.org/webdriverio 14ms (cache hit)
49 silly packumentCache full:https://registry.npmjs.org/webdriverio set size:3147996 disposed:false
50 silly fetch manifest puppeteer-core@>=22.x || <=24.x
51 silly packumentCache full:https://registry.npmjs.org/puppeteer-core cache-miss
52 http cache https://registry.npmjs.org/puppeteer-core 10ms (cache hit)
53 silly packumentCache full:https://registry.npmjs.org/puppeteer-core set size:1562964 disposed:false
54 silly fetch manifest @vitest/coverage-istanbul@4.1.10
55 silly packumentCache full:https://registry.npmjs.org/@vitest%2fcoverage-istanbul cache-miss
56 http fetch GET 200 https://registry.npmjs.org/@vitest%2fcoverage-istanbul 48ms (cache miss)
57 silly packumentCache full:https://registry.npmjs.org/@vitest%2fcoverage-istanbul set size:undefined disposed:false
58 silly fetch manifest @vitest/coverage-v8@4.1.10
59 silly packumentCache full:https://registry.npmjs.org/@vitest%2fcoverage-v8 cache-miss
60 http fetch GET 200 https://registry.npmjs.org/@vitest%2fcoverage-v8 44ms (cache miss)
61 silly packumentCache full:https://registry.npmjs.org/@vitest%2fcoverage-v8 set size:undefined disposed:false
62 silly fetch manifest @vitest/browser@4.1.10
63 silly packumentCache full:https://registry.npmjs.org/@vitest%2fbrowser cache-miss
64 http cache https://registry.npmjs.org/@vitest%2fbrowser 6ms (cache hit)
65 silly packumentCache full:https://registry.npmjs.org/@vitest%2fbrowser set size:790265 disposed:false
66 silly fetch manifest @vitest/ui@4.1.10
67 silly packumentCache full:https://registry.npmjs.org/@vitest%2fui cache-miss
68 http cache https://registry.npmjs.org/@vitest%2fui 7ms (cache hit)
69 silly packumentCache full:https://registry.npmjs.org/@vitest%2fui set size:1278853 disposed:false
70 silly fetch manifest happy-dom@*
71 silly packumentCache full:https://registry.npmjs.org/happy-dom cache-miss
72 http cache https://registry.npmjs.org/happy-dom 10ms (cache hit)
73 silly packumentCache full:https://registry.npmjs.org/happy-dom set size:2481409 disposed:false
74 silly fetch manifest jsdom@^25.0.1
75 silly packumentCache full:https://registry.npmjs.org/jsdom cache-miss
76 http cache https://registry.npmjs.org/jsdom 8ms (cache hit)
77 silly packumentCache full:https://registry.npmjs.org/jsdom set size:1074418 disposed:false
78 silly fetch manifest canvas@^2.11.2
79 silly packumentCache full:https://registry.npmjs.org/canvas cache-miss
80 http cache https://registry.npmjs.org/canvas 7ms (cache hit)
81 silly packumentCache full:https://registry.npmjs.org/canvas set size:349782 disposed:false
82 silly placeDep ROOT vitest@4.1.10 REPLACE for: algomate@0.1.0 want: ^4.1.10
83 silly fetch manifest obug@^2.1.1
84 silly packumentCache full:https://registry.npmjs.org/obug cache-miss
85 silly fetch manifest vite@^6.0.0 || ^7.0.0 || ^8.0.0
86 silly packumentCache full:https://registry.npmjs.org/vite cache-miss
87 silly fetch manifest pathe@^2.0.3
88 silly packumentCache full:https://registry.npmjs.org/pathe cache-miss
89 silly fetch manifest std-env@^4.0.0-rc.1
90 silly packumentCache full:https://registry.npmjs.org/std-env cache-miss
91 silly fetch manifest tinyexec@^1.0.2
92 silly packumentCache full:https://registry.npmjs.org/tinyexec cache-miss
93 silly fetch manifest picomatch@^4.0.3
94 silly packumentCache full:https://registry.npmjs.org/picomatch cache-miss
95 silly fetch manifest @vitest/spy@4.1.10
96 silly packumentCache full:https://registry.npmjs.org/@vitest%2fspy cache-miss
97 silly fetch manifest tinyrainbow@^3.1.0
98 silly packumentCache full:https://registry.npmjs.org/tinyrainbow cache-miss
99 silly fetch manifest magic-string@^0.30.21
100 silly packumentCache full:https://registry.npmjs.org/magic-string cache-miss
101 silly fetch manifest @vitest/utils@4.1.10
102 silly packumentCache full:https://registry.npmjs.org/@vitest%2futils cache-miss
103 silly fetch manifest @vitest/expect@4.1.10
104 silly packumentCache full:https://registry.npmjs.org/@vitest%2fexpect cache-miss
105 http cache https://registry.npmjs.org/vite 81ms (cache hit)
106 silly packumentCache full:https://registry.npmjs.org/vite set size:38924120 disposed:false
107 silly fetch manifest @vitest/mocker@4.1.10
108 silly packumentCache full:https://registry.npmjs.org/@vitest%2fmocker cache-miss
109 http fetch GET 200 https://registry.npmjs.org/obug 254ms (cache miss)
110 silly packumentCache full:https://registry.npmjs.org/obug set size:undefined disposed:false
111 silly fetch manifest @vitest/runner@4.1.10
112 silly packumentCache full:https://registry.npmjs.org/@vitest%2frunner cache-miss
113 http fetch GET 200 https://registry.npmjs.org/magic-string 257ms (cache revalidated)
114 silly packumentCache full:https://registry.npmjs.org/magic-string set size:341569 disposed:false
115 silly fetch manifest es-module-lexer@^2.0.0
116 silly packumentCache full:https://registry.npmjs.org/es-module-lexer cache-miss
117 http fetch GET 200 https://registry.npmjs.org/tinyexec 267ms (cache revalidated)
118 silly packumentCache full:https://registry.npmjs.org/tinyexec set size:65811 disposed:false
119 silly fetch manifest @vitest/snapshot@4.1.10
120 silly packumentCache full:https://registry.npmjs.org/@vitest%2fsnapshot cache-miss
121 http fetch GET 200 https://registry.npmjs.org/picomatch 269ms (cache revalidated)
122 silly packumentCache full:https://registry.npmjs.org/picomatch set size:128942 disposed:false
123 silly fetch manifest @vitest/pretty-format@4.1.10
124 silly packumentCache full:https://registry.npmjs.org/@vitest%2fpretty-format cache-miss
125 http fetch GET 200 https://registry.npmjs.org/std-env 271ms (cache revalidated)
126 silly packumentCache full:https://registry.npmjs.org/std-env set size:90491 disposed:false
127 http cache https://registry.npmjs.org/@vitest%2fmocker 36ms (cache hit)
128 silly packumentCache full:https://registry.npmjs.org/@vitest%2fmocker set size:336716 disposed:false
129 http fetch GET 200 https://registry.npmjs.org/pathe 286ms (cache revalidated)
130 silly packumentCache full:https://registry.npmjs.org/pathe set size:68788 disposed:false
131 http fetch GET 200 https://registry.npmjs.org/@vitest%2futils 286ms (cache revalidated)
132 silly packumentCache full:https://registry.npmjs.org/@vitest%2futils set size:587607 disposed:false
133 http fetch GET 200 https://registry.npmjs.org/@vitest%2fexpect 290ms (cache revalidated)
134 silly packumentCache full:https://registry.npmjs.org/@vitest%2fexpect set size:488167 disposed:false
135 http fetch GET 200 https://registry.npmjs.org/tinyrainbow 295ms (cache revalidated)
136 silly packumentCache full:https://registry.npmjs.org/tinyrainbow set size:31061 disposed:false
137 http fetch GET 200 https://registry.npmjs.org/@vitest%2fspy 299ms (cache revalidated)
138 silly packumentCache full:https://registry.npmjs.org/@vitest%2fspy set size:452092 disposed:false
139 http fetch GET 200 https://registry.npmjs.org/es-module-lexer 47ms (cache revalidated)
140 silly packumentCache full:https://registry.npmjs.org/es-module-lexer set size:212402 disposed:false
141 http fetch GET 200 https://registry.npmjs.org/@vitest%2frunner 57ms (cache revalidated)
142 silly packumentCache full:https://registry.npmjs.org/@vitest%2frunner set size:466000 disposed:false
143 http fetch GET 200 https://registry.npmjs.org/@vitest%2fsnapshot 64ms (cache revalidated)
144 silly packumentCache full:https://registry.npmjs.org/@vitest%2fsnapshot set size:462824 disposed:false
145 http fetch GET 200 https://registry.npmjs.org/@vitest%2fpretty-format 219ms (cache revalidated)
146 silly packumentCache full:https://registry.npmjs.org/@vitest%2fpretty-format set size:286781 disposed:false
147 silly fetch manifest dompurify@^3.4.13
148 silly packumentCache full:https://registry.npmjs.org/dompurify cache-miss
149 http cache https://registry.npmjs.org/dompurify 9ms (cache hit)
150 silly packumentCache full:https://registry.npmjs.org/dompurify set size:737620 disposed:false
151 silly placeDep ROOT dompurify@3.4.13 REPLACE for: monaco-editor@0.56.0 want: ^3.4.13
152 silly fetch manifest @types/node@^20.0.0 || ^22.0.0 || >=24.0.0
153 silly packumentCache full:https://registry.npmjs.org/@types%2fnode cache-miss
154 http cache https://registry.npmjs.org/@types%2fnode 23ms (cache hit)
155 silly packumentCache full:https://registry.npmjs.org/@types%2fnode set size:11088606 disposed:false
156 silly fetch manifest @vitejs/devtools@^0.4.0
157 silly packumentCache full:https://registry.npmjs.org/@vitejs%2fdevtools cache-miss
158 http fetch GET 200 https://registry.npmjs.org/@vitejs%2fdevtools 40ms (cache miss)
159 silly packumentCache full:https://registry.npmjs.org/@vitejs%2fdevtools set size:undefined disposed:false
160 silly fetch manifest @vitejs/devtools-oxc@^0.4.12
161 silly packumentCache full:https://registry.npmjs.org/@vitejs%2fdevtools-oxc cache-miss
162 http fetch GET 200 https://registry.npmjs.org/@vitejs%2fdevtools-oxc 42ms (cache miss)
163 silly packumentCache full:https://registry.npmjs.org/@vitejs%2fdevtools-oxc set size:undefined disposed:false
164 silly fetch manifest @vitejs/devtools-rolldown@^0.4.12
165 silly packumentCache full:https://registry.npmjs.org/@vitejs%2fdevtools-rolldown cache-miss
166 http fetch GET 200 https://registry.npmjs.org/@vitejs%2fdevtools-rolldown 37ms (cache miss)
167 silly packumentCache full:https://registry.npmjs.org/@vitejs%2fdevtools-rolldown set size:undefined disposed:false
168 silly fetch manifest @vitejs/devtools-vite@^0.4.12
169 silly packumentCache full:https://registry.npmjs.org/@vitejs%2fdevtools-vite cache-miss
170 http fetch GET 200 https://registry.npmjs.org/@vitejs%2fdevtools-vite 49ms (cache miss)
171 silly packumentCache full:https://registry.npmjs.org/@vitejs%2fdevtools-vite set size:undefined disposed:false
172 silly fetch manifest @vitejs/devtools-vitest@^0.4.12
173 silly packumentCache full:https://registry.npmjs.org/@vitejs%2fdevtools-vitest cache-miss
174 http fetch GET 200 https://registry.npmjs.org/@vitejs%2fdevtools-vitest 51ms (cache miss)
175 silly packumentCache full:https://registry.npmjs.org/@vitejs%2fdevtools-vitest set size:undefined disposed:false
176 silly fetch manifest vitest@*
177 silly packumentCache full:https://registry.npmjs.org/vitest cache-miss
178 http cache https://registry.npmjs.org/vitest 12ms (cache hit)
179 silly packumentCache full:https://registry.npmjs.org/vitest set size:2229935 disposed:false
180 silly fetch manifest jsdom@*
181 silly packumentCache full:https://registry.npmjs.org/jsdom cache-miss
182 http cache https://registry.npmjs.org/jsdom 9ms (cache hit)
183 silly packumentCache full:https://registry.npmjs.org/jsdom set size:1074418 disposed:false
184 silly fetch manifest canvas@^3.2.3
185 silly packumentCache full:https://registry.npmjs.org/canvas cache-hit
186 silly fetch manifest esbuild@^0.27.0 || ^0.28.0
187 silly packumentCache full:https://registry.npmjs.org/esbuild cache-miss
188 http cache https://registry.npmjs.org/esbuild 10ms (cache hit)
189 silly packumentCache full:https://registry.npmjs.org/esbuild set size:1264676 disposed:false
190 silly fetch manifest jiti@>=1.21.0
191 silly packumentCache full:https://registry.npmjs.org/jiti cache-miss
192 http fetch GET 200 https://registry.npmjs.org/jiti 28ms (cache revalidated)
193 silly packumentCache full:https://registry.npmjs.org/jiti set size:387989 disposed:false
194 silly fetch manifest less@^4.0.0
195 silly packumentCache full:https://registry.npmjs.org/less cache-miss
196 http cache https://registry.npmjs.org/less 7ms (cache hit)
197 silly packumentCache full:https://registry.npmjs.org/less set size:492138 disposed:false
198 silly fetch manifest sass@^1.70.0
199 silly packumentCache full:https://registry.npmjs.org/sass cache-miss
200 http cache https://registry.npmjs.org/sass 8ms (cache hit)
201 silly packumentCache full:https://registry.npmjs.org/sass set size:743214 disposed:false
202 silly fetch manifest sass-embedded@^1.70.0
203 silly packumentCache full:https://registry.npmjs.org/sass-embedded cache-miss
204 http cache https://registry.npmjs.org/sass-embedded 8ms (cache hit)
205 silly packumentCache full:https://registry.npmjs.org/sass-embedded set size:419718 disposed:false
206 silly fetch manifest stylus@>=0.54.8
207 silly packumentCache full:https://registry.npmjs.org/stylus cache-miss
208 http cache https://registry.npmjs.org/stylus 9ms (cache hit)
209 silly packumentCache full:https://registry.npmjs.org/stylus set size:286766 disposed:false
210 silly fetch manifest sugarss@^5.0.0
211 silly packumentCache full:https://registry.npmjs.org/sugarss cache-miss
212 http cache https://registry.npmjs.org/sugarss 6ms (cache hit)
213 silly packumentCache full:https://registry.npmjs.org/sugarss set size:44975 disposed:false
214 silly fetch manifest postcss@^8.3.3
215 silly packumentCache full:https://registry.npmjs.org/postcss cache-miss
216 http cache https://registry.npmjs.org/postcss 8ms (cache hit)
217 silly packumentCache full:https://registry.npmjs.org/postcss set size:760024 disposed:false
218 silly fetch manifest terser@^5.16.0
219 silly packumentCache full:https://registry.npmjs.org/terser cache-miss
220 http cache https://registry.npmjs.org/terser 9ms (cache hit)
221 silly packumentCache full:https://registry.npmjs.org/terser set size:817272 disposed:false
222 silly fetch manifest tsx@^4.8.1
223 silly packumentCache full:https://registry.npmjs.org/tsx cache-miss
224 http fetch GET 200 https://registry.npmjs.org/tsx 32ms (cache miss)
225 silly packumentCache full:https://registry.npmjs.org/tsx set size:undefined disposed:false
226 silly fetch manifest yaml@^2.4.2
227 silly packumentCache full:https://registry.npmjs.org/yaml cache-miss
228 http fetch GET 200 https://registry.npmjs.org/yaml 39ms (cache miss)
229 silly packumentCache full:https://registry.npmjs.org/yaml set size:undefined disposed:false
230 silly fetch manifest msw@^2.4.9
231 silly packumentCache full:https://registry.npmjs.org/msw cache-miss
232 http cache https://registry.npmjs.org/msw 10ms (cache hit)
233 silly packumentCache full:https://registry.npmjs.org/msw set size:2036917 disposed:false
234 silly fetch manifest typescript@>= 4.8.x
235 silly packumentCache full:https://registry.npmjs.org/typescript cache-miss
236 http cache https://registry.npmjs.org/typescript 57ms (cache hit)
237 silly packumentCache full:https://registry.npmjs.org/typescript set size:15547442 disposed:false
238 silly placeDep ROOT @vitest/expect@4.1.10 OK for: vitest@4.1.10 want: 4.1.10
239 silly placeDep ROOT @vitest/mocker@4.1.10 OK for: vitest@4.1.10 want: 4.1.10
240 silly placeDep ROOT @vitest/pretty-format@4.1.10 OK for: vitest@4.1.10 want: 4.1.10
241 silly placeDep ROOT @vitest/runner@4.1.10 OK for: vitest@4.1.10 want: 4.1.10
242 silly placeDep ROOT @vitest/snapshot@4.1.10 OK for: vitest@4.1.10 want: 4.1.10
243 silly placeDep ROOT @vitest/spy@4.1.10 OK for: vitest@4.1.10 want: 4.1.10
244 silly placeDep ROOT @vitest/utils@4.1.10 OK for: vitest@4.1.10 want: 4.1.10
245 silly placeDep ROOT es-module-lexer@2.3.1 OK for: vitest@4.1.10 want: ^2.0.0
246 silly placeDep ROOT magic-string@0.30.21 OK for: vitest@4.1.10 want: ^0.30.21
247 silly placeDep ROOT obug@2.1.4 OK for: vitest@4.1.10 want: ^2.1.1
248 silly placeDep ROOT pathe@2.0.3 OK for: vitest@4.1.10 want: ^2.0.3
249 silly placeDep node_modules/vitest picomatch@4.0.5 OK for: vitest@4.1.10 want: ^4.0.3
250 silly placeDep ROOT std-env@4.2.0 OK for: vitest@4.1.10 want: ^4.0.0-rc.1
251 silly placeDep ROOT tinyexec@1.3.0 OK for: vitest@4.1.10 want: ^1.0.2
252 silly placeDep ROOT tinyrainbow@3.1.1 OK for: vitest@4.1.10 want: ^3.1.0
253 silly placeDep ROOT vite@8.2.1 OK for: vitest@4.1.10 want: ^6.0.0 || ^7.0.0 || ^8.0.0
254 silly fetch manifest chai@^6.2.2
255 silly packumentCache full:https://registry.npmjs.org/chai cache-miss
256 silly fetch manifest @types/chai@^5.2.2
257 silly packumentCache full:https://registry.npmjs.org/@types%2fchai cache-miss
258 silly fetch manifest @standard-schema/spec@^1.1.0
259 silly packumentCache full:https://registry.npmjs.org/@standard-schema%2fspec cache-miss
260 silly fetch manifest estree-walker@^3.0.3
261 silly packumentCache full:https://registry.npmjs.org/estree-walker cache-miss
262 silly fetch manifest postcss@^8.5.25
263 silly packumentCache full:https://registry.npmjs.org/postcss cache-hit
264 silly fetch manifest rolldown@~1.2.1
265 silly packumentCache full:https://registry.npmjs.org/rolldown cache-miss
266 silly fetch manifest picomatch@^4.0.5
267 silly packumentCache full:https://registry.npmjs.org/picomatch cache-hit
268 silly fetch manifest lightningcss@^1.33.0
269 silly packumentCache full:https://registry.npmjs.org/lightningcss cache-miss
270 silly fetch manifest fsevents@~2.3.3
271 silly packumentCache full:https://registry.npmjs.org/fsevents cache-miss
272 http cache https://registry.npmjs.org/lightningcss 22ms (cache hit)
273 silly packumentCache full:https://registry.npmjs.org/lightningcss set size:191065 disposed:false
274 http fetch GET 200 https://registry.npmjs.org/chai 43ms (cache revalidated)
275 silly packumentCache full:https://registry.npmjs.org/chai set size:232540 disposed:false
276 http fetch GET 200 https://registry.npmjs.org/estree-walker 50ms (cache revalidated)
277 silly packumentCache full:https://registry.npmjs.org/estree-walker set size:60887 disposed:false
278 http fetch GET 200 https://registry.npmjs.org/@types%2fchai 54ms (cache miss)
279 silly packumentCache full:https://registry.npmjs.org/@types%2fchai set size:undefined disposed:false
280 http fetch GET 200 https://registry.npmjs.org/fsevents 50ms (cache revalidated)
281 silly packumentCache full:https://registry.npmjs.org/fsevents set size:182472 disposed:false
282 http fetch GET 200 https://registry.npmjs.org/rolldown 105ms (cache miss)
283 silly packumentCache full:https://registry.npmjs.org/rolldown set size:undefined disposed:false
284 http fetch GET 200 https://registry.npmjs.org/@standard-schema%2fspec 202ms (cache miss)
285 silly packumentCache full:https://registry.npmjs.org/@standard-schema%2fspec set size:undefined disposed:false
286 silly placeDep ROOT @standard-schema/spec@1.1.0 OK for: @vitest/expect@4.1.10 want: ^1.1.0
287 silly placeDep ROOT @types/chai@5.2.3 OK for: @vitest/expect@4.1.10 want: ^5.2.2
288 silly placeDep ROOT chai@6.2.2 OK for: @vitest/expect@4.1.10 want: ^6.2.2
289 silly fetch manifest @types/deep-eql@*
290 silly packumentCache full:https://registry.npmjs.org/@types%2fdeep-eql cache-miss
291 silly fetch manifest assertion-error@^2.0.1
292 silly packumentCache full:https://registry.npmjs.org/assertion-error cache-miss
293 http fetch GET 200 https://registry.npmjs.org/assertion-error 27ms (cache revalidated)
294 silly packumentCache full:https://registry.npmjs.org/assertion-error set size:14438 disposed:false
295 http fetch GET 200 https://registry.npmjs.org/@types%2fdeep-eql 30ms (cache miss)
296 silly packumentCache full:https://registry.npmjs.org/@types%2fdeep-eql set size:undefined disposed:false
297 silly placeDep ROOT @types/deep-eql@4.0.2 OK for: @types/chai@5.2.3 want: *
298 silly placeDep ROOT assertion-error@2.0.1 OK for: @types/chai@5.2.3 want: ^2.0.1
299 silly placeDep ROOT estree-walker@3.0.3 OK for: @vitest/mocker@4.1.10 want: ^3.0.3
300 silly placeDep ROOT fsevents@2.3.3 OK for: vite@8.2.1 want: ~2.3.3
301 silly placeDep ROOT lightningcss@1.33.0 OK for: vite@8.2.1 want: ^1.33.0
302 silly placeDep node_modules/vite picomatch@4.0.5 OK for: vite@8.2.1 want: ^4.0.5
303 silly placeDep node_modules/vite postcss@8.5.26 OK for: vite@8.2.1 want: ^8.5.25
304 silly placeDep ROOT rolldown@1.2.4 OK for: vite@8.2.1 want: ~1.2.1
305 silly fetch manifest lightningcss-darwin-x64@1.33.0
306 silly packumentCache full:https://registry.npmjs.org/lightningcss-darwin-x64 cache-miss
307 silly fetch manifest lightningcss-linux-x64-gnu@1.33.0
308 silly packumentCache full:https://registry.npmjs.org/lightningcss-linux-x64-gnu cache-miss
309 silly fetch manifest lightningcss-win32-x64-msvc@1.33.0
310 silly packumentCache full:https://registry.npmjs.org/lightningcss-win32-x64-msvc cache-miss
311 silly fetch manifest lightningcss-win32-arm64-msvc@1.33.0
312 silly packumentCache full:https://registry.npmjs.org/lightningcss-win32-arm64-msvc cache-miss
313 silly fetch manifest lightningcss-darwin-arm64@1.33.0
314 silly packumentCache full:https://registry.npmjs.org/lightningcss-darwin-arm64 cache-miss
315 silly fetch manifest lightningcss-linux-arm64-gnu@1.33.0
316 silly packumentCache full:https://registry.npmjs.org/lightningcss-linux-arm64-gnu cache-miss
317 silly fetch manifest lightningcss-linux-arm-gnueabihf@1.33.0
318 silly packumentCache full:https://registry.npmjs.org/lightningcss-linux-arm-gnueabihf cache-miss
319 silly fetch manifest lightningcss-linux-arm64-musl@1.33.0
320 silly packumentCache full:https://registry.npmjs.org/lightningcss-linux-arm64-musl cache-miss
321 silly fetch manifest lightningcss-linux-x64-musl@1.33.0
322 silly packumentCache full:https://registry.npmjs.org/lightningcss-linux-x64-musl cache-miss
323 silly fetch manifest lightningcss-freebsd-x64@1.33.0
324 silly packumentCache full:https://registry.npmjs.org/lightningcss-freebsd-x64 cache-miss
325 silly fetch manifest lightningcss-android-arm64@1.33.0
326 silly packumentCache full:https://registry.npmjs.org/lightningcss-android-arm64 cache-miss
327 http fetch GET 200 https://registry.npmjs.org/lightningcss-linux-x64-gnu 46ms (cache miss)
328 silly packumentCache full:https://registry.npmjs.org/lightningcss-linux-x64-gnu set size:undefined disposed:false
329 silly fetch manifest @oxc-project/types@=0.144.0
330 silly packumentCache full:https://registry.npmjs.org/@oxc-project%2ftypes cache-miss
331 http fetch GET 200 https://registry.npmjs.org/lightningcss-linux-arm64-musl 49ms (cache miss)
332 silly packumentCache full:https://registry.npmjs.org/lightningcss-linux-arm64-musl set size:undefined disposed:false
333 silly fetch manifest @rolldown/pluginutils@^1.0.0
334 silly packumentCache full:https://registry.npmjs.org/@rolldown%2fpluginutils cache-miss
335 http fetch GET 200 https://registry.npmjs.org/lightningcss-win32-arm64-msvc 50ms (cache miss)
336 silly packumentCache full:https://registry.npmjs.org/lightningcss-win32-arm64-msvc set size:undefined disposed:false
337 silly fetch manifest @rolldown/binding-darwin-x64@1.2.4
338 silly packumentCache full:https://registry.npmjs.org/@rolldown%2fbinding-darwin-x64 cache-miss
339 http fetch GET 200 https://registry.npmjs.org/lightningcss-darwin-x64 53ms (cache miss)
340 silly packumentCache full:https://registry.npmjs.org/lightningcss-darwin-x64 set size:undefined disposed:false
341 silly fetch manifest @rolldown/binding-freebsd-x64@1.2.4
342 silly packumentCache full:https://registry.npmjs.org/@rolldown%2fbinding-freebsd-x64 cache-miss
343 http fetch GET 200 https://registry.npmjs.org/lightningcss-linux-arm64-gnu 57ms (cache miss)
344 silly packumentCache full:https://registry.npmjs.org/lightningcss-linux-arm64-gnu set size:undefined disposed:false
345 silly fetch manifest @rolldown/binding-darwin-arm64@1.2.4
346 silly packumentCache full:https://registry.npmjs.org/@rolldown%2fbinding-darwin-arm64 cache-miss
347 http fetch GET 200 https://registry.npmjs.org/lightningcss-win32-x64-msvc 59ms (cache miss)
348 silly packumentCache full:https://registry.npmjs.org/lightningcss-win32-x64-msvc set size:undefined disposed:false
349 silly fetch manifest @rolldown/binding-android-arm64@1.2.4
350 silly packumentCache full:https://registry.npmjs.org/@rolldown%2fbinding-android-arm64 cache-miss
351 http fetch GET 200 https://registry.npmjs.org/lightningcss-linux-x64-musl 60ms (cache miss)
352 silly packumentCache full:https://registry.npmjs.org/lightningcss-linux-x64-musl set size:undefined disposed:false
353 silly fetch manifest @rolldown/binding-linux-x64-gnu@1.2.4
354 silly packumentCache full:https://registry.npmjs.org/@rolldown%2fbinding-linux-x64-gnu cache-miss
355 http fetch GET 200 https://registry.npmjs.org/lightningcss-linux-arm-gnueabihf 63ms (cache miss)
356 silly packumentCache full:https://registry.npmjs.org/lightningcss-linux-arm-gnueabihf set size:undefined disposed:false
357 silly fetch manifest @rolldown/binding-linux-x64-musl@1.2.4
358 silly packumentCache full:https://registry.npmjs.org/@rolldown%2fbinding-linux-x64-musl cache-miss
359 http fetch GET 200 https://registry.npmjs.org/lightningcss-darwin-arm64 65ms (cache miss)
360 silly packumentCache full:https://registry.npmjs.org/lightningcss-darwin-arm64 set size:undefined disposed:false
361 silly fetch manifest @rolldown/binding-win32-x64-msvc@1.2.4
362 silly packumentCache full:https://registry.npmjs.org/@rolldown%2fbinding-win32-x64-msvc cache-miss
363 http fetch GET 200 https://registry.npmjs.org/lightningcss-android-arm64 69ms (cache miss)
364 silly packumentCache full:https://registry.npmjs.org/lightningcss-android-arm64 set size:undefined disposed:false
365 silly fetch manifest @rolldown/binding-linux-arm64-gnu@1.2.4
366 silly packumentCache full:https://registry.npmjs.org/@rolldown%2fbinding-linux-arm64-gnu cache-miss
367 http fetch GET 200 https://registry.npmjs.org/lightningcss-freebsd-x64 75ms (cache miss)
368 silly packumentCache full:https://registry.npmjs.org/lightningcss-freebsd-x64 set size:undefined disposed:false
369 silly fetch manifest @rolldown/binding-linux-ppc64-gnu@1.2.4
370 silly packumentCache full:https://registry.npmjs.org/@rolldown%2fbinding-linux-ppc64-gnu cache-miss
371 http fetch GET 200 https://registry.npmjs.org/@oxc-project%2ftypes 39ms (cache miss)
372 silly packumentCache full:https://registry.npmjs.org/@oxc-project%2ftypes set size:undefined disposed:false
373 silly fetch manifest @rolldown/binding-linux-s390x-gnu@1.2.4
374 silly packumentCache full:https://registry.npmjs.org/@rolldown%2fbinding-linux-s390x-gnu cache-miss
375 http fetch GET 200 https://registry.npmjs.org/@rolldown%2fpluginutils 43ms (cache miss)
376 silly packumentCache full:https://registry.npmjs.org/@rolldown%2fpluginutils set size:undefined disposed:false
377 silly fetch manifest @rolldown/binding-linux-arm64-musl@1.2.4
378 silly packumentCache full:https://registry.npmjs.org/@rolldown%2fbinding-linux-arm64-musl cache-miss
379 http fetch GET 200 https://registry.npmjs.org/@rolldown%2fbinding-android-arm64 45ms (cache miss)
380 silly packumentCache full:https://registry.npmjs.org/@rolldown%2fbinding-android-arm64 set size:undefined disposed:false
381 silly fetch manifest @rolldown/binding-win32-arm64-msvc@1.2.4
382 silly packumentCache full:https://registry.npmjs.org/@rolldown%2fbinding-win32-arm64-msvc cache-miss
383 http fetch GET 200 https://registry.npmjs.org/@rolldown%2fbinding-linux-ppc64-gnu 48ms (cache miss)
384 silly packumentCache full:https://registry.npmjs.org/@rolldown%2fbinding-linux-ppc64-gnu set size:undefined disposed:false
385 silly fetch manifest @rolldown/binding-openharmony-arm64@1.2.4
386 silly packumentCache full:https://registry.npmjs.org/@rolldown%2fbinding-openharmony-arm64 cache-miss
387 http fetch GET 200 https://registry.npmjs.org/@rolldown%2fbinding-linux-s390x-gnu 57ms (cache miss)
388 silly packumentCache full:https://registry.npmjs.org/@rolldown%2fbinding-linux-s390x-gnu set size:undefined disposed:false
389 silly fetch manifest @rolldown/binding-linux-arm-gnueabihf@1.2.4
390 silly packumentCache full:https://registry.npmjs.org/@rolldown%2fbinding-linux-arm-gnueabihf cache-miss
391 http fetch GET 200 https://registry.npmjs.org/@rolldown%2fbinding-freebsd-x64 124ms (cache miss)
392 silly packumentCache full:https://registry.npmjs.org/@rolldown%2fbinding-freebsd-x64 set size:undefined disposed:false
393 http fetch GET 200 https://registry.npmjs.org/@rolldown%2fbinding-openharmony-arm64 58ms (cache miss)
394 silly packumentCache full:https://registry.npmjs.org/@rolldown%2fbinding-openharmony-arm64 set size:undefined disposed:false
395 http fetch GET 200 https://registry.npmjs.org/@rolldown%2fbinding-darwin-x64 146ms (cache miss)
396 silly packumentCache full:https://registry.npmjs.org/@rolldown%2fbinding-darwin-x64 set size:undefined disposed:false
397 http fetch GET 200 https://registry.npmjs.org/@rolldown%2fbinding-darwin-arm64 151ms (cache miss)
398 silly packumentCache full:https://registry.npmjs.org/@rolldown%2fbinding-darwin-arm64 set size:undefined disposed:false
399 http fetch GET 200 https://registry.npmjs.org/@rolldown%2fbinding-win32-x64-msvc 161ms (cache miss)
400 silly packumentCache full:https://registry.npmjs.org/@rolldown%2fbinding-win32-x64-msvc set size:undefined disposed:false
401 http fetch GET 200 https://registry.npmjs.org/@rolldown%2fbinding-linux-arm64-gnu 162ms (cache miss)
402 silly packumentCache full:https://registry.npmjs.org/@rolldown%2fbinding-linux-arm64-gnu set size:undefined disposed:false
403 http fetch GET 200 https://registry.npmjs.org/@rolldown%2fbinding-linux-arm64-musl 146ms (cache miss)
404 silly packumentCache full:https://registry.npmjs.org/@rolldown%2fbinding-linux-arm64-musl set size:undefined disposed:false
405 http fetch GET 200 https://registry.npmjs.org/@rolldown%2fbinding-linux-x64-gnu 191ms (cache miss)
406 silly packumentCache full:https://registry.npmjs.org/@rolldown%2fbinding-linux-x64-gnu set size:undefined disposed:false
407 http fetch GET 200 https://registry.npmjs.org/@rolldown%2fbinding-win32-arm64-msvc 150ms (cache miss)
408 silly packumentCache full:https://registry.npmjs.org/@rolldown%2fbinding-win32-arm64-msvc set size:undefined disposed:false
409 http fetch GET 200 https://registry.npmjs.org/@rolldown%2fbinding-linux-x64-musl 198ms (cache miss)
410 silly packumentCache full:https://registry.npmjs.org/@rolldown%2fbinding-linux-x64-musl set size:undefined disposed:false
411 http fetch GET 200 https://registry.npmjs.org/@rolldown%2fbinding-linux-arm-gnueabihf 121ms (cache miss)
412 silly packumentCache full:https://registry.npmjs.org/@rolldown%2fbinding-linux-arm-gnueabihf set size:undefined disposed:false
413 silly placeDep ROOT lightningcss-android-arm64@1.33.0 OK for: lightningcss@1.33.0 want: 1.33.0
414 silly placeDep ROOT lightningcss-darwin-arm64@1.33.0 OK for: lightningcss@1.33.0 want: 1.33.0
415 silly placeDep ROOT lightningcss-darwin-x64@1.33.0 OK for: lightningcss@1.33.0 want: 1.33.0
416 silly placeDep ROOT lightningcss-freebsd-x64@1.33.0 OK for: lightningcss@1.33.0 want: 1.33.0
417 silly placeDep ROOT lightningcss-linux-arm-gnueabihf@1.33.0 OK for: lightningcss@1.33.0 want: 1.33.0
418 silly placeDep ROOT lightningcss-linux-arm64-gnu@1.33.0 OK for: lightningcss@1.33.0 want: 1.33.0
419 silly placeDep ROOT lightningcss-linux-arm64-musl@1.33.0 OK for: lightningcss@1.33.0 want: 1.33.0
420 silly placeDep ROOT lightningcss-linux-x64-gnu@1.33.0 OK for: lightningcss@1.33.0 want: 1.33.0
421 silly placeDep ROOT lightningcss-linux-x64-musl@1.33.0 OK for: lightningcss@1.33.0 want: 1.33.0
422 silly placeDep ROOT lightningcss-win32-arm64-msvc@1.33.0 OK for: lightningcss@1.33.0 want: 1.33.0
423 silly placeDep ROOT lightningcss-win32-x64-msvc@1.33.0 OK for: lightningcss@1.33.0 want: 1.33.0
424 silly placeDep ROOT @oxc-project/types@0.144.0 OK for: rolldown@1.2.4 want: =0.144.0
425 silly placeDep ROOT @rolldown/binding-android-arm64@1.2.4 OK for: rolldown@1.2.4 want: 1.2.4
426 silly placeDep ROOT @rolldown/binding-darwin-arm64@1.2.4 OK for: rolldown@1.2.4 want: 1.2.4
427 silly placeDep ROOT @rolldown/binding-darwin-x64@1.2.4 OK for: rolldown@1.2.4 want: 1.2.4
428 silly placeDep ROOT @rolldown/binding-freebsd-x64@1.2.4 OK for: rolldown@1.2.4 want: 1.2.4
429 silly placeDep ROOT @rolldown/binding-linux-arm-gnueabihf@1.2.4 OK for: rolldown@1.2.4 want: 1.2.4
430 silly placeDep ROOT @rolldown/binding-linux-arm64-gnu@1.2.4 OK for: rolldown@1.2.4 want: 1.2.4
431 silly placeDep ROOT @rolldown/binding-linux-arm64-musl@1.2.4 OK for: rolldown@1.2.4 want: 1.2.4
432 silly placeDep ROOT @rolldown/binding-linux-ppc64-gnu@1.2.4 OK for: rolldown@1.2.4 want: 1.2.4
433 silly placeDep ROOT @rolldown/binding-linux-s390x-gnu@1.2.4 OK for: rolldown@1.2.4 want: 1.2.4
434 silly placeDep ROOT @rolldown/binding-linux-x64-gnu@1.2.4 OK for: rolldown@1.2.4 want: 1.2.4
435 silly placeDep ROOT @rolldown/binding-linux-x64-musl@1.2.4 OK for: rolldown@1.2.4 want: 1.2.4
436 silly placeDep ROOT @rolldown/binding-openharmony-arm64@1.2.4 OK for: rolldown@1.2.4 want: 1.2.4
437 silly placeDep ROOT @rolldown/binding-win32-arm64-msvc@1.2.4 OK for: rolldown@1.2.4 want: 1.2.4
438 silly placeDep ROOT @rolldown/binding-win32-x64-msvc@1.2.4 OK for: rolldown@1.2.4 want: 1.2.4
439 silly placeDep ROOT @rolldown/pluginutils@1.0.1 OK for: rolldown@1.2.4 want: ^1.0.0
440 silly reify mark retired [
440 silly reify   'C:\\Users\\Administrator\\Desktop\\새 폴더 (2)\\project\\algostudy\\node_modules\\@esbuild\\win32-x64'
440 silly reify ]
441 silly reify mark retired [
441 silly reify   'C:\\Users\\Administrator\\Desktop\\새 폴더 (2)\\project\\algostudy\\node_modules\\@rollup\\rollup-win32-x64-gnu'
441 silly reify ]
442 silly reify mark retired [
442 silly reify   'C:\\Users\\Administrator\\Desktop\\새 폴더 (2)\\project\\algostudy\\node_modules\\@rollup\\rollup-win32-x64-msvc'
442 silly reify ]
443 silly reify mark retired [
443 silly reify   'C:\\Users\\Administrator\\Desktop\\새 폴더 (2)\\project\\algostudy\\node_modules\\@vitest\\expect'
443 silly reify ]
444 silly reify mark retired [
444 silly reify   'C:\\Users\\Administrator\\Desktop\\새 폴더 (2)\\project\\algostudy\\node_modules\\@vitest\\mocker'
444 silly reify ]
445 silly reify mark retired [
445 silly reify   'C:\\Users\\Administrator\\Desktop\\새 폴더 (2)\\project\\algostudy\\node_modules\\@vitest\\pretty-format'
445 silly reify ]
446 silly reify mark retired [
446 silly reify   'C:\\Users\\Administrator\\Desktop\\새 폴더 (2)\\project\\algostudy\\node_modules\\@vitest\\runner'
446 silly reify ]
447 silly reify mark retired [
447 silly reify   'C:\\Users\\Administrator\\Desktop\\새 폴더 (2)\\project\\algostudy\\node_modules\\@vitest\\snapshot'
447 silly reify ]
448 silly reify mark retired [
448 silly reify   'C:\\Users\\Administrator\\Desktop\\새 폴더 (2)\\project\\algostudy\\node_modules\\@vitest\\spy'
448 silly reify ]
449 silly reify mark retired [
449 silly reify   'C:\\Users\\Administrator\\Desktop\\새 폴더 (2)\\project\\algostudy\\node_modules\\@vitest\\utils'
449 silly reify ]
450 silly reify mark retired [
450 silly reify   'C:\\Users\\Administrator\\Desktop\\새 폴더 (2)\\project\\algostudy\\node_modules\\cac'
450 silly reify ]
451 silly reify mark retired [
451 silly reify   'C:\\Users\\Administrator\\Desktop\\새 폴더 (2)\\project\\algostudy\\node_modules\\chai'
451 silly reify ]
452 silly reify mark retired [
452 silly reify   'C:\\Users\\Administrator\\Desktop\\새 폴더 (2)\\project\\algostudy\\node_modules\\check-error'
452 silly reify ]
453 silly reify mark retired [
453 silly reify   'C:\\Users\\Administrator\\Desktop\\새 폴더 (2)\\project\\algostudy\\node_modules\\deep-eql'
453 silly reify ]
454 silly reify mark retired [
454 silly reify   'C:\\Users\\Administrator\\Desktop\\새 폴더 (2)\\project\\algostudy\\node_modules\\dompurify'
454 silly reify ]
455 silly reify mark retired [
455 silly reify   'C:\\Users\\Administrator\\Desktop\\새 폴더 (2)\\project\\algostudy\\node_modules\\es-module-lexer'
455 silly reify ]
456 silly reify mark retired [
456 silly reify   'C:\\Users\\Administrator\\Desktop\\새 폴더 (2)\\project\\algostudy\\node_modules\\esbuild',
456 silly reify   'C:\\Users\\Administrator\\Desktop\\새 폴더 (2)\\project\\algostudy\\node_modules\\.bin\\esbuild',
456 silly reify   'C:\\Users\\Administrator\\Desktop\\새 폴더 (2)\\project\\algostudy\\node_modules\\.bin\\esbuild.cmd',
456 silly reify   'C:\\Users\\Administrator\\Desktop\\새 폴더 (2)\\project\\algostudy\\node_modules\\.bin\\esbuild.ps1'
456 silly reify ]
457 silly reify mark retired [
457 silly reify   'C:\\Users\\Administrator\\Desktop\\새 폴더 (2)\\project\\algostudy\\node_modules\\loupe'
457 silly reify ]
458 silly reify mark retired [
458 silly reify   'C:\\Users\\Administrator\\Desktop\\새 폴더 (2)\\project\\algostudy\\node_modules\\pathe'
458 silly reify ]
459 silly reify mark retired [
459 silly reify   'C:\\Users\\Administrator\\Desktop\\새 폴더 (2)\\project\\algostudy\\node_modules\\pathval'
459 silly reify ]
460 silly reify mark retired [
460 silly reify   'C:\\Users\\Administrator\\Desktop\\새 폴더 (2)\\project\\algostudy\\node_modules\\rollup',
460 silly reify   'C:\\Users\\Administrator\\Desktop\\새 폴더 (2)\\project\\algostudy\\node_modules\\.bin\\rollup',
460 silly reify   'C:\\Users\\Administrator\\Desktop\\새 폴더 (2)\\project\\algostudy\\node_modules\\.bin\\rollup.cmd',
460 silly reify   'C:\\Users\\Administrator\\Desktop\\새 폴더 (2)\\project\\algostudy\\node_modules\\.bin\\rollup.ps1'
460 silly reify ]
461 silly reify mark retired [
461 silly reify   'C:\\Users\\Administrator\\Desktop\\새 폴더 (2)\\project\\algostudy\\node_modules\\std-env'
461 silly reify ]
462 silly reify mark retired [
462 silly reify   'C:\\Users\\Administrator\\Desktop\\새 폴더 (2)\\project\\algostudy\\node_modules\\tinyexec'
462 silly reify ]
463 silly reify mark retired [
463 silly reify   'C:\\Users\\Administrator\\Desktop\\새 폴더 (2)\\project\\algostudy\\node_modules\\tinypool'
463 silly reify ]
464 silly reify mark retired [
464 silly reify   'C:\\Users\\Administrator\\Desktop\\새 폴더 (2)\\project\\algostudy\\node_modules\\tinyrainbow'
464 silly reify ]
465 silly reify mark retired [
465 silly reify   'C:\\Users\\Administrator\\Desktop\\새 폴더 (2)\\project\\algostudy\\node_modules\\tinyspy'
465 silly reify ]
466 silly reify mark retired [
466 silly reify   'C:\\Users\\Administrator\\Desktop\\새 폴더 (2)\\project\\algostudy\\node_modules\\vite',
466 silly reify   'C:\\Users\\Administrator\\Desktop\\새 폴더 (2)\\project\\algostudy\\node_modules\\.bin\\vite',
466 silly reify   'C:\\Users\\Administrator\\Desktop\\새 폴더 (2)\\project\\algostudy\\node_modules\\.bin\\vite.cmd',
466 silly reify   'C:\\Users\\Administrator\\Desktop\\새 폴더 (2)\\project\\algostudy\\node_modules\\.bin\\vite.ps1'
466 silly reify ]
467 silly reify mark retired [
467 silly reify   'C:\\Users\\Administrator\\Desktop\\새 폴더 (2)\\project\\algostudy\\node_modules\\vite-node',
467 silly reify   'C:\\Users\\Administrator\\Desktop\\새 폴더 (2)\\project\\algostudy\\node_modules\\.bin\\vite-node',
467 silly reify   'C:\\Users\\Administrator\\Desktop\\새 폴더 (2)\\project\\algostudy\\node_modules\\.bin\\vite-node.cmd',
467 silly reify   'C:\\Users\\Administrator\\Desktop\\새 폴더 (2)\\project\\algostudy\\node_modules\\.bin\\vite-node.ps1'
467 silly reify ]
468 silly reify mark retired [
468 silly reify   'C:\\Users\\Administrator\\Desktop\\새 폴더 (2)\\project\\algostudy\\node_modules\\vitest',
468 silly reify   'C:\\Users\\Administrator\\Desktop\\새 폴더 (2)\\project\\algostudy\\node_modules\\.bin\\vitest',
468 silly reify   'C:\\Users\\Administrator\\Desktop\\새 폴더 (2)\\project\\algostudy\\node_modules\\.bin\\vitest.cmd',
468 silly reify   'C:\\Users\\Administrator\\Desktop\\새 폴더 (2)\\project\\algostudy\\node_modules\\.bin\\vitest.ps1'
468 silly reify ]
469 silly reify moves {
469 silly reify   'C:\\Users\\Administrator\\Desktop\\새 폴더 (2)\\project\\algostudy\\node_modules\\@esbuild\\win32-x64': 'C:\\Users\\Administrator\\Desktop\\새 폴더 (2)\\project\\algostudy\\node_modules\\@esbuild\\.win32-x64-E1N3VLDf',
469 silly reify   'C:\\Users\\Administrator\\Desktop\\새 폴더 (2)\\project\\algostudy\\node_modules\\@rollup\\rollup-win32-x64-gnu': 'C:\\Users\\Administrator\\Desktop\\새 폴더 (2)\\project\\algostudy\\node_modules\\@rollup\\.rollup-win32-x64-gnu-HMj59i0U',
469 silly reify   'C:\\Users\\Administrator\\Desktop\\새 폴더 (2)\\project\\algostudy\\node_modules\\@rollup\\rollup-win32-x64-msvc': 'C:\\Users\\Administrator\\Desktop\\새 폴더 (2)\\project\\algostudy\\node_modules\\@rollup\\.rollup-win32-x64-msvc-xwJuU51M',
469 silly reify   'C:\\Users\\Administrator\\Desktop\\새 폴더 (2)\\project\\algostudy\\node_modules\\@vitest\\expect': 'C:\\Users\\Administrator\\Desktop\\새 폴더 (2)\\project\\algostudy\\node_modules\\@vitest\\.expect-xZd4Wspf',
469 silly reify   'C:\\Users\\Administrator\\Desktop\\새 폴더 (2)\\project\\algostudy\\node_modules\\@vitest\\mocker': 'C:\\Users\\Administrator\\Desktop\\새 폴더 (2)\\project\\algostudy\\node_modules\\@vitest\\.mocker-E08K32jq',
469 silly reify   'C:\\Users\\Administrator\\Desktop\\새 폴더 (2)\\project\\algostudy\\node_modules\\@vitest\\pretty-format': 'C:\\Users\\Administrator\\Desktop\\새 폴더 (2)\\project\\algostudy\\node_modules\\@vitest\\.pretty-format-VGrU9uhj',
469 silly reify   'C:\\Users\\Administrator\\Desktop\\새 폴더 (2)\\project\\algostudy\\node_modules\\@vitest\\runner': 'C:\\Users\\Administrator\\Desktop\\새 폴더 (2)\\project\\algostudy\\node_modules\\@vitest\\.runner-rrAB6TbW',
469 silly reify   'C:\\Users\\Administrator\\Desktop\\새 폴더 (2)\\project\\algostudy\\node_modules\\@vitest\\snapshot': 'C:\\Users\\Administrator\\Desktop\\새 폴더 (2)\\project\\algostudy\\node_modules\\@vitest\\.snapshot-vRcEA3cN',
469 silly reify   'C:\\Users\\Administrator\\Desktop\\새 폴더 (2)\\project\\algostudy\\node_modules\\@vitest\\spy': 'C:\\Users\\Administrator\\Desktop\\새 폴더 (2)\\project\\algostudy\\node_modules\\@vitest\\.spy-hqkhL09B',
469 silly reify   'C:\\Users\\Administrator\\Desktop\\새 폴더 (2)\\project\\algostudy\\node_modules\\@vitest\\utils': 'C:\\Users\\Administrator\\Desktop\\새 폴더 (2)\\project\\algostudy\\node_modules\\@vitest\\.utils-i0tvfAPP',
469 silly reify   'C:\\Users\\Administrator\\Desktop\\새 폴더 (2)\\project\\algostudy\\node_modules\\cac': 'C:\\Users\\Administrator\\Desktop\\새 폴더 (2)\\project\\algostudy\\node_modules\\.cac-wYyt6rGm',
469 silly reify   'C:\\Users\\Administrator\\Desktop\\새 폴더 (2)\\project\\algostudy\\node_modules\\chai': 'C:\\Users\\Administrator\\Desktop\\새 폴더 (2)\\project\\algostudy\\node_modules\\.chai-QhNehHDK',
469 silly reify   'C:\\Users\\Administrator\\Desktop\\새 폴더 (2)\\project\\algostudy\\node_modules\\check-error': 'C:\\Users\\Administrator\\Desktop\\새 폴더 (2)\\project\\algostudy\\node_modules\\.check-error-86u0Ii4x',
469 silly reify   'C:\\Users\\Administrator\\Desktop\\새 폴더 (2)\\project\\algostudy\\node_modules\\deep-eql': 'C:\\Users\\Administrator\\Desktop\\새 폴더 (2)\\project\\algostudy\\node_modules\\.deep-eql-KSJFOxtS',
469 silly reify   'C:\\Users\\Administrator\\Desktop\\새 폴더 (2)\\project\\algostudy\\node_modules\\dompurify': 'C:\\Users\\Administrator\\Desktop\\새 폴더 (2)\\project\\algostudy\\node_modules\\.dompurify-47W9JMYW',
469 silly reify   'C:\\Users\\Administrator\\Desktop\\새 폴더 (2)\\project\\algostudy\\node_modules\\es-module-lexer': 'C:\\Users\\Administrator\\Desktop\\새 폴더 (2)\\project\\algostudy\\node_modules\\.es-module-lexer-nWesp5Ao',
469 silly reify   'C:\\Users\\Administrator\\Desktop\\새 폴더 (2)\\project\\algostudy\\node_modules\\esbuild': 'C:\\Users\\Administrator\\Desktop\\새 폴더 (2)\\project\\algostudy\\node_modules\\.esbuild-WRn0Qzt2',
469 silly reify   'C:\\Users\\Administrator\\Desktop\\새 폴더 (2)\\project\\algostudy\\node_modules\\.bin\\esbuild': 'C:\\Users\\Administrator\\Desktop\\새 폴더 (2)\\project\\algostudy\\node_modules\\.bin\\.esbuild-P3tP5YID',
469 silly reify   'C:\\Users\\Administrator\\Desktop\\새 폴더 (2)\\project\\algostudy\\node_modules\\.bin\\esbuild.cmd': 'C:\\Users\\Administrator\\Desktop\\새 폴더 (2)\\project\\algostudy\\node_modules\\.bin\\.esbuild.cmd-5QmrxiVN',
469 silly reify   'C:\\Users\\Administrator\\Desktop\\새 폴더 (2)\\project\\algostudy\\node_modules\\.bin\\esbuild.ps1': 'C:\\Users\\Administrator\\Desktop\\새 폴더 (2)\\project\\algostudy\\node_modules\\.bin\\.esbuild.ps1-3awPpMpQ',
469 silly reify   'C:\\Users\\Administrator\\Desktop\\새 폴더 (2)\\project\\algostudy\\node_modules\\loupe': 'C:\\Users\\Administrator\\Desktop\\새 폴더 (2)\\project\\algostudy\\node_modules\\.loupe-lphz6MnI',
469 silly reify   'C:\\Users\\Administrator\\Desktop\\새 폴더 (2)\\project\\algostudy\\node_modules\\pathe': 'C:\\Users\\Administrator\\Desktop\\새 폴더 (2)\\project\\algostudy\\node_modules\\.pathe-fP9v95kd',
469 silly reify   'C:\\Users\\Administrator\\Desktop\\새 폴더 (2)\\project\\algostudy\\node_modules\\pathval': 'C:\\Users\\Administrator\\Desktop\\새 폴더 (2)\\project\\algostudy\\node_modules\\.pathval-aucPmz3c',
469 silly reify   'C:\\Users\\Administrator\\Desktop\\새 폴더 (2)\\project\\algostudy\\node_modules\\rollup': 'C:\\Users\\Administrator\\Desktop\\새 폴더 (2)\\project\\algostudy\\node_modules\\.rollup-Uv5s2xVA',
469 silly reify   'C:\\Users\\Administrator\\Desktop\\새 폴더 (2)\\project\\algostudy\\node_modules\\.bin\\rollup': 'C:\\Users\\Administrator\\Desktop\\새 폴더 (2)\\project\\algostudy\\node_modules\\.bin\\.rollup-xh0zEd6o',
469 silly reify   'C:\\Users\\Administrator\\Desktop\\새 폴더 (2)\\project\\algostudy\\node_modules\\.bin\\rollup.cmd': 'C:\\Users\\Administrator\\Desktop\\새 폴더 (2)\\project\\algostudy\\node_modules\\.bin\\.rollup.cmd-3KncLttv',
469 silly reify   'C:\\Users\\Administrator\\Desktop\\새 폴더 (2)\\project\\algostudy\\node_modules\\.bin\\rollup.ps1': 'C:\\Users\\Administrator\\Desktop\\새 폴더 (2)\\project\\algostudy\\node_modules\\.bin\\.rollup.ps1-zkQ9qHmO',
469 silly reify   'C:\\Users\\Administrator\\Desktop\\새 폴더 (2)\\project\\algostudy\\node_modules\\std-env': 'C:\\Users\\Administrator\\Desktop\\새 폴더 (2)\\project\\algostudy\\node_modules\\.std-env-5JJBRW7D',
469 silly reify   'C:\\Users\\Administrator\\Desktop\\새 폴더 (2)\\project\\algostudy\\node_modules\\tinyexec': 'C:\\Users\\Administrator\\Desktop\\새 폴더 (2)\\project\\algostudy\\node_modules\\.tinyexec-CjhWAeHC',
469 silly reify   'C:\\Users\\Administrator\\Desktop\\새 폴더 (2)\\project\\algostudy\\node_modules\\tinypool': 'C:\\Users\\Administrator\\Desktop\\새 폴더 (2)\\project\\algostudy\\node_modules\\.tinypool-ZfqXf8ok',
469 silly reify   'C:\\Users\\Administrator\\Desktop\\새 폴더 (2)\\project\\algostudy\\node_modules\\tinyrainbow': 'C:\\Users\\Administrator\\Desktop\\새 폴더 (2)\\project\\algostudy\\node_modules\\.tinyrainbow-8eeQJxiQ',
469 silly reify   'C:\\Users\\Administrator\\Desktop\\새 폴더 (2)\\project\\algostudy\\node_modules\\tinyspy': 'C:\\Users\\Administrator\\Desktop\\새 폴더 (2)\\project\\algostudy\\node_modules\\.tinyspy-6NWOrPfd',
469 silly reify   'C:\\Users\\Administrator\\Desktop\\새 폴더 (2)\\project\\algostudy\\node_modules\\vite': 'C:\\Users\\Administrator\\Desktop\\새 폴더 (2)\\project\\algostudy\\node_modules\\.vite-NSgdonod',
469 silly reify   'C:\\Users\\Administrator\\Desktop\\새 폴더 (2)\\project\\algostudy\\node_modules\\.bin\\vite': 'C:\\Users\\Administrator\\Desktop\\새 폴더 (2)\\project\\algostudy\\node_modules\\.bin\\.vite-w0G51UXk',
469 silly reify   'C:\\Users\\Administrator\\Desktop\\새 폴더 (2)\\project\\algostudy\\node_modules\\.bin\\vite.cmd': 'C:\\Users\\Administrator\\Desktop\\새 폴더 (2)\\project\\algostudy\\node_modules\\.bin\\.vite.cmd-v3WlZtWB',
469 silly reify   'C:\\Users\\Administrator\\Desktop\\새 폴더 (2)\\project\\algostudy\\node_modules\\.bin\\vite.ps1': 'C:\\Users\\Administrator\\Desktop\\새 폴더 (2)\\project\\algostudy\\node_modules\\.bin\\.vite.ps1-c80h8mey',
469 silly reify   'C:\\Users\\Administrator\\Desktop\\새 폴더 (2)\\project\\algostudy\\node_modules\\vite-node': 'C:\\Users\\Administrator\\Desktop\\새 폴더 (2)\\project\\algostudy\\node_modules\\.vite-node-id8sV092',
469 silly reify   'C:\\Users\\Administrator\\Desktop\\새 폴더 (2)\\project\\algostudy\\node_modules\\.bin\\vite-node': 'C:\\Users\\Administrator\\Desktop\\새 폴더 (2)\\project\\algostudy\\node_modules\\.bin\\.vite-node-VWXuXqFU',
469 silly reify   'C:\\Users\\Administrator\\Desktop\\새 폴더 (2)\\project\\algostudy\\node_modules\\.bin\\vite-node.cmd': 'C:\\Users\\Administrator\\Desktop\\새 폴더 (2)\\project\\algostudy\\node_modules\\.bin\\.vite-node.cmd-HKe9rlfT',
469 silly reify   'C:\\Users\\Administrator\\Desktop\\새 폴더 (2)\\project\\algostudy\\node_modules\\.bin\\vite-node.ps1': 'C:\\Users\\Administrator\\Desktop\\새 폴더 (2)\\project\\algostudy\\node_modules\\.bin\\.vite-node.ps1-AchvJaxW',
469 silly reify   'C:\\Users\\Administrator\\Desktop\\새 폴더 (2)\\project\\algostudy\\node_modules\\vitest': 'C:\\Users\\Administrator\\Desktop\\새 폴더 (2)\\project\\algostudy\\node_modules\\.vitest-mwZCQdXQ',
469 silly reify   'C:\\Users\\Administrator\\Desktop\\새 폴더 (2)\\project\\algostudy\\node_modules\\.bin\\vitest': 'C:\\Users\\Administrator\\Desktop\\새 폴더 (2)\\project\\algostudy\\node_modules\\.bin\\.vitest-vM4ePa9J',
469 silly reify   'C:\\Users\\Administrator\\Desktop\\새 폴더 (2)\\project\\algostudy\\node_modules\\.bin\\vitest.cmd': 'C:\\Users\\Administrator\\Desktop\\새 폴더 (2)\\project\\algostudy\\node_modules\\.bin\\.vitest.cmd-vDFgWdaO',
469 silly reify   'C:\\Users\\Administrator\\Desktop\\새 폴더 (2)\\project\\algostudy\\node_modules\\.bin\\vitest.ps1': 'C:\\Users\\Administrator\\Desktop\\새 폴더 (2)\\project\\algostudy\\node_modules\\.bin\\.vitest.ps1-r9T4YykL'
469 silly reify }
470 silly audit bulk request {
470 silly audit   '@adobe/css-tools': [ '4.5.0' ],
470 silly audit   '@asamuzakjp/css-color': [ '3.2.0' ],
470 silly audit   'lru-cache': [ '10.4.3', '5.1.1' ],
470 silly audit   '@babel/code-frame': [ '7.29.7' ],
470 silly audit   '@babel/compat-data': [ '7.29.7' ],
470 silly audit   '@babel/core': [ '7.29.7' ],
470 silly audit   '@babel/generator': [ '7.29.8' ],
470 silly audit   '@babel/helper-compilation-targets': [ '7.29.7' ],
470 silly audit   '@babel/helper-globals': [ '7.29.7' ],
470 silly audit   '@babel/helper-module-imports': [ '7.29.7' ],
470 silly audit   '@babel/helper-module-transforms': [ '7.29.7' ],
470 silly audit   '@babel/helper-string-parser': [ '7.29.7' ],
470 silly audit   '@babel/helper-validator-identifier': [ '7.29.7' ],
470 silly audit   '@babel/helper-validator-option': [ '7.29.7' ],
470 silly audit   '@babel/helpers': [ '7.29.7' ],
470 silly audit   '@babel/parser': [ '7.29.8' ],
470 silly audit   '@babel/runtime': [ '7.29.7' ],
470 silly audit   '@babel/template': [ '7.29.7' ],
470 silly audit   '@babel/traverse': [ '7.29.8' ],
470 silly audit   '@babel/types': [ '7.29.8' ],
470 silly audit   '@csstools/color-helpers': [ '5.1.0' ],
470 silly audit   '@csstools/css-calc': [ '2.1.4' ],
470 silly audit   '@csstools/css-color-parser': [ '3.1.0' ],
470 silly audit   '@csstools/css-parser-algorithms': [ '3.0.5' ],
470 silly audit   '@csstools/css-tokenizer': [ '3.0.4' ],
470 silly audit   '@emnapi/core': [ '1.10.0' ],
470 silly audit   '@emnapi/runtime': [ '1.11.3', '1.10.0' ],
470 silly audit   '@emnapi/wasi-threads': [ '1.2.1' ],
470 silly audit   '@eslint-community/eslint-utils': [ '4.10.1', '4.9.1' ],
470 silly audit   'eslint-visitor-keys': [ '3.4.3', '5.0.1', '4.2.1' ],
470 silly audit   '@eslint-community/regexpp': [ '4.12.2' ],
470 silly audit   '@eslint/config-array': [ '0.21.2' ],
470 silly audit   '@eslint/config-helpers': [ '0.4.2' ],
470 silly audit   '@eslint/core': [ '0.17.0' ],
470 silly audit   '@eslint/eslintrc': [ '3.3.6' ],
470 silly audit   '@eslint/js': [ '9.39.5' ],
470 silly audit   '@eslint/object-schema': [ '2.1.7' ],
470 silly audit   '@eslint/plugin-kit': [ '0.4.1' ],
470 silly audit   '@humanfs/core': [ '0.19.2' ],
470 silly audit   '@humanfs/node': [ '0.16.8' ],
470 silly audit   '@humanfs/types': [ '0.15.0' ],
470 silly audit   '@humanwhocodes/module-importer': [ '1.0.1' ],
470 silly audit   '@humanwhocodes/retry': [ '0.4.3' ],
470 silly audit   '@img/colour': [ '1.1.0' ],
470 silly audit   '@img/sharp-darwin-arm64': [ '0.35.3' ],
470 silly audit   '@img/sharp-darwin-x64': [ '0.35.3' ],
470 silly audit   '@img/sharp-freebsd-wasm32': [ '0.35.3' ],
470 silly audit   '@img/sharp-libvips-darwin-arm64': [ '1.3.2' ],
470 silly audit   '@img/sharp-libvips-darwin-x64': [ '1.3.2' ],
470 silly audit   '@img/sharp-libvips-linux-arm': [ '1.3.2' ],
470 silly audit   '@img/sharp-libvips-linux-arm64': [ '1.3.2' ],
470 silly audit   '@img/sharp-libvips-linux-ppc64': [ '1.3.2' ],
470 silly audit   '@img/sharp-libvips-linux-riscv64': [ '1.3.2' ],
470 silly audit   '@img/sharp-libvips-linux-s390x': [ '1.3.2' ],
470 silly audit   '@img/sharp-libvips-linux-x64': [ '1.3.2' ],
470 silly audit   '@img/sharp-libvips-linuxmusl-arm64': [ '1.3.2' ],
470 silly audit   '@img/sharp-libvips-linuxmusl-x64': [ '1.3.2' ],
470 silly audit   '@img/sharp-linux-arm': [ '0.35.3' ],
470 silly audit   '@img/sharp-linux-arm64': [ '0.35.3' ],
470 silly audit   '@img/sharp-linux-ppc64': [ '0.35.3' ],
470 silly audit   '@img/sharp-linux-riscv64': [ '0.35.3' ],
470 silly audit   '@img/sharp-linux-s390x': [ '0.35.3' ],
470 silly audit   '@img/sharp-linux-x64': [ '0.35.3' ],
470 silly audit   '@img/sharp-linuxmusl-arm64': [ '0.35.3' ],
470 silly audit   '@img/sharp-linuxmusl-x64': [ '0.35.3' ],
470 silly audit   '@img/sharp-wasm32': [ '0.35.3' ],
470 silly audit   '@img/sharp-webcontainers-wasm32': [ '0.35.3' ],
470 silly audit   '@img/sharp-win32-arm64': [ '0.35.3' ],
470 silly audit   '@img/sharp-win32-ia32': [ '0.35.3' ],
470 silly audit   '@img/sharp-win32-x64': [ '0.35.3' ],
470 silly audit   '@jridgewell/gen-mapping': [ '0.3.13' ],
470 silly audit   '@jridgewell/remapping': [ '2.3.5' ],
470 silly audit   '@jridgewell/resolve-uri': [ '3.1.2' ],
470 silly audit   '@jridgewell/sourcemap-codec': [ '1.5.5' ],
470 silly audit   '@jridgewell/trace-mapping': [ '0.3.31' ],
470 silly audit   '@monaco-editor/loader': [ '1.7.0' ],
470 silly audit   '@monaco-editor/react': [ '4.7.0' ],
470 silly audit   '@napi-rs/wasm-runtime': [ '1.2.3' ],
470 silly audit   '@next/env': [ '16.3.0' ],
470 silly audit   '@next/eslint-plugin-next': [ '16.3.0' ],
470 silly audit   '@next/swc-darwin-arm64': [ '16.3.0' ],
470 silly audit   '@next/swc-darwin-x64': [ '16.3.0' ],
470 silly audit   '@next/swc-linux-arm64-gnu': [ '16.3.0' ],
470 silly audit   '@next/swc-linux-arm64-musl': [ '16.3.0' ],
470 silly audit   '@next/swc-linux-x64-gnu': [ '16.3.0' ],
470 silly audit   '@next/swc-linux-x64-musl': [ '16.3.0' ],
470 silly audit   '@next/swc-win32-arm64-msvc': [ '16.3.0' ],
470 silly audit   '@next/swc-win32-x64-msvc': [ '16.3.0' ],
470 silly audit   '@nodelib/fs.scandir': [ '2.1.5' ],
470 silly audit   '@nodelib/fs.stat': [ '2.0.5' ],
470 silly audit   '@nodelib/fs.walk': [ '1.2.8' ],
470 silly audit   '@nolyfill/is-core-module': [ '1.0.39' ],
470 silly audit   '@rtsao/scc': [ '1.1.0' ],
470 silly audit   '@supabase/auth-js': [ '2.112.3' ],
470 silly audit   '@supabase/functions-js': [ '2.112.3' ],
470 silly audit   '@supabase/phoenix': [ '0.4.5' ],
470 silly audit   '@supabase/postgrest-js': [ '2.112.3' ],
470 silly audit   '@supabase/realtime-js': [ '2.112.3' ],
470 silly audit   '@supabase/storage-js': [ '2.112.3' ],
470 silly audit   '@supabase/supabase-js': [ '2.112.3' ],
470 silly audit   '@swc/helpers': [ '0.5.15' ],
470 silly audit   '@testing-library/dom': [ '10.4.1' ],
470 silly audit   '@testing-library/jest-dom': [ '6.9.1' ],
470 silly audit   'dom-accessibility-api': [ '0.6.3', '0.5.16' ],
470 silly audit   '@testing-library/react': [ '16.3.2' ],
470 silly audit   '@tybys/wasm-util': [ '0.10.3' ],
470 silly audit   '@types/aria-query': [ '5.0.4' ],
470 silly audit   '@types/estree': [ '1.0.9' ],
470 silly audit   '@types/json-schema': [ '7.0.15' ],
470 silly audit   '@types/json5': [ '0.0.29' ],
470 silly audit   '@types/node': [ '22.20.1' ],
470 silly audit   '@types/react': [ '19.2.18' ],
470 silly audit   '@types/react-dom': [ '19.2.4' ],
470 silly audit   '@types/trusted-types': [ '2.0.7' ],
470 silly audit   '@typescript-eslint/eslint-plugin': [ '8.67.0' ],
470 silly audit   ignore: [ '7.0.6', '5.3.2' ],
470 silly audit   '@typescript-eslint/parser': [ '8.67.0' ],
470 silly audit   '@typescript-eslint/project-service': [ '8.67.0' ],
470 silly audit   '@typescript-eslint/scope-manager': [ '8.67.0' ],
470 silly audit   '@typescript-eslint/tsconfig-utils': [ '8.67.0' ],
470 silly audit   '@typescript-eslint/type-utils': [ '8.67.0' ],
470 silly audit   '@typescript-eslint/types': [ '8.67.0' ],
470 silly audit   '@typescript-eslint/typescript-estree': [ '8.67.0' ],
470 silly audit   'balanced-match': [ '4.0.4', '1.0.2' ],
470 silly audit   'brace-expansion': [ '5.0.9', '1.1.18' ],
470 silly audit   minimatch: [ '10.2.6', '3.1.5' ],
470 silly audit   semver: [ '7.8.5', '6.3.1' ],
470 silly audit   '@typescript-eslint/utils': [ '8.67.0' ],
470 silly audit   '@typescript-eslint/visitor-keys': [ '8.67.0' ],
470 silly audit   '@unrs/resolver-binding-android-arm-eabi': [ '1.12.2' ],
470 silly audit   '@unrs/resolver-binding-android-arm64': [ '1.12.2' ],
470 silly audit   '@unrs/resolver-binding-darwin-arm64': [ '1.12.2' ],
470 silly audit   '@unrs/resolver-binding-darwin-x64': [ '1.12.2' ],
470 silly audit   '@unrs/resolver-binding-freebsd-x64': [ '1.12.2' ],
470 silly audit   '@unrs/resolver-binding-linux-arm-gnueabihf': [ '1.12.2' ],
470 silly audit   '@unrs/resolver-binding-linux-arm-musleabihf': [ '1.12.2' ],
470 silly audit   '@unrs/resolver-binding-linux-arm64-gnu': [ '1.12.2' ],
470 silly audit   '@unrs/resolver-binding-linux-arm64-musl': [ '1.12.2' ],
470 silly audit   '@unrs/resolver-binding-linux-loong64-gnu': [ '1.12.2' ],
470 silly audit   '@unrs/resolver-binding-linux-loong64-musl': [ '1.12.2' ],
470 silly audit   '@unrs/resolver-binding-linux-ppc64-gnu': [ '1.12.2' ],
470 silly audit   '@unrs/resolver-binding-linux-riscv64-gnu': [ '1.12.2' ],
470 silly audit   '@unrs/resolver-binding-linux-riscv64-musl': [ '1.12.2' ],
470 silly audit   '@unrs/resolver-binding-linux-s390x-gnu': [ '1.12.2' ],
470 silly audit   '@unrs/resolver-binding-linux-x64-gnu': [ '1.12.2' ],
470 silly audit   '@unrs/resolver-binding-linux-x64-musl': [ '1.12.2' ],
470 silly audit   '@unrs/resolver-binding-openharmony-arm64': [ '1.12.2' ],
470 silly audit   '@unrs/resolver-binding-wasm32-wasi': [ '1.12.2' ],
470 silly audit   '@unrs/resolver-binding-win32-arm64-msvc': [ '1.12.2' ],
470 silly audit   '@unrs/resolver-binding-win32-ia32-msvc': [ '1.12.2' ],
470 silly audit   '@unrs/resolver-binding-win32-x64-msvc': [ '1.12.2' ],
470 silly audit   acorn: [ '8.18.0' ],
470 silly audit   'acorn-jsx': [ '5.3.2' ],
470 silly audit   'agent-base': [ '7.1.4' ],
470 silly audit   ajv: [ '6.15.0' ],
470 silly audit   'ansi-regex': [ '5.0.1' ],
470 silly audit   'ansi-styles': [ '4.3.0', '5.2.0' ],
470 silly audit   argparse: [ '2.0.1' ],
470 silly audit   'aria-query': [ '5.3.0', '5.3.2' ],
470 silly audit   'array-buffer-byte-length': [ '1.0.2' ],
470 silly audit   'array-includes': [ '3.1.9' ],
470 silly audit   'array.prototype.findlast': [ '1.2.5' ],
470 silly audit   'array.prototype.findlastindex': [ '1.2.6' ],
470 silly audit   'array.prototype.flat': [ '1.3.3' ],
470 silly audit   'array.prototype.flatmap': [ '1.3.3' ],
470 silly audit   'array.prototype.tosorted': [ '1.1.4' ],
470 silly audit   'arraybuffer.prototype.slice': [ '1.0.4' ],
470 silly audit   'ast-types-flow': [ '0.0.8' ],
470 silly audit   'async-function': [ '1.0.0' ],
470 silly audit   asynckit: [ '0.4.0' ],
470 silly audit   'available-typed-arrays': [ '1.0.7' ],
470 silly audit   'axe-core': [ '4.13.0' ],
470 silly audit   'axobject-query': [ '4.1.0' ],
470 silly audit   'baseline-browser-mapping': [ '2.11.13' ],
470 silly audit   braces: [ '3.0.3' ],
470 silly audit   browserslist: [ '4.28.8' ],
470 silly audit   'call-bind': [ '1.0.9' ],
470 silly audit   'call-bind-apply-helpers': [ '1.0.2' ],
470 silly audit   'call-bound': [ '1.0.4' ],
470 silly audit   callsites: [ '3.1.0' ],
470 silly audit   'caniuse-lite': [ '1.0.30001809' ],
470 silly audit   chalk: [ '4.1.2' ],
470 silly audit   'client-only': [ '0.0.1' ],
470 silly audit   'color-convert': [ '2.0.1' ],
470 silly audit   'color-name': [ '1.1.4' ],
470 silly audit   'combined-stream': [ '1.0.8' ],
470 silly audit   'concat-map': [ '0.0.1' ],
470 silly audit   'convert-source-map': [ '2.0.0' ],
470 silly audit   'cross-spawn': [ '7.0.6' ],
470 silly audit   'css.escape': [ '1.5.1' ],
470 silly audit   cssstyle: [ '4.6.0' ],
470 silly audit   'rrweb-cssom': [ '0.8.0', '0.7.1' ],
470 silly audit   csstype: [ '3.2.3' ],
470 silly audit   'damerau-levenshtein': [ '1.0.8' ],
470 silly audit   'data-urls': [ '5.0.0' ],
470 silly audit   'data-view-buffer': [ '1.0.2' ],
470 silly audit   'data-view-byte-length': [ '1.0.2' ],
470 silly audit   'data-view-byte-offset': [ '1.0.1' ],
470 silly audit   'date-fns': [ '4.4.0' ],
470 silly audit   debug: [ '4.4.3', '3.2.7' ],
470 silly audit   'decimal.js': [ '10.6.0' ],
470 silly audit   'deep-is': [ '0.1.4' ],
470 silly audit   'define-data-property': [ '1.1.4' ],
470 silly audit   'define-properties': [ '1.2.1' ],
470 silly audit   'delayed-stream': [ '1.0.0' ],
470 silly audit   dequal: [ '2.0.3' ],
470 silly audit   'detect-libc': [ '2.1.2' ],
470 silly audit   doctrine: [ '2.1.0' ],
470 silly audit   'dunder-proto': [ '1.0.1' ],
470 silly audit   'electron-to-chromium': [ '1.5.405' ],
470 silly audit   'emoji-regex': [ '9.2.2' ],
470 silly audit   entities: [ '6.0.1' ],
470 silly audit   'es-abstract': [ '1.24.2' ],
470 silly audit   'es-abstract-get': [ '1.0.0' ],
470 silly audit   'es-define-property': [ '1.0.1' ],
470 silly audit   'es-errors': [ '1.3.0' ],
470 silly audit   'es-iterator-helpers': [ '1.4.0' ],
470 silly audit   'es-object-atoms': [ '1.1.2' ],
470 silly audit   'es-set-tostringtag': [ '2.1.0' ],
470 silly audit   'es-shim-unscopables': [ '1.1.0' ],
470 silly audit   'es-to-primitive': [ '1.3.4' ],
470 silly audit   escalade: [ '3.2.0' ],
470 silly audit   'escape-string-regexp': [ '4.0.0' ],
470 silly audit   eslint: [ '9.39.5' ],
470 silly audit   'eslint-config-next': [ '16.3.0' ],
470 silly audit   globals: [ '16.4.0', '14.0.0' ],
470 silly audit   'eslint-import-resolver-node': [ '0.3.10' ],
470 silly audit   'eslint-import-resolver-typescript': [ '3.10.1' ],
470 silly audit   'eslint-module-utils': [ '2.14.0' ],
470 silly audit   'eslint-plugin-import': [ '2.32.0' ],
470 silly audit   'eslint-plugin-jsx-a11y': [ '6.10.2' ],
470 silly audit   'eslint-plugin-react': [ '7.37.5' ],
470 silly audit   'eslint-plugin-react-hooks': [ '7.1.1' ],
470 silly audit   'eslint-scope': [ '8.4.0' ],
470 silly audit   espree: [ '10.4.0' ],
470 silly audit   esquery: [ '1.7.0' ],
470 silly audit   esrecurse: [ '4.3.0' ],
470 silly audit   estraverse: [ '5.3.0' ],
470 silly audit   esutils: [ '2.0.3' ],
470 silly audit   'expect-type': [ '1.4.0' ],
470 silly audit   'fast-deep-equal': [ '3.1.3' ],
470 silly audit   'fast-glob': [ '3.3.1' ],
470 silly audit   'glob-parent': [ '5.1.2', '6.0.2' ],
470 silly audit   'fast-json-stable-stringify': [ '2.1.0' ],
470 silly audit   'fast-levenshtein': [ '2.0.6' ],
470 silly audit   fastq: [ '1.20.1' ],
470 silly audit   'file-entry-cache': [ '8.0.0' ],
470 silly audit   'fill-range': [ '7.1.1' ],
470 silly audit   'find-up': [ '5.0.0' ],
470 silly audit   'flat-cache': [ '4.0.1' ],
470 silly audit   flatted: [ '3.4.4' ],
470 silly audit   'for-each': [ '0.3.5' ],
470 silly audit   'form-data': [ '4.0.6' ],
470 silly audit   'function-bind': [ '1.1.2' ],
470 silly audit   'function.prototype.name': [ '1.2.0' ],
470 silly audit   'functions-have-names': [ '1.2.3' ],
470 silly audit   'generator-function': [ '2.0.1' ],
470 silly audit   gensync: [ '1.0.0-beta.2' ],
470 silly audit   'get-intrinsic': [ '1.3.0' ],
470 silly audit   'get-proto': [ '1.0.1' ],
470 silly audit   'get-symbol-description': [ '1.1.0' ],
470 silly audit   'get-tsconfig': [ '4.14.1' ],
470 silly audit   globalthis: [ '1.0.4' ],
470 silly audit   gopd: [ '1.2.0' ],
470 silly audit   'has-bigints': [ '1.1.0' ],
470 silly audit   'has-flag': [ '4.0.0' ],
470 silly audit   'has-property-descriptors': [ '1.0.2' ],
470 silly audit   'has-proto': [ '1.2.0' ],
470 silly audit   'has-symbols': [ '1.1.0' ],
470 silly audit   'has-tostringtag': [ '1.0.2' ],
470 silly audit   hasown: [ '2.0.4' ],
470 silly audit   'hermes-estree': [ '0.25.1' ],
470 silly audit   'hermes-parser': [ '0.25.1' ],
470 silly audit   'html-encoding-sniffer': [ '4.0.0' ],
470 silly audit   'http-proxy-agent': [ '7.0.2' ],
470 silly audit   'https-proxy-agent': [ '7.0.6' ],
470 silly audit   'iceberg-js': [ '0.8.1' ],
470 silly audit   'iconv-lite': [ '0.6.3' ],
470 silly audit   'import-fresh': [ '3.3.1' ],
470 silly audit   imurmurhash: [ '0.1.4' ],
470 silly audit   'indent-string': [ '4.0.0' ],
470 silly audit   'internal-slot': [ '1.1.0' ],
470 silly audit   'is-array-buffer': [ '3.0.5' ],
470 silly audit   'is-async-function': [ '2.1.1' ],
470 silly audit   'is-bigint': [ '1.1.0' ],
470 silly audit   'is-boolean-object': [ '1.2.2' ],
470 silly audit   'is-bun-module': [ '2.0.0' ],
470 silly audit   'is-callable': [ '1.2.7' ],
470 silly audit   'is-core-module': [ '2.16.2' ],
470 silly audit   'is-data-view': [ '1.0.2' ],
470 silly audit   'is-date-object': [ '1.1.0' ],
470 silly audit   'is-document.all': [ '1.0.0' ],
470 silly audit   'is-extglob': [ '2.1.1' ],
470 silly audit   'is-finalizationregistry': [ '1.1.1' ],
470 silly audit   'is-generator-function': [ '1.1.2' ],
470 silly audit   'is-glob': [ '4.0.3' ],
470 silly audit   'is-map': [ '2.0.3' ],
470 silly audit   'is-negative-zero': [ '2.0.3' ],
470 silly audit   'is-number': [ '7.0.0' ],
470 silly audit   'is-number-object': [ '1.1.1' ],
470 silly audit   'is-potential-custom-element-name': [ '1.0.1' ],
470 silly audit   'is-regex': [ '1.2.1' ],
470 silly audit   'is-set': [ '2.0.3' ],
470 silly audit   'is-shared-array-buffer': [ '1.0.4' ],
470 silly audit   'is-string': [ '1.1.1' ],
470 silly audit   'is-symbol': [ '1.1.1' ],
470 silly audit   'is-typed-array': [ '1.1.15' ],
470 silly audit   'is-weakmap': [ '2.0.2' ],
470 silly audit   'is-weakref': [ '1.1.1' ],
470 silly audit   'is-weakset': [ '2.0.4' ],
470 silly audit   isarray: [ '2.0.5' ],
470 silly audit   isexe: [ '2.0.0' ],
470 silly audit   'iterator.prototype': [ '1.1.5' ],
470 silly audit   'js-tokens': [ '4.0.0' ],
470 silly audit   'js-yaml': [ '4.3.1' ],
470 silly audit   jsdom: [ '25.0.1' ],
470 silly audit   jsesc: [ '3.1.0' ],
470 silly audit   'json-buffer': [ '3.0.1' ],
470 silly audit   'json-schema-traverse': [ '0.4.1' ],
470 silly audit   'json-stable-stringify-without-jsonify': [ '1.0.1' ],
470 silly audit   json5: [ '2.2.3', '1.0.2' ],
470 silly audit   'jsx-ast-utils': [ '3.3.5' ],
470 silly audit   keyv: [ '4.5.4' ],
470 silly audit   'language-subtag-registry': [ '0.3.23' ],
470 silly audit   'language-tags': [ '1.0.9' ],
470 silly audit   levn: [ '0.4.1' ],
470 silly audit   'locate-path': [ '6.0.0' ],
470 silly audit   'lodash.merge': [ '4.6.2' ],
470 silly audit   'loose-envify': [ '1.4.0' ],
470 silly audit   'lucide-react': [ '0.468.0' ],
470 silly audit   'lz-string': [ '1.5.0' ],
470 silly audit   marked: [ '14.0.0' ],
470 silly audit   'math-intrinsics': [ '1.1.0' ],
470 silly audit   merge2: [ '1.4.1' ],
470 silly audit   micromatch: [ '4.0.8' ],
470 silly audit   'mime-db': [ '1.52.0' ],
470 silly audit   'mime-types': [ '2.1.35' ],
470 silly audit   'min-indent': [ '1.0.1' ],
470 silly audit   minimist: [ '1.2.8' ],
470 silly audit   'monaco-editor': [ '0.56.0' ],
470 silly audit   ms: [ '2.1.3' ],
470 silly audit   nanoid: [ '3.3.18' ],
470 silly audit   'napi-postinstall': [ '0.3.4' ],
470 silly audit   'natural-compare': [ '1.4.0' ],
470 silly audit   next: [ '16.3.0' ],
470 silly audit   'node-exports-info': [ '1.6.2' ],
470 silly audit   'node-releases': [ '2.0.53' ],
470 silly audit   nwsapi: [ '2.2.24' ],
470 silly audit   'object-assign': [ '4.1.1' ],
470 silly audit   'object-inspect': [ '1.13.4' ],
470 silly audit   'object-keys': [ '1.1.1' ],
470 silly audit   'object.assign': [ '4.1.7' ],
470 silly audit   'object.entries': [ '1.1.9' ],
470 silly audit   'object.fromentries': [ '2.0.8' ],
470 silly audit   'object.groupby': [ '1.0.3' ],
470 silly audit   'object.values': [ '1.2.1' ],
470 silly audit   optionator: [ '0.9.4' ],
470 silly audit   'own-keys': [ '1.0.2' ],
470 silly audit   'p-limit': [ '3.1.0' ],
470 silly audit   'p-locate': [ '5.0.0' ],
470 silly audit   'parent-module': [ '1.0.1' ],
470 silly audit   parse5: [ '7.3.0' ],
470 silly audit   'path-exists': [ '4.0.0' ],
470 silly audit   'path-key': [ '3.1.1' ],
470 silly audit   'path-parse': [ '1.0.7' ],
470 silly audit   picocolors: [ '1.1.1' ],
470 silly audit   picomatch: [ '2.3.2', '4.0.5' ],
470 silly audit   'possible-typed-array-names': [ '1.1.0' ],
470 silly audit   postcss: [ '8.5.23', '8.5.26' ],
470 silly audit   'prelude-ls': [ '1.2.1' ],
470 silly audit   'pretty-format': [ '27.5.1' ],
470 silly audit   'prop-types': [ '15.8.1' ],
470 silly audit   'react-is': [ '16.13.1', '17.0.2' ],
470 silly audit   punycode: [ '2.3.1' ],
470 silly audit   'queue-microtask': [ '1.2.3' ],
470 silly audit   react: [ '19.2.8' ],
470 silly audit   'react-dom': [ '19.2.8' ],
470 silly audit   redent: [ '3.0.0' ],
470 silly audit   'reflect.getprototypeof': [ '1.0.10' ],
470 silly audit   'regexp.prototype.flags': [ '1.5.4' ],
470 silly audit   resolve: [ '2.0.0-next.7' ],
470 silly audit   'resolve-from': [ '4.0.0' ],
470 silly audit   'resolve-pkg-maps': [ '1.0.0' ],
470 silly audit   reusify: [ '1.1.0' ],
470 silly audit   'run-parallel': [ '1.2.0' ],
470 silly audit   'safe-array-concat': [ '1.1.4' ],
470 silly audit   'safe-push-apply': [ '1.0.0' ],
470 silly audit   'safe-regex-test': [ '1.1.0' ],
470 silly audit   'safer-buffer': [ '2.1.2' ],
470 silly audit   saxes: [ '6.0.0' ],
470 silly audit   scheduler: [ '0.27.0' ],
470 silly audit   'set-function-length': [ '1.2.2' ],
470 silly audit   'set-function-name': [ '2.0.2' ],
470 silly audit   'set-proto': [ '1.0.0' ],
470 silly audit   sharp: [ '0.35.3' ],
470 silly audit   'shebang-command': [ '2.0.0' ],
470 silly audit   'shebang-regex': [ '3.0.0' ],
470 silly audit   'side-channel': [ '1.1.1' ],
470 silly audit   'side-channel-list': [ '1.0.1' ],
470 silly audit   'side-channel-map': [ '1.0.1' ],
470 silly audit   'side-channel-weakmap': [ '1.0.2' ],
470 silly audit   siginfo: [ '2.0.0' ],
470 silly audit   'source-map-js': [ '1.2.1' ],
470 silly audit   'stable-hash': [ '0.0.5' ],
470 silly audit   stackback: [ '0.0.2' ],
470 silly audit   'state-local': [ '1.0.7' ],
470 silly audit   'stop-iteration-iterator': [ '1.1.0' ],
470 silly audit   'string.prototype.includes': [ '2.0.1' ],
470 silly audit   'string.prototype.matchall': [ '4.0.12' ],
470 silly audit   'string.prototype.repeat': [ '1.0.0' ],
470 silly audit   'string.prototype.trim': [ '1.2.11' ],
470 silly audit   'string.prototype.trimend': [ '1.0.10' ],
470 silly audit   'string.prototype.trimstart': [ '1.0.8' ],
470 silly audit   'strip-bom': [ '3.0.0' ],
470 silly audit   'strip-indent': [ '3.0.0' ],
470 silly audit   'strip-json-comments': [ '3.1.1' ],
470 silly audit   'styled-jsx': [ '5.1.6' ],
470 silly audit   'supports-color': [ '7.2.0' ],
470 silly audit   'supports-preserve-symlinks-flag': [ '1.0.0' ],
470 silly audit   'symbol-tree': [ '3.2.4' ],
470 silly audit   tinybench: [ '2.9.0' ],
470 silly audit   tinyglobby: [ '0.2.17' ],
470 silly audit   fdir: [ '6.5.0' ],
470 silly audit   tldts: [ '6.1.86' ],
470 silly audit   'tldts-core': [ '6.1.86' ],
470 silly audit   'to-regex-range': [ '5.0.1' ],
470 silly audit   'tough-cookie': [ '5.1.2' ],
470 silly audit   tr46: [ '5.1.1' ],
470 silly audit   'ts-api-utils': [ '2.5.0' ],
470 silly audit   'tsconfig-paths': [ '3.15.0' ],
470 silly audit   tslib: [ '2.8.1' ],
470 silly audit   'type-check': [ '0.4.0' ],
470 silly audit   'typed-array-buffer': [ '1.0.3' ],
470 silly audit   'typed-array-byte-length': [ '1.0.3' ],
470 silly audit   'typed-array-byte-offset': [ '1.0.4' ],
470 silly audit   'typed-array-length': [ '1.0.8' ],
470 silly audit   typescript: [ '5.9.3' ],
470 silly audit   'typescript-eslint': [ '8.67.0' ],
470 silly audit   'unbox-primitive': [ '1.1.0' ],
470 silly audit   'undici-types': [ '6.21.0' ],
470 silly audit   'unrs-resolver': [ '1.12.2' ],
470 silly audit   'update-browserslist-db': [ '1.3.1' ],
470 silly audit   'uri-js': [ '4.4.1' ],
470 silly audit   'w3c-xmlserializer': [ '5.0.0' ],
470 silly audit   'webidl-conversions': [ '7.0.0' ],
470 silly audit   'whatwg-encoding': [ '3.1.1' ],
470 silly audit   'whatwg-mimetype': [ '4.0.0' ],
470 silly audit   'whatwg-url': [ '14.2.0' ],
470 silly audit   which: [ '2.0.2' ],
470 silly audit   'which-boxed-primitive': [ '1.1.1' ],
470 silly audit   'which-builtin-type': [ '1.2.1' ],
470 silly audit   'which-collection': [ '1.0.2' ],
470 silly audit   'which-typed-array': [ '1.1.22' ],
470 silly audit   'why-is-node-running': [ '2.3.0' ],
470 silly audit   'word-wrap': [ '1.2.5' ],
470 silly audit   ws: [ '8.21.3' ],
470 silly audit   'xml-name-validator': [ '5.0.0' ],
470 silly audit   xmlchars: [ '2.2.0' ],
470 silly audit   yallist: [ '3.1.1' ],
470 silly audit   'yocto-queue': [ '0.1.0' ],
470 silly audit   zod: [ '4.4.3' ],
470 silly audit   'zod-validation-error': [ '4.0.2' ],
470 silly audit   vitest: [ '4.1.10' ],
470 silly audit   dompurify: [ '3.4.13' ],
470 silly audit   '@vitest/expect': [ '4.1.10' ],
470 silly audit   '@vitest/mocker': [ '4.1.10' ],
470 silly audit   '@vitest/pretty-format': [ '4.1.10' ],
470 silly audit   '@vitest/runner': [ '4.1.10' ],
470 silly audit   '@vitest/snapshot': [ '4.1.10' ],
470 silly audit   '@vitest/spy': [ '4.1.10' ],
470 silly audit   '@vitest/utils': [ '4.1.10' ],
470 silly audit   'es-module-lexer': [ '2.3.1' ],
470 silly audit   'magic-string': [ '0.30.21' ],
470 silly audit   obug: [ '2.1.4' ],
470 silly audit   pathe: [ '2.0.3' ],
470 silly audit   'std-env': [ '4.2.0' ],
470 silly audit   tinyexec: [ '1.3.0' ],
470 silly audit   tinyrainbow: [ '3.1.1' ],
470 silly audit   vite: [ '8.2.1' ],
470 silly audit   '@standard-schema/spec': [ '1.1.0' ],
470 silly audit   '@types/chai': [ '5.2.3' ],
470 silly audit   chai: [ '6.2.2' ],
470 silly audit   '@types/deep-eql': [ '4.0.2' ],
470 silly audit   'assertion-error': [ '2.0.1' ],
470 silly audit   'estree-walker': [ '3.0.3' ],
470 silly audit   fsevents: [ '2.3.3' ],
470 silly audit   lightningcss: [ '1.33.0' ],
470 silly audit   rolldown: [ '1.2.4' ],
470 silly audit   'lightningcss-android-arm64': [ '1.33.0' ],
470 silly audit   'lightningcss-darwin-arm64': [ '1.33.0' ],
470 silly audit   'lightningcss-darwin-x64': [ '1.33.0' ],
470 silly audit   'lightningcss-freebsd-x64': [ '1.33.0' ],
470 silly audit   'lightningcss-linux-arm-gnueabihf': [ '1.33.0' ],
470 silly audit   'lightningcss-linux-arm64-gnu': [ '1.33.0' ],
470 silly audit   'lightningcss-linux-arm64-musl': [ '1.33.0' ],
470 silly audit   'lightningcss-linux-x64-gnu': [ '1.33.0' ],
470 silly audit   'lightningcss-linux-x64-musl': [ '1.33.0' ],
470 silly audit   'lightningcss-win32-arm64-msvc': [ '1.33.0' ],
470 silly audit   'lightningcss-win32-x64-msvc': [ '1.33.0' ],
470 silly audit   '@oxc-project/types': [ '0.144.0' ],
470 silly audit   '@rolldown/binding-android-arm64': [ '1.2.4' ],
470 silly audit   '@rolldown/binding-darwin-arm64': [ '1.2.4' ],
470 silly audit   '@rolldown/binding-darwin-x64': [ '1.2.4' ],
470 silly audit   '@rolldown/binding-freebsd-x64': [ '1.2.4' ],
470 silly audit   '@rolldown/binding-linux-arm-gnueabihf': [ '1.2.4' ],
470 silly audit   '@rolldown/binding-linux-arm64-gnu': [ '1.2.4' ],
470 silly audit   '@rolldown/binding-linux-arm64-musl': [ '1.2.4' ],
470 silly audit   '@rolldown/binding-linux-ppc64-gnu': [ '1.2.4' ],
470 silly audit   '@rolldown/binding-linux-s390x-gnu': [ '1.2.4' ],
470 silly audit   '@rolldown/binding-linux-x64-gnu': [ '1.2.4' ],
470 silly audit   '@rolldown/binding-linux-x64-musl': [ '1.2.4' ],
470 silly audit   '@rolldown/binding-openharmony-arm64': [ '1.2.4' ],
470 silly audit   '@rolldown/binding-win32-arm64-msvc': [ '1.2.4' ],
470 silly audit   '@rolldown/binding-win32-x64-msvc': [ '1.2.4' ],
470 silly audit   '@rolldown/pluginutils': [ '1.0.1' ]
470 silly audit }
471 http cache @oxc-project/types@https://registry.npmjs.org/@oxc-project/types/-/types-0.144.0.tgz 0ms (cache hit)
472 http cache @rolldown/pluginutils@https://registry.npmjs.org/@rolldown/pluginutils/-/pluginutils-1.0.1.tgz 0ms (cache hit)
473 http cache @rolldown/binding-win32-x64-msvc@https://registry.npmjs.org/@rolldown/binding-win32-x64-msvc/-/binding-win32-x64-msvc-1.2.4.tgz 0ms (cache hit)
474 http cache lightningcss@https://registry.npmjs.org/lightningcss/-/lightningcss-1.33.0.tgz 0ms (cache hit)
475 http cache rolldown@https://registry.npmjs.org/rolldown/-/rolldown-1.2.4.tgz 0ms (cache hit)
476 http cache lightningcss-win32-x64-msvc@https://registry.npmjs.org/lightningcss-win32-x64-msvc/-/lightningcss-win32-x64-msvc-1.33.0.tgz 0ms (cache hit)
477 http cache vite@https://registry.npmjs.org/vite/-/vite-8.2.1.tgz 0ms (cache hit)
478 http cache vitest@https://registry.npmjs.org/vitest/-/vitest-4.1.10.tgz 0ms (cache hit)
479 http cache tinyexec@https://registry.npmjs.org/tinyexec/-/tinyexec-1.3.0.tgz 0ms (cache hit)
480 http cache tinyrainbow@https://registry.npmjs.org/tinyrainbow/-/tinyrainbow-3.1.1.tgz 0ms (cache hit)
481 http cache pathe@https://registry.npmjs.org/pathe/-/pathe-2.0.3.tgz 0ms (cache hit)
482 http cache @standard-schema/spec@https://registry.npmjs.org/@standard-schema/spec/-/spec-1.1.0.tgz 0ms (cache hit)
483 http cache @types/deep-eql@https://registry.npmjs.org/@types/deep-eql/-/deep-eql-4.0.2.tgz 0ms (cache hit)
484 http cache @types/chai@https://registry.npmjs.org/@types/chai/-/chai-5.2.3.tgz 0ms (cache hit)
485 http cache obug@https://registry.npmjs.org/obug/-/obug-2.1.4.tgz 0ms (cache hit)
486 http cache @vitest/spy@https://registry.npmjs.org/@vitest/spy/-/spy-4.1.10.tgz 0ms (cache hit)
487 http cache es-module-lexer@https://registry.npmjs.org/es-module-lexer/-/es-module-lexer-2.3.1.tgz 0ms (cache hit)
488 http cache @vitest/runner@https://registry.npmjs.org/@vitest/runner/-/runner-4.1.10.tgz 0ms (cache hit)
489 http cache dompurify@https://registry.npmjs.org/dompurify/-/dompurify-3.4.13.tgz 0ms (cache hit)
490 http cache chai@https://registry.npmjs.org/chai/-/chai-6.2.2.tgz 0ms (cache hit)
491 http cache @vitest/snapshot@https://registry.npmjs.org/@vitest/snapshot/-/snapshot-4.1.10.tgz 0ms (cache hit)
492 http cache std-env@https://registry.npmjs.org/std-env/-/std-env-4.2.0.tgz 0ms (cache hit)
493 http cache @vitest/expect@https://registry.npmjs.org/@vitest/expect/-/expect-4.1.10.tgz 0ms (cache hit)
494 http cache @vitest/utils@https://registry.npmjs.org/@vitest/utils/-/utils-4.1.10.tgz 0ms (cache hit)
495 http cache picomatch@https://registry.npmjs.org/picomatch/-/picomatch-4.0.5.tgz 0ms (cache hit)
496 http cache @vitest/mocker@https://registry.npmjs.org/@vitest/mocker/-/mocker-4.1.10.tgz 0ms (cache hit)
497 http cache @vitest/pretty-format@https://registry.npmjs.org/@vitest/pretty-format/-/pretty-format-4.1.10.tgz 0ms (cache hit)
498 silly tarball no local data for @oxc-project/types@https://registry.npmjs.org/@oxc-project/types/-/types-0.144.0.tgz. Extracting by manifest.
499 silly tarball no local data for @rolldown/pluginutils@https://registry.npmjs.org/@rolldown/pluginutils/-/pluginutils-1.0.1.tgz. Extracting by manifest.
500 silly tarball no local data for @rolldown/binding-win32-x64-msvc@https://registry.npmjs.org/@rolldown/binding-win32-x64-msvc/-/binding-win32-x64-msvc-1.2.4.tgz. Extracting by manifest.
501 silly tarball no local data for lightningcss@https://registry.npmjs.org/lightningcss/-/lightningcss-1.33.0.tgz. Extracting by manifest.
502 silly tarball no local data for rolldown@https://registry.npmjs.org/rolldown/-/rolldown-1.2.4.tgz. Extracting by manifest.
503 silly tarball no local data for lightningcss-win32-x64-msvc@https://registry.npmjs.org/lightningcss-win32-x64-msvc/-/lightningcss-win32-x64-msvc-1.33.0.tgz. Extracting by manifest.
504 silly tarball no local data for vite@https://registry.npmjs.org/vite/-/vite-8.2.1.tgz. Extracting by manifest.
505 silly tarball no local data for vitest@https://registry.npmjs.org/vitest/-/vitest-4.1.10.tgz. Extracting by manifest.
506 http cache postcss@https://registry.npmjs.org/postcss/-/postcss-8.5.26.tgz 0ms (cache hit)
507 silly tarball no local data for tinyexec@https://registry.npmjs.org/tinyexec/-/tinyexec-1.3.0.tgz. Extracting by manifest.
508 silly tarball no local data for tinyrainbow@https://registry.npmjs.org/tinyrainbow/-/tinyrainbow-3.1.1.tgz. Extracting by manifest.
509 silly tarball no local data for pathe@https://registry.npmjs.org/pathe/-/pathe-2.0.3.tgz. Extracting by manifest.
510 silly tarball no local data for @standard-schema/spec@https://registry.npmjs.org/@standard-schema/spec/-/spec-1.1.0.tgz. Extracting by manifest.
511 silly tarball no local data for @types/deep-eql@https://registry.npmjs.org/@types/deep-eql/-/deep-eql-4.0.2.tgz. Extracting by manifest.
512 silly tarball no local data for @types/chai@https://registry.npmjs.org/@types/chai/-/chai-5.2.3.tgz. Extracting by manifest.
513 silly tarball no local data for obug@https://registry.npmjs.org/obug/-/obug-2.1.4.tgz. Extracting by manifest.
514 http cache picomatch@https://registry.npmjs.org/picomatch/-/picomatch-4.0.5.tgz 0ms (cache hit)
515 silly tarball no local data for @vitest/spy@https://registry.npmjs.org/@vitest/spy/-/spy-4.1.10.tgz. Extracting by manifest.
516 silly tarball no local data for es-module-lexer@https://registry.npmjs.org/es-module-lexer/-/es-module-lexer-2.3.1.tgz. Extracting by manifest.
517 silly tarball no local data for @vitest/runner@https://registry.npmjs.org/@vitest/runner/-/runner-4.1.10.tgz. Extracting by manifest.
518 silly tarball no local data for dompurify@https://registry.npmjs.org/dompurify/-/dompurify-3.4.13.tgz. Extracting by manifest.
519 silly tarball no local data for chai@https://registry.npmjs.org/chai/-/chai-6.2.2.tgz. Extracting by manifest.
520 silly tarball no local data for @vitest/snapshot@https://registry.npmjs.org/@vitest/snapshot/-/snapshot-4.1.10.tgz. Extracting by manifest.
521 silly tarball no local data for std-env@https://registry.npmjs.org/std-env/-/std-env-4.2.0.tgz. Extracting by manifest.
522 silly tarball no local data for @vitest/expect@https://registry.npmjs.org/@vitest/expect/-/expect-4.1.10.tgz. Extracting by manifest.
523 silly tarball no local data for @vitest/utils@https://registry.npmjs.org/@vitest/utils/-/utils-4.1.10.tgz. Extracting by manifest.
524 silly tarball no local data for @vitest/mocker@https://registry.npmjs.org/@vitest/mocker/-/mocker-4.1.10.tgz. Extracting by manifest.
525 silly tarball no local data for @vitest/pretty-format@https://registry.npmjs.org/@vitest/pretty-format/-/pretty-format-4.1.10.tgz. Extracting by manifest.
526 silly tarball no local data for postcss@https://registry.npmjs.org/postcss/-/postcss-8.5.26.tgz. Extracting by manifest.
527 http fetch POST 200 https://registry.npmjs.org/-/npm/v1/security/advisories/bulk 491ms
528 silly audit report {}
529 http fetch GET 200 https://registry.npmjs.org/tinyrainbow/-/tinyrainbow-3.1.1.tgz 524ms (cache miss)
530 http fetch GET 200 https://registry.npmjs.org/obug/-/obug-2.1.4.tgz 526ms (cache miss)
531 http fetch GET 200 https://registry.npmjs.org/@vitest/spy/-/spy-4.1.10.tgz 539ms (cache miss)
532 http fetch GET 200 https://registry.npmjs.org/@oxc-project/types/-/types-0.144.0.tgz 584ms (cache miss)
533 http fetch GET 200 https://registry.npmjs.org/std-env/-/std-env-4.2.0.tgz 546ms (cache miss)
534 http fetch GET 200 https://registry.npmjs.org/chai/-/chai-6.2.2.tgz 548ms (cache miss)
535 http fetch GET 200 https://registry.npmjs.org/tinyexec/-/tinyexec-1.3.0.tgz 685ms (cache miss)
536 http fetch GET 200 https://registry.npmjs.org/@types/deep-eql/-/deep-eql-4.0.2.tgz 671ms (cache miss)
537 http fetch GET 200 https://registry.npmjs.org/@vitest/pretty-format/-/pretty-format-4.1.10.tgz 703ms (cache miss)
538 http fetch GET 200 https://registry.npmjs.org/@vitest/expect/-/expect-4.1.10.tgz 727ms (cache miss)
539 http fetch GET 200 https://registry.npmjs.org/@types/chai/-/chai-5.2.3.tgz 767ms (cache miss)
540 http fetch GET 200 https://registry.npmjs.org/@standard-schema/spec/-/spec-1.1.0.tgz 789ms (cache miss)
541 http fetch GET 200 https://registry.npmjs.org/@rolldown/pluginutils/-/pluginutils-1.0.1.tgz 832ms (cache miss)
542 http fetch GET 200 https://registry.npmjs.org/@vitest/snapshot/-/snapshot-4.1.10.tgz 842ms (cache miss)
543 http fetch GET 200 https://registry.npmjs.org/es-module-lexer/-/es-module-lexer-2.3.1.tgz 851ms (cache miss)
544 http fetch GET 200 https://registry.npmjs.org/@vitest/runner/-/runner-4.1.10.tgz 868ms (cache miss)
545 http fetch GET 200 https://registry.npmjs.org/pathe/-/pathe-2.0.3.tgz 911ms (cache miss)
546 http fetch GET 200 https://registry.npmjs.org/lightningcss/-/lightningcss-1.33.0.tgz 960ms (cache miss)
547 http fetch GET 200 https://registry.npmjs.org/@vitest/mocker/-/mocker-4.1.10.tgz 1007ms (cache miss)
548 http fetch GET 200 https://registry.npmjs.org/@vitest/utils/-/utils-4.1.10.tgz 1015ms (cache miss)
549 http fetch GET 200 https://registry.npmjs.org/dompurify/-/dompurify-3.4.13.tgz 1061ms (cache miss)
550 http fetch GET 200 https://registry.npmjs.org/postcss/-/postcss-8.5.26.tgz 1170ms (cache miss)
551 http fetch GET 200 https://registry.npmjs.org/vite/-/vite-8.2.1.tgz 1250ms (cache miss)
552 http fetch GET 200 https://registry.npmjs.org/rolldown/-/rolldown-1.2.4.tgz 1279ms (cache miss)
553 http fetch GET 200 https://registry.npmjs.org/lightningcss-win32-x64-msvc/-/lightningcss-win32-x64-msvc-1.33.0.tgz 1325ms (cache miss)
554 http fetch GET 200 https://registry.npmjs.org/@rolldown/binding-win32-x64-msvc/-/binding-win32-x64-msvc-1.2.4.tgz 1473ms (cache miss)
555 http fetch GET 200 https://registry.npmjs.org/vitest/-/vitest-4.1.10.tgz 1486ms (cache miss)
556 silly ADD node_modules/@rolldown/pluginutils
557 silly ADD node_modules/@rolldown/binding-win32-x64-msvc
558 silly ADD node_modules/@oxc-project/types
559 silly ADD node_modules/lightningcss-win32-x64-msvc
560 silly ADD node_modules/rolldown
561 silly ADD node_modules/lightningcss
562 silly ADD node_modules/@types/deep-eql
563 silly ADD node_modules/@types/chai
564 silly ADD node_modules/@standard-schema/spec
565 silly ADD node_modules/obug
566 silly CHANGE node_modules/vitest
567 silly ADD node_modules/vitest/node_modules/picomatch
568 silly REMOVE node_modules/vite-node
569 silly CHANGE node_modules/vite
570 silly ADD node_modules/vite/node_modules/postcss
571 silly ADD node_modules/vite/node_modules/picomatch
572 silly REMOVE node_modules/tinyspy
573 silly CHANGE node_modules/tinyrainbow
574 silly REMOVE node_modules/tinypool
575 silly CHANGE node_modules/tinyexec
576 silly CHANGE node_modules/std-env
577 silly REMOVE node_modules/rollup
578 silly REMOVE node_modules/pathval
579 silly CHANGE node_modules/pathe
580 silly REMOVE node_modules/loupe
581 silly REMOVE node_modules/esbuild
582 silly CHANGE node_modules/es-module-lexer
583 silly CHANGE node_modules/dompurify
584 silly REMOVE node_modules/deep-eql
585 silly REMOVE node_modules/check-error
586 silly CHANGE node_modules/chai
587 silly REMOVE node_modules/cac
588 silly CHANGE node_modules/@vitest/utils
589 silly CHANGE node_modules/@vitest/spy
590 silly CHANGE node_modules/@vitest/snapshot
591 silly CHANGE node_modules/@vitest/runner
592 silly CHANGE node_modules/@vitest/pretty-format
593 silly CHANGE node_modules/@vitest/mocker
594 silly CHANGE node_modules/@vitest/expect
595 silly REMOVE node_modules/@rollup/rollup-win32-x64-msvc
596 silly REMOVE node_modules/@rollup/rollup-win32-x64-gnu
597 silly REMOVE node_modules/@esbuild/win32-x64
598 verbose cwd C:\Users\Administrator\Desktop\새 폴더 (2)\project\algostudy
599 verbose os Windows_NT 10.0.26200
600 verbose node v26.1.0
601 verbose npm  v11.11.0
602 verbose exit 0
603 info ok
