0 verbose cli C:\Program Files\nodejs\node.exe C:\Users\Administrator\AppData\Roaming\npm\node_modules\npm\bin\npm-cli.js
1 info using npm@11.11.0
2 info using node@v26.1.0
3 silly config load:file:C:\Users\Administrator\AppData\Roaming\npm\node_modules\npm\npmrc
4 silly config load:file:C:\Users\Administrator\Desktop\새 폴더 (2)\project\algostudy\.npmrc
5 silly config load:file:C:\Users\Administrator\.npmrc
6 silly config load:file:C:\Users\Administrator\AppData\Roaming\npm\etc\npmrc
7 verbose title npm audit fix
8 verbose argv "audit" "fix" "--cache" ".npm-cache"
9 verbose logfile logs-max:10 dir:C:\Users\Administrator\Desktop\새 폴더 (2)\project\algostudy\.npm-cache\_logs\2026-08-12T13_23_42_780Z-
10 verbose logfile C:\Users\Administrator\Desktop\새 폴더 (2)\project\algostudy\.npm-cache\_logs\2026-08-12T13_23_42_780Z-debug-0.log
11 silly logfile done cleaning log files
12 silly packumentCache heap:4395630592 maxSize:1098907648 maxEntrySize:549453824
13 silly audit bulk request {
13 silly audit   '@adobe/css-tools': [ '4.5.0' ],
13 silly audit   '@asamuzakjp/css-color': [ '3.2.0' ],
13 silly audit   'lru-cache': [ '10.4.3', '5.1.1' ],
13 silly audit   '@babel/code-frame': [ '7.29.7' ],
13 silly audit   '@babel/compat-data': [ '7.29.7' ],
13 silly audit   '@babel/core': [ '7.29.7' ],
13 silly audit   '@babel/generator': [ '7.29.8' ],
13 silly audit   '@babel/helper-compilation-targets': [ '7.29.7' ],
13 silly audit   '@babel/helper-globals': [ '7.29.7' ],
13 silly audit   '@babel/helper-module-imports': [ '7.29.7' ],
13 silly audit   '@babel/helper-module-transforms': [ '7.29.7' ],
13 silly audit   '@babel/helper-string-parser': [ '7.29.7' ],
13 silly audit   '@babel/helper-validator-identifier': [ '7.29.7' ],
13 silly audit   '@babel/helper-validator-option': [ '7.29.7' ],
13 silly audit   '@babel/helpers': [ '7.29.7' ],
13 silly audit   '@babel/parser': [ '7.29.8' ],
13 silly audit   '@babel/runtime': [ '7.29.7' ],
13 silly audit   '@babel/template': [ '7.29.7' ],
13 silly audit   '@babel/traverse': [ '7.29.8' ],
13 silly audit   '@babel/types': [ '7.29.8' ],
13 silly audit   '@csstools/color-helpers': [ '5.1.0' ],
13 silly audit   '@csstools/css-calc': [ '2.1.4' ],
13 silly audit   '@csstools/css-color-parser': [ '3.1.0' ],
13 silly audit   '@csstools/css-parser-algorithms': [ '3.0.5' ],
13 silly audit   '@csstools/css-tokenizer': [ '3.0.4' ],
13 silly audit   '@emnapi/core': [ '1.10.0' ],
13 silly audit   '@emnapi/runtime': [ '1.11.3', '1.10.0' ],
13 silly audit   '@emnapi/wasi-threads': [ '1.2.1' ],
13 silly audit   '@esbuild/aix-ppc64': [ '0.21.5' ],
13 silly audit   '@esbuild/android-arm': [ '0.21.5' ],
13 silly audit   '@esbuild/android-arm64': [ '0.21.5' ],
13 silly audit   '@esbuild/android-x64': [ '0.21.5' ],
13 silly audit   '@esbuild/darwin-arm64': [ '0.21.5' ],
13 silly audit   '@esbuild/darwin-x64': [ '0.21.5' ],
13 silly audit   '@esbuild/freebsd-arm64': [ '0.21.5' ],
13 silly audit   '@esbuild/freebsd-x64': [ '0.21.5' ],
13 silly audit   '@esbuild/linux-arm': [ '0.21.5' ],
13 silly audit   '@esbuild/linux-arm64': [ '0.21.5' ],
13 silly audit   '@esbuild/linux-ia32': [ '0.21.5' ],
13 silly audit   '@esbuild/linux-loong64': [ '0.21.5' ],
13 silly audit   '@esbuild/linux-mips64el': [ '0.21.5' ],
13 silly audit   '@esbuild/linux-ppc64': [ '0.21.5' ],
13 silly audit   '@esbuild/linux-riscv64': [ '0.21.5' ],
13 silly audit   '@esbuild/linux-s390x': [ '0.21.5' ],
13 silly audit   '@esbuild/linux-x64': [ '0.21.5' ],
13 silly audit   '@esbuild/netbsd-x64': [ '0.21.5' ],
13 silly audit   '@esbuild/openbsd-x64': [ '0.21.5' ],
13 silly audit   '@esbuild/sunos-x64': [ '0.21.5' ],
13 silly audit   '@esbuild/win32-arm64': [ '0.21.5' ],
13 silly audit   '@esbuild/win32-ia32': [ '0.21.5' ],
13 silly audit   '@esbuild/win32-x64': [ '0.21.5' ],
13 silly audit   '@eslint-community/eslint-utils': [ '4.10.1', '4.9.1' ],
13 silly audit   'eslint-visitor-keys': [ '3.4.3', '5.0.1', '4.2.1' ],
13 silly audit   '@eslint-community/regexpp': [ '4.12.2' ],
13 silly audit   '@eslint/config-array': [ '0.21.2' ],
13 silly audit   '@eslint/config-helpers': [ '0.4.2' ],
13 silly audit   '@eslint/core': [ '0.17.0' ],
13 silly audit   '@eslint/eslintrc': [ '3.3.6' ],
13 silly audit   '@eslint/js': [ '9.39.5' ],
13 silly audit   '@eslint/object-schema': [ '2.1.7' ],
13 silly audit   '@eslint/plugin-kit': [ '0.4.1' ],
13 silly audit   '@humanfs/core': [ '0.19.2' ],
13 silly audit   '@humanfs/node': [ '0.16.8' ],
13 silly audit   '@humanfs/types': [ '0.15.0' ],
13 silly audit   '@humanwhocodes/module-importer': [ '1.0.1' ],
13 silly audit   '@humanwhocodes/retry': [ '0.4.3' ],
13 silly audit   '@img/colour': [ '1.1.0' ],
13 silly audit   '@img/sharp-darwin-arm64': [ '0.35.3' ],
13 silly audit   '@img/sharp-darwin-x64': [ '0.35.3' ],
13 silly audit   '@img/sharp-freebsd-wasm32': [ '0.35.3' ],
13 silly audit   '@img/sharp-libvips-darwin-arm64': [ '1.3.2' ],
13 silly audit   '@img/sharp-libvips-darwin-x64': [ '1.3.2' ],
13 silly audit   '@img/sharp-libvips-linux-arm': [ '1.3.2' ],
13 silly audit   '@img/sharp-libvips-linux-arm64': [ '1.3.2' ],
13 silly audit   '@img/sharp-libvips-linux-ppc64': [ '1.3.2' ],
13 silly audit   '@img/sharp-libvips-linux-riscv64': [ '1.3.2' ],
13 silly audit   '@img/sharp-libvips-linux-s390x': [ '1.3.2' ],
13 silly audit   '@img/sharp-libvips-linux-x64': [ '1.3.2' ],
13 silly audit   '@img/sharp-libvips-linuxmusl-arm64': [ '1.3.2' ],
13 silly audit   '@img/sharp-libvips-linuxmusl-x64': [ '1.3.2' ],
13 silly audit   '@img/sharp-linux-arm': [ '0.35.3' ],
13 silly audit   '@img/sharp-linux-arm64': [ '0.35.3' ],
13 silly audit   '@img/sharp-linux-ppc64': [ '0.35.3' ],
13 silly audit   '@img/sharp-linux-riscv64': [ '0.35.3' ],
13 silly audit   '@img/sharp-linux-s390x': [ '0.35.3' ],
13 silly audit   '@img/sharp-linux-x64': [ '0.35.3' ],
13 silly audit   '@img/sharp-linuxmusl-arm64': [ '0.35.3' ],
13 silly audit   '@img/sharp-linuxmusl-x64': [ '0.35.3' ],
13 silly audit   '@img/sharp-wasm32': [ '0.35.3' ],
13 silly audit   '@img/sharp-webcontainers-wasm32': [ '0.35.3' ],
13 silly audit   '@img/sharp-win32-arm64': [ '0.35.3' ],
13 silly audit   '@img/sharp-win32-ia32': [ '0.35.3' ],
13 silly audit   '@img/sharp-win32-x64': [ '0.35.3' ],
13 silly audit   '@jridgewell/gen-mapping': [ '0.3.13' ],
13 silly audit   '@jridgewell/remapping': [ '2.3.5' ],
13 silly audit   '@jridgewell/resolve-uri': [ '3.1.2' ],
13 silly audit   '@jridgewell/sourcemap-codec': [ '1.5.5' ],
13 silly audit   '@jridgewell/trace-mapping': [ '0.3.31' ],
13 silly audit   '@monaco-editor/loader': [ '1.7.0' ],
13 silly audit   '@monaco-editor/react': [ '4.7.0' ],
13 silly audit   '@napi-rs/lzma-linux-x64-gnu': [ '1.5.1' ],
13 silly audit   '@napi-rs/wasm-runtime': [ '1.2.3' ],
13 silly audit   '@next/env': [ '16.3.0' ],
13 silly audit   '@next/eslint-plugin-next': [ '16.3.0' ],
13 silly audit   '@next/swc-darwin-arm64': [ '16.3.0' ],
13 silly audit   '@next/swc-darwin-x64': [ '16.3.0' ],
13 silly audit   '@next/swc-linux-arm64-gnu': [ '16.3.0' ],
13 silly audit   '@next/swc-linux-arm64-musl': [ '16.3.0' ],
13 silly audit   '@next/swc-linux-x64-gnu': [ '16.3.0' ],
13 silly audit   '@next/swc-linux-x64-musl': [ '16.3.0' ],
13 silly audit   '@next/swc-win32-arm64-msvc': [ '16.3.0' ],
13 silly audit   '@next/swc-win32-x64-msvc': [ '16.3.0' ],
13 silly audit   '@nodelib/fs.scandir': [ '2.1.5' ],
13 silly audit   '@nodelib/fs.stat': [ '2.0.5' ],
13 silly audit   '@nodelib/fs.walk': [ '1.2.8' ],
13 silly audit   '@nolyfill/is-core-module': [ '1.0.39' ],
13 silly audit   '@rollup/rollup-android-arm-eabi': [ '4.62.4' ],
13 silly audit   '@rollup/rollup-android-arm64': [ '4.62.4' ],
13 silly audit   '@rollup/rollup-darwin-arm64': [ '4.62.4' ],
13 silly audit   '@rollup/rollup-darwin-x64': [ '4.62.4' ],
13 silly audit   '@rollup/rollup-freebsd-arm64': [ '4.62.4' ],
13 silly audit   '@rollup/rollup-freebsd-x64': [ '4.62.4' ],
13 silly audit   '@rollup/rollup-linux-arm-gnueabihf': [ '4.62.4' ],
13 silly audit   '@rollup/rollup-linux-arm-musleabihf': [ '4.62.4' ],
13 silly audit   '@rollup/rollup-linux-arm64-gnu': [ '4.62.4' ],
13 silly audit   '@rollup/rollup-linux-arm64-musl': [ '4.62.4' ],
13 silly audit   '@rollup/rollup-linux-loong64-gnu': [ '4.62.4' ],
13 silly audit   '@rollup/rollup-linux-loong64-musl': [ '4.62.4' ],
13 silly audit   '@rollup/rollup-linux-ppc64-gnu': [ '4.62.4' ],
13 silly audit   '@rollup/rollup-linux-ppc64-musl': [ '4.62.4' ],
13 silly audit   '@rollup/rollup-linux-riscv64-gnu': [ '4.62.4' ],
13 silly audit   '@rollup/rollup-linux-riscv64-musl': [ '4.62.4' ],
13 silly audit   '@rollup/rollup-linux-s390x-gnu': [ '4.62.4' ],
13 silly audit   '@rollup/rollup-linux-x64-gnu': [ '4.62.4' ],
13 silly audit   '@rollup/rollup-linux-x64-musl': [ '4.62.4' ],
13 silly audit   '@rollup/rollup-openbsd-x64': [ '4.62.4' ],
13 silly audit   '@rollup/rollup-openharmony-arm64': [ '4.62.4' ],
13 silly audit   '@rollup/rollup-win32-arm64-msvc': [ '4.62.4' ],
13 silly audit   '@rollup/rollup-win32-ia32-msvc': [ '4.62.4' ],
13 silly audit   '@rollup/rollup-win32-x64-gnu': [ '4.62.4' ],
13 silly audit   '@rollup/rollup-win32-x64-msvc': [ '4.62.4' ],
13 silly audit   '@rtsao/scc': [ '1.1.0' ],
13 silly audit   '@supabase/auth-js': [ '2.112.3' ],
13 silly audit   '@supabase/functions-js': [ '2.112.3' ],
13 silly audit   '@supabase/phoenix': [ '0.4.5' ],
13 silly audit   '@supabase/postgrest-js': [ '2.112.3' ],
13 silly audit   '@supabase/realtime-js': [ '2.112.3' ],
13 silly audit   '@supabase/storage-js': [ '2.112.3' ],
13 silly audit   '@supabase/supabase-js': [ '2.112.3' ],
13 silly audit   '@swc/helpers': [ '0.5.15' ],
13 silly audit   '@testing-library/dom': [ '10.4.1' ],
13 silly audit   '@testing-library/jest-dom': [ '6.9.1' ],
13 silly audit   'dom-accessibility-api': [ '0.6.3', '0.5.16' ],
13 silly audit   '@testing-library/react': [ '16.3.2' ],
13 silly audit   '@tybys/wasm-util': [ '0.10.3' ],
13 silly audit   '@types/aria-query': [ '5.0.4' ],
13 silly audit   '@types/estree': [ '1.0.9' ],
13 silly audit   '@types/json-schema': [ '7.0.15' ],
13 silly audit   '@types/json5': [ '0.0.29' ],
13 silly audit   '@types/node': [ '22.20.1' ],
13 silly audit   '@types/react': [ '19.2.18' ],
13 silly audit   '@types/react-dom': [ '19.2.4' ],
13 silly audit   '@types/trusted-types': [ '2.0.7' ],
13 silly audit   '@typescript-eslint/eslint-plugin': [ '8.67.0' ],
13 silly audit   ignore: [ '7.0.6', '5.3.2' ],
13 silly audit   '@typescript-eslint/parser': [ '8.67.0' ],
13 silly audit   '@typescript-eslint/project-service': [ '8.67.0' ],
13 silly audit   '@typescript-eslint/scope-manager': [ '8.67.0' ],
13 silly audit   '@typescript-eslint/tsconfig-utils': [ '8.67.0' ],
13 silly audit   '@typescript-eslint/type-utils': [ '8.67.0' ],
13 silly audit   '@typescript-eslint/types': [ '8.67.0' ],
13 silly audit   '@typescript-eslint/typescript-estree': [ '8.67.0' ],
13 silly audit   'balanced-match': [ '4.0.4', '1.0.2' ],
13 silly audit   'brace-expansion': [ '5.0.9', '1.1.18' ],
13 silly audit   minimatch: [ '10.2.6', '3.1.5' ],
13 silly audit   semver: [ '7.8.5', '6.3.1' ],
13 silly audit   '@typescript-eslint/utils': [ '8.67.0' ],
13 silly audit   '@typescript-eslint/visitor-keys': [ '8.67.0' ],
13 silly audit   '@unrs/resolver-binding-android-arm-eabi': [ '1.12.2' ],
13 silly audit   '@unrs/resolver-binding-android-arm64': [ '1.12.2' ],
13 silly audit   '@unrs/resolver-binding-darwin-arm64': [ '1.12.2' ],
13 silly audit   '@unrs/resolver-binding-darwin-x64': [ '1.12.2' ],
13 silly audit   '@unrs/resolver-binding-freebsd-x64': [ '1.12.2' ],
13 silly audit   '@unrs/resolver-binding-linux-arm-gnueabihf': [ '1.12.2' ],
13 silly audit   '@unrs/resolver-binding-linux-arm-musleabihf': [ '1.12.2' ],
13 silly audit   '@unrs/resolver-binding-linux-arm64-gnu': [ '1.12.2' ],
13 silly audit   '@unrs/resolver-binding-linux-arm64-musl': [ '1.12.2' ],
13 silly audit   '@unrs/resolver-binding-linux-loong64-gnu': [ '1.12.2' ],
13 silly audit   '@unrs/resolver-binding-linux-loong64-musl': [ '1.12.2' ],
13 silly audit   '@unrs/resolver-binding-linux-ppc64-gnu': [ '1.12.2' ],
13 silly audit   '@unrs/resolver-binding-linux-riscv64-gnu': [ '1.12.2' ],
13 silly audit   '@unrs/resolver-binding-linux-riscv64-musl': [ '1.12.2' ],
13 silly audit   '@unrs/resolver-binding-linux-s390x-gnu': [ '1.12.2' ],
13 silly audit   '@unrs/resolver-binding-linux-x64-gnu': [ '1.12.2' ],
13 silly audit   '@unrs/resolver-binding-linux-x64-musl': [ '1.12.2' ],
13 silly audit   '@unrs/resolver-binding-openharmony-arm64': [ '1.12.2' ],
13 silly audit   '@unrs/resolver-binding-wasm32-wasi': [ '1.12.2' ],
13 silly audit   '@unrs/resolver-binding-win32-arm64-msvc': [ '1.12.2' ],
13 silly audit   '@unrs/resolver-binding-win32-ia32-msvc': [ '1.12.2' ],
13 silly audit   '@unrs/resolver-binding-win32-x64-msvc': [ '1.12.2' ],
13 silly audit   '@vitest/expect': [ '2.1.9' ],
13 silly audit   '@vitest/mocker': [ '2.1.9' ],
13 silly audit   '@vitest/pretty-format': [ '2.1.9' ],
13 silly audit   '@vitest/runner': [ '2.1.9' ],
13 silly audit   '@vitest/snapshot': [ '2.1.9' ],
13 silly audit   '@vitest/spy': [ '2.1.9' ],
13 silly audit   '@vitest/utils': [ '2.1.9' ],
13 silly audit   acorn: [ '8.18.0' ],
13 silly audit   'acorn-jsx': [ '5.3.2' ],
13 silly audit   'agent-base': [ '7.1.4' ],
13 silly audit   ajv: [ '6.15.0' ],
13 silly audit   'ansi-regex': [ '5.0.1' ],
13 silly audit   'ansi-styles': [ '4.3.0', '5.2.0' ],
13 silly audit   argparse: [ '2.0.1' ],
13 silly audit   'aria-query': [ '5.3.0', '5.3.2' ],
13 silly audit   'array-buffer-byte-length': [ '1.0.2' ],
13 silly audit   'array-includes': [ '3.1.9' ],
13 silly audit   'array.prototype.findlast': [ '1.2.5' ],
13 silly audit   'array.prototype.findlastindex': [ '1.2.6' ],
13 silly audit   'array.prototype.flat': [ '1.3.3' ],
13 silly audit   'array.prototype.flatmap': [ '1.3.3' ],
13 silly audit   'array.prototype.tosorted': [ '1.1.4' ],
13 silly audit   'arraybuffer.prototype.slice': [ '1.0.4' ],
13 silly audit   'assertion-error': [ '2.0.1' ],
13 silly audit   'ast-types-flow': [ '0.0.8' ],
13 silly audit   'async-function': [ '1.0.0' ],
13 silly audit   asynckit: [ '0.4.0' ],
13 silly audit   'available-typed-arrays': [ '1.0.7' ],
13 silly audit   'axe-core': [ '4.13.0' ],
13 silly audit   'axobject-query': [ '4.1.0' ],
13 silly audit   'baseline-browser-mapping': [ '2.11.13' ],
13 silly audit   braces: [ '3.0.3' ],
13 silly audit   browserslist: [ '4.28.8' ],
13 silly audit   cac: [ '6.7.14' ],
13 silly audit   'call-bind': [ '1.0.9' ],
13 silly audit   'call-bind-apply-helpers': [ '1.0.2' ],
13 silly audit   'call-bound': [ '1.0.4' ],
13 silly audit   callsites: [ '3.1.0' ],
13 silly audit   'caniuse-lite': [ '1.0.30001809' ],
13 silly audit   chai: [ '5.3.3' ],
13 silly audit   chalk: [ '4.1.2' ],
13 silly audit   'check-error': [ '2.1.3' ],
13 silly audit   'client-only': [ '0.0.1' ],
13 silly audit   'color-convert': [ '2.0.1' ],
13 silly audit   'color-name': [ '1.1.4' ],
13 silly audit   'combined-stream': [ '1.0.8' ],
13 silly audit   'concat-map': [ '0.0.1' ],
13 silly audit   'convert-source-map': [ '2.0.0' ],
13 silly audit   'cross-spawn': [ '7.0.6' ],
13 silly audit   'css.escape': [ '1.5.1' ],
13 silly audit   cssstyle: [ '4.6.0' ],
13 silly audit   'rrweb-cssom': [ '0.8.0', '0.7.1' ],
13 silly audit   csstype: [ '3.2.3' ],
13 silly audit   'damerau-levenshtein': [ '1.0.8' ],
13 silly audit   'data-urls': [ '5.0.0' ],
13 silly audit   'data-view-buffer': [ '1.0.2' ],
13 silly audit   'data-view-byte-length': [ '1.0.2' ],
13 silly audit   'data-view-byte-offset': [ '1.0.1' ],
13 silly audit   'date-fns': [ '4.4.0' ],
13 silly audit   debug: [ '4.4.3', '3.2.7' ],
13 silly audit   'decimal.js': [ '10.6.0' ],
13 silly audit   'deep-eql': [ '5.0.2' ],
13 silly audit   'deep-is': [ '0.1.4' ],
13 silly audit   'define-data-property': [ '1.1.4' ],
13 silly audit   'define-properties': [ '1.2.1' ],
13 silly audit   'delayed-stream': [ '1.0.0' ],
13 silly audit   dequal: [ '2.0.3' ],
13 silly audit   'detect-libc': [ '2.1.2' ],
13 silly audit   doctrine: [ '2.1.0' ],
13 silly audit   dompurify: [ '3.4.8' ],
13 silly audit   'dunder-proto': [ '1.0.1' ],
13 silly audit   'electron-to-chromium': [ '1.5.405' ],
13 silly audit   'emoji-regex': [ '9.2.2' ],
13 silly audit   entities: [ '6.0.1' ],
13 silly audit   'es-abstract': [ '1.24.2' ],
13 silly audit   'es-abstract-get': [ '1.0.0' ],
13 silly audit   'es-define-property': [ '1.0.1' ],
13 silly audit   'es-errors': [ '1.3.0' ],
13 silly audit   'es-iterator-helpers': [ '1.4.0' ],
13 silly audit   'es-module-lexer': [ '1.7.0' ],
13 silly audit   'es-object-atoms': [ '1.1.2' ],
13 silly audit   'es-set-tostringtag': [ '2.1.0' ],
13 silly audit   'es-shim-unscopables': [ '1.1.0' ],
13 silly audit   'es-to-primitive': [ '1.3.4' ],
13 silly audit   esbuild: [ '0.21.5' ],
13 silly audit   escalade: [ '3.2.0' ],
13 silly audit   'escape-string-regexp': [ '4.0.0' ],
13 silly audit   eslint: [ '9.39.5' ],
13 silly audit   'eslint-config-next': [ '16.3.0' ],
13 silly audit   globals: [ '16.4.0', '14.0.0' ],
13 silly audit   'eslint-import-resolver-node': [ '0.3.10' ],
13 silly audit   'eslint-import-resolver-typescript': [ '3.10.1' ],
13 silly audit   'eslint-module-utils': [ '2.14.0' ],
13 silly audit   'eslint-plugin-import': [ '2.32.0' ],
13 silly audit   'eslint-plugin-jsx-a11y': [ '6.10.2' ],
13 silly audit   'eslint-plugin-react': [ '7.37.5' ],
13 silly audit   'eslint-plugin-react-hooks': [ '7.1.1' ],
13 silly audit   'eslint-scope': [ '8.4.0' ],
13 silly audit   espree: [ '10.4.0' ],
13 silly audit   esquery: [ '1.7.0' ],
13 silly audit   esrecurse: [ '4.3.0' ],
13 silly audit   estraverse: [ '5.3.0' ],
13 silly audit   'estree-walker': [ '3.0.3' ],
13 silly audit   esutils: [ '2.0.3' ],
13 silly audit   'expect-type': [ '1.4.0' ],
13 silly audit   'fast-deep-equal': [ '3.1.3' ],
13 silly audit   'fast-glob': [ '3.3.1' ],
13 silly audit   'glob-parent': [ '5.1.2', '6.0.2' ],
13 silly audit   'fast-json-stable-stringify': [ '2.1.0' ],
13 silly audit   'fast-levenshtein': [ '2.0.6' ],
13 silly audit   fastq: [ '1.20.1' ],
13 silly audit   'file-entry-cache': [ '8.0.0' ],
13 silly audit   'fill-range': [ '7.1.1' ],
13 silly audit   'find-up': [ '5.0.0' ],
13 silly audit   'flat-cache': [ '4.0.1' ],
13 silly audit   flatted: [ '3.4.4' ],
13 silly audit   'for-each': [ '0.3.5' ],
13 silly audit   'form-data': [ '4.0.6' ],
13 silly audit   fsevents: [ '2.3.3' ],
13 silly audit   'function-bind': [ '1.1.2' ],
13 silly audit   'function.prototype.name': [ '1.2.0' ],
13 silly audit   'functions-have-names': [ '1.2.3' ],
13 silly audit   'generator-function': [ '2.0.1' ],
13 silly audit   gensync: [ '1.0.0-beta.2' ],
13 silly audit   'get-intrinsic': [ '1.3.0' ],
13 silly audit   'get-proto': [ '1.0.1' ],
13 silly audit   'get-symbol-description': [ '1.1.0' ],
13 silly audit   'get-tsconfig': [ '4.14.1' ],
13 silly audit   globalthis: [ '1.0.4' ],
13 silly audit   gopd: [ '1.2.0' ],
13 silly audit   'has-bigints': [ '1.1.0' ],
13 silly audit   'has-flag': [ '4.0.0' ],
13 silly audit   'has-property-descriptors': [ '1.0.2' ],
13 silly audit   'has-proto': [ '1.2.0' ],
13 silly audit   'has-symbols': [ '1.1.0' ],
13 silly audit   'has-tostringtag': [ '1.0.2' ],
13 silly audit   hasown: [ '2.0.4' ],
13 silly audit   'hermes-estree': [ '0.25.1' ],
13 silly audit   'hermes-parser': [ '0.25.1' ],
13 silly audit   'html-encoding-sniffer': [ '4.0.0' ],
13 silly audit   'http-proxy-agent': [ '7.0.2' ],
13 silly audit   'https-proxy-agent': [ '7.0.6' ],
13 silly audit   'iceberg-js': [ '0.8.1' ],
13 silly audit   'iconv-lite': [ '0.6.3' ],
13 silly audit   'import-fresh': [ '3.3.1' ],
13 silly audit   imurmurhash: [ '0.1.4' ],
13 silly audit   'indent-string': [ '4.0.0' ],
13 silly audit   'internal-slot': [ '1.1.0' ],
13 silly audit   'is-array-buffer': [ '3.0.5' ],
13 silly audit   'is-async-function': [ '2.1.1' ],
13 silly audit   'is-bigint': [ '1.1.0' ],
13 silly audit   'is-boolean-object': [ '1.2.2' ],
13 silly audit   'is-bun-module': [ '2.0.0' ],
13 silly audit   'is-callable': [ '1.2.7' ],
13 silly audit   'is-core-module': [ '2.16.2' ],
13 silly audit   'is-data-view': [ '1.0.2' ],
13 silly audit   'is-date-object': [ '1.1.0' ],
13 silly audit   'is-document.all': [ '1.0.0' ],
13 silly audit   'is-extglob': [ '2.1.1' ],
13 silly audit   'is-finalizationregistry': [ '1.1.1' ],
13 silly audit   'is-generator-function': [ '1.1.2' ],
13 silly audit   'is-glob': [ '4.0.3' ],
13 silly audit   'is-map': [ '2.0.3' ],
13 silly audit   'is-negative-zero': [ '2.0.3' ],
13 silly audit   'is-number': [ '7.0.0' ],
13 silly audit   'is-number-object': [ '1.1.1' ],
13 silly audit   'is-potential-custom-element-name': [ '1.0.1' ],
13 silly audit   'is-regex': [ '1.2.1' ],
13 silly audit   'is-set': [ '2.0.3' ],
13 silly audit   'is-shared-array-buffer': [ '1.0.4' ],
13 silly audit   'is-string': [ '1.1.1' ],
13 silly audit   'is-symbol': [ '1.1.1' ],
13 silly audit   'is-typed-array': [ '1.1.15' ],
13 silly audit   'is-weakmap': [ '2.0.2' ],
13 silly audit   'is-weakref': [ '1.1.1' ],
13 silly audit   'is-weakset': [ '2.0.4' ],
13 silly audit   isarray: [ '2.0.5' ],
13 silly audit   isexe: [ '2.0.0' ],
13 silly audit   'iterator.prototype': [ '1.1.5' ],
13 silly audit   'js-tokens': [ '4.0.0' ],
13 silly audit   'js-yaml': [ '4.3.1' ],
13 silly audit   jsdom: [ '25.0.1' ],
13 silly audit   jsesc: [ '3.1.0' ],
13 silly audit   'json-buffer': [ '3.0.1' ],
13 silly audit   'json-schema-traverse': [ '0.4.1' ],
13 silly audit   'json-stable-stringify-without-jsonify': [ '1.0.1' ],
13 silly audit   json5: [ '2.2.3', '1.0.2' ],
13 silly audit   'jsx-ast-utils': [ '3.3.5' ],
13 silly audit   keyv: [ '4.5.4' ],
13 silly audit   'language-subtag-registry': [ '0.3.23' ],
13 silly audit   'language-tags': [ '1.0.9' ],
13 silly audit   levn: [ '0.4.1' ],
13 silly audit   'locate-path': [ '6.0.0' ],
13 silly audit   'lodash.merge': [ '4.6.2' ],
13 silly audit   'loose-envify': [ '1.4.0' ],
13 silly audit   loupe: [ '3.2.1' ],
13 silly audit   'lucide-react': [ '0.468.0' ],
13 silly audit   'lz-string': [ '1.5.0' ],
13 silly audit   'magic-string': [ '0.30.21' ],
13 silly audit   marked: [ '14.0.0' ],
13 silly audit   'math-intrinsics': [ '1.1.0' ],
13 silly audit   merge2: [ '1.4.1' ],
13 silly audit   micromatch: [ '4.0.8' ],
13 silly audit   'mime-db': [ '1.52.0' ],
13 silly audit   'mime-types': [ '2.1.35' ],
13 silly audit   'min-indent': [ '1.0.1' ],
13 silly audit   minimist: [ '1.2.8' ],
13 silly audit   'monaco-editor': [ '0.56.0' ],
13 silly audit   ms: [ '2.1.3' ],
13 silly audit   nanoid: [ '3.3.18' ],
13 silly audit   'napi-postinstall': [ '0.3.4' ],
13 silly audit   'natural-compare': [ '1.4.0' ],
13 silly audit   next: [ '16.3.0' ],
13 silly audit   'node-exports-info': [ '1.6.2' ],
13 silly audit   'node-releases': [ '2.0.53' ],
13 silly audit   nwsapi: [ '2.2.24' ],
13 silly audit   'object-assign': [ '4.1.1' ],
13 silly audit   'object-inspect': [ '1.13.4' ],
13 silly audit   'object-keys': [ '1.1.1' ],
13 silly audit   'object.assign': [ '4.1.7' ],
13 silly audit   'object.entries': [ '1.1.9' ],
13 silly audit   'object.fromentries': [ '2.0.8' ],
13 silly audit   'object.groupby': [ '1.0.3' ],
13 silly audit   'object.values': [ '1.2.1' ],
13 silly audit   optionator: [ '0.9.4' ],
13 silly audit   'own-keys': [ '1.0.2' ],
13 silly audit   'p-limit': [ '3.1.0' ],
13 silly audit   'p-locate': [ '5.0.0' ],
13 silly audit   'parent-module': [ '1.0.1' ],
13 silly audit   parse5: [ '7.3.0' ],
13 silly audit   'path-exists': [ '4.0.0' ],
13 silly audit   'path-key': [ '3.1.1' ],
13 silly audit   'path-parse': [ '1.0.7' ],
13 silly audit   pathe: [ '1.1.2' ],
13 silly audit   pathval: [ '2.0.1' ],
13 silly audit   picocolors: [ '1.1.1' ],
13 silly audit   picomatch: [ '2.3.2', '4.0.5' ],
13 silly audit   'possible-typed-array-names': [ '1.1.0' ],
13 silly audit   postcss: [ '8.5.23' ],
13 silly audit   'prelude-ls': [ '1.2.1' ],
13 silly audit   'pretty-format': [ '27.5.1' ],
13 silly audit   'prop-types': [ '15.8.1' ],
13 silly audit   'react-is': [ '16.13.1', '17.0.2' ],
13 silly audit   punycode: [ '2.3.1' ],
13 silly audit   'queue-microtask': [ '1.2.3' ],
13 silly audit   react: [ '19.2.8' ],
13 silly audit   'react-dom': [ '19.2.8' ],
13 silly audit   redent: [ '3.0.0' ],
13 silly audit   'reflect.getprototypeof': [ '1.0.10' ],
13 silly audit   'regexp.prototype.flags': [ '1.5.4' ],
13 silly audit   resolve: [ '2.0.0-next.7' ],
13 silly audit   'resolve-from': [ '4.0.0' ],
13 silly audit   'resolve-pkg-maps': [ '1.0.0' ],
13 silly audit   reusify: [ '1.1.0' ],
13 silly audit   rollup: [ '4.62.4' ],
13 silly audit   'run-parallel': [ '1.2.0' ],
13 silly audit   'safe-array-concat': [ '1.1.4' ],
13 silly audit   'safe-push-apply': [ '1.0.0' ],
13 silly audit   'safe-regex-test': [ '1.1.0' ],
13 silly audit   'safer-buffer': [ '2.1.2' ],
13 silly audit   saxes: [ '6.0.0' ],
13 silly audit   scheduler: [ '0.27.0' ],
13 silly audit   'set-function-length': [ '1.2.2' ],
13 silly audit   'set-function-name': [ '2.0.2' ],
13 silly audit   'set-proto': [ '1.0.0' ],
13 silly audit   sharp: [ '0.35.3' ],
13 silly audit   'shebang-command': [ '2.0.0' ],
13 silly audit   'shebang-regex': [ '3.0.0' ],
13 silly audit   'side-channel': [ '1.1.1' ],
13 silly audit   'side-channel-list': [ '1.0.1' ],
13 silly audit   'side-channel-map': [ '1.0.1' ],
13 silly audit   'side-channel-weakmap': [ '1.0.2' ],
13 silly audit   siginfo: [ '2.0.0' ],
13 silly audit   'source-map-js': [ '1.2.1' ],
13 silly audit   'stable-hash': [ '0.0.5' ],
13 silly audit   stackback: [ '0.0.2' ],
13 silly audit   'state-local': [ '1.0.7' ],
13 silly audit   'std-env': [ '3.10.0' ],
13 silly audit   'stop-iteration-iterator': [ '1.1.0' ],
13 silly audit   'string.prototype.includes': [ '2.0.1' ],
13 silly audit   'string.prototype.matchall': [ '4.0.12' ],
13 silly audit   'string.prototype.repeat': [ '1.0.0' ],
13 silly audit   'string.prototype.trim': [ '1.2.11' ],
13 silly audit   'string.prototype.trimend': [ '1.0.10' ],
13 silly audit   'string.prototype.trimstart': [ '1.0.8' ],
13 silly audit   'strip-bom': [ '3.0.0' ],
13 silly audit   'strip-indent': [ '3.0.0' ],
13 silly audit   'strip-json-comments': [ '3.1.1' ],
13 silly audit   'styled-jsx': [ '5.1.6' ],
13 silly audit   'supports-color': [ '7.2.0' ],
13 silly audit   'supports-preserve-symlinks-flag': [ '1.0.0' ],
13 silly audit   'symbol-tree': [ '3.2.4' ],
13 silly audit   tinybench: [ '2.9.0' ],
13 silly audit   tinyexec: [ '0.3.2' ],
13 silly audit   tinyglobby: [ '0.2.17' ],
13 silly audit   fdir: [ '6.5.0' ],
13 silly audit   tinypool: [ '1.1.1' ],
13 silly audit   tinyrainbow: [ '1.2.0' ],
13 silly audit   tinyspy: [ '3.0.2' ],
13 silly audit   tldts: [ '6.1.86' ],
13 silly audit   'tldts-core': [ '6.1.86' ],
13 silly audit   'to-regex-range': [ '5.0.1' ],
13 silly audit   'tough-cookie': [ '5.1.2' ],
13 silly audit   tr46: [ '5.1.1' ],
13 silly audit   'ts-api-utils': [ '2.5.0' ],
13 silly audit   'tsconfig-paths': [ '3.15.0' ],
13 silly audit   tslib: [ '2.8.1' ],
13 silly audit   'type-check': [ '0.4.0' ],
13 silly audit   'typed-array-buffer': [ '1.0.3' ],
13 silly audit   'typed-array-byte-length': [ '1.0.3' ],
13 silly audit   'typed-array-byte-offset': [ '1.0.4' ],
13 silly audit   'typed-array-length': [ '1.0.8' ],
13 silly audit   typescript: [ '5.9.3' ],
13 silly audit   'typescript-eslint': [ '8.67.0' ],
13 silly audit   'unbox-primitive': [ '1.1.0' ],
13 silly audit   'undici-types': [ '6.21.0' ],
13 silly audit   'unrs-resolver': [ '1.12.2' ],
13 silly audit   'update-browserslist-db': [ '1.3.1' ],
13 silly audit   'uri-js': [ '4.4.1' ],
13 silly audit   vite: [ '5.4.21' ],
13 silly audit   'vite-node': [ '2.1.9' ],
13 silly audit   vitest: [ '2.1.9' ],
13 silly audit   'w3c-xmlserializer': [ '5.0.0' ],
13 silly audit   'webidl-conversions': [ '7.0.0' ],
13 silly audit   'whatwg-encoding': [ '3.1.1' ],
13 silly audit   'whatwg-mimetype': [ '4.0.0' ],
13 silly audit   'whatwg-url': [ '14.2.0' ],
13 silly audit   which: [ '2.0.2' ],
13 silly audit   'which-boxed-primitive': [ '1.1.1' ],
13 silly audit   'which-builtin-type': [ '1.2.1' ],
13 silly audit   'which-collection': [ '1.0.2' ],
13 silly audit   'which-typed-array': [ '1.1.22' ],
13 silly audit   'why-is-node-running': [ '2.3.0' ],
13 silly audit   'word-wrap': [ '1.2.5' ],
13 silly audit   ws: [ '8.21.3' ],
13 silly audit   'xml-name-validator': [ '5.0.0' ],
13 silly audit   xmlchars: [ '2.2.0' ],
13 silly audit   yallist: [ '3.1.1' ],
13 silly audit   'yocto-queue': [ '0.1.0' ],
13 silly audit   zod: [ '4.4.3' ],
13 silly audit   'zod-validation-error': [ '4.0.2' ]
13 silly audit }
14 http fetch POST 200 https://registry.npmjs.org/-/npm/v1/security/advisories/bulk 206ms
15 silly audit report {
15 silly audit report   dompurify: [
15 silly audit report     {
15 silly audit report       id: 1124022,
15 silly audit report       url: 'https://github.com/advisories/GHSA-c2j3-45gr-mqc4',
15 silly audit report       title: 'DOMPurify: `CUSTOM_ELEMENT_HANDLING` bypasses `afterSanitizeElements` for allowed custom elements.',
15 silly audit report       severity: 'low',
15 silly audit report       vulnerable_versions: '<=3.4.11',
15 silly audit report       cwe: [Array],
15 silly audit report       cvss: [Object]
15 silly audit report     },
15 silly audit report     {
15 silly audit report       id: 1124233,
15 silly audit report       url: 'https://github.com/advisories/GHSA-cmwh-pvxp-8882',
15 silly audit report       title: 'DOMPurify: Permanent `ALLOWED_ATTR` pollution via `setConfig()` bypassing the hook clone-guard (incomplete fix of the 3.4.7 hook-pollution patch)',
15 silly audit report       severity: 'moderate',
15 silly audit report       vulnerable_versions: '<=3.4.10',
15 silly audit report       cwe: [Array],
15 silly audit report       cvss: [Object]
15 silly audit report     },
15 silly audit report     {
15 silly audit report       id: 1124234,
15 silly audit report       url: 'https://github.com/advisories/GHSA-vxr8-fq34-vvx9',
15 silly audit report       title: 'DOMPurify: Trusted Types policy survives `clearConfig()` and can poison later `RETURN_TRUSTED_TYPE` output',
15 silly audit report       severity: 'low',
15 silly audit report       vulnerable_versions: '<3.4.9',
15 silly audit report       cwe: [Array],
15 silly audit report       cvss: [Object]
15 silly audit report     },
15 silly audit report     {
15 silly audit report       id: 1138538,
15 silly audit report       url: 'https://github.com/advisories/GHSA-55q2-fjhq-7xh7',
15 silly audit report       title: 'DOMPurify: IN_PLACE hook removal leaves a detached subtree executable, causing XSS',
15 silly audit report       severity: 'moderate',
15 silly audit report       vulnerable_versions: '<=3.4.12',
15 silly audit report       cwe: [Array],
15 silly audit report       cvss: [Object]
15 silly audit report     }
15 silly audit report   ],
15 silly audit report   esbuild: [
15 silly audit report     {
15 silly audit report       id: 1102341,
15 silly audit report       url: 'https://github.com/advisories/GHSA-67mh-4wv8-2f99',
15 silly audit report       title: 'esbuild enables any website to send any requests to the development server and read the response',
15 silly audit report       severity: 'moderate',
15 silly audit report       vulnerable_versions: '<=0.24.2',
15 silly audit report       cwe: [Array],
15 silly audit report       cvss: [Object]
15 silly audit report     }
15 silly audit report   ],
15 silly audit report   vite: [
15 silly audit report     {
15 silly audit report       id: 1120784,
15 silly audit report       url: 'https://github.com/advisories/GHSA-v6wh-96g9-6wx3',
15 silly audit report       title: 'launch-editor: NTLMv2 hash disclosure via UNC path handling on Windows',
15 silly audit report       severity: 'moderate',
15 silly audit report       vulnerable_versions: '<=6.4.2',
15 silly audit report       cwe: [Array],
15 silly audit report       cvss: [Object]
15 silly audit report     },
15 silly audit report     {
15 silly audit report       id: 1116229,
15 silly audit report       url: 'https://github.com/advisories/GHSA-4w7w-66w2-5vf9',
15 silly audit report       title: 'Vite Vulnerable to Path Traversal in Optimized Deps `.map` Handling',
15 silly audit report       severity: 'moderate',
15 silly audit report       vulnerable_versions: '<=6.4.1',
15 silly audit report       cwe: [Array],
15 silly audit report       cvss: [Object]
15 silly audit report     },
15 silly audit report     {
15 silly audit report       id: 1123525,
15 silly audit report       url: 'https://github.com/advisories/GHSA-fx2h-pf6j-xcff',
15 silly audit report       title: 'vite: `server.fs.deny` bypass on Windows alternate paths',
15 silly audit report       severity: 'high',
15 silly audit report       vulnerable_versions: '<=6.4.2',
15 silly audit report       cwe: [Array],
15 silly audit report       cvss: [Object]
15 silly audit report     }
15 silly audit report   ],
15 silly audit report   vitest: [
15 silly audit report     {
15 silly audit report       id: 1120126,
15 silly audit report       url: 'https://github.com/advisories/GHSA-5xrq-8626-4rwp',
15 silly audit report       title: 'When Vitest UI server is listening, arbitrary file can be read and executed',
15 silly audit report       severity: 'critical',
15 silly audit report       vulnerable_versions: '<3.2.6',
15 silly audit report       cwe: [Array],
15 silly audit report       cvss: [Object]
15 silly audit report     }
15 silly audit report   ]
15 silly audit report }
16 silly packumentCache corgi:https://registry.npmjs.org/dompurify cache-miss
17 silly packumentCache corgi:https://registry.npmjs.org/esbuild cache-miss
18 silly packumentCache corgi:https://registry.npmjs.org/vite cache-miss
19 silly packumentCache corgi:https://registry.npmjs.org/vitest cache-miss
20 http cache https://registry.npmjs.org/dompurify 33ms (cache hit)
21 silly packumentCache corgi:https://registry.npmjs.org/dompurify set size:256605 disposed:false
22 http fetch GET 200 https://registry.npmjs.org/esbuild 52ms (cache revalidated)
23 silly packumentCache corgi:https://registry.npmjs.org/esbuild set size:889133 disposed:false
24 http fetch GET 200 https://registry.npmjs.org/vitest 80ms (cache revalidated)
25 silly packumentCache corgi:https://registry.npmjs.org/vitest set size:1266914 disposed:false
26 http fetch GET 200 https://registry.npmjs.org/vite 98ms (cache revalidated)
27 silly packumentCache corgi:https://registry.npmjs.org/vite set size:2295063 disposed:false
28 silly packumentCache corgi:https://registry.npmjs.org/monaco-editor cache-miss
29 http cache https://registry.npmjs.org/monaco-editor 55ms (cache hit)
30 silly packumentCache corgi:https://registry.npmjs.org/monaco-editor set size:1749621 disposed:false
31 silly packumentCache corgi:https://registry.npmjs.org/@vitest%2fmocker cache-miss
32 silly packumentCache corgi:https://registry.npmjs.org/vite-node cache-miss
33 http fetch GET 200 https://registry.npmjs.org/vite-node 39ms (cache revalidated)
34 silly packumentCache corgi:https://registry.npmjs.org/vite-node set size:453359 disposed:false
35 http fetch GET 200 https://registry.npmjs.org/@vitest%2fmocker 51ms (cache revalidated)
36 silly packumentCache corgi:https://registry.npmjs.org/@vitest%2fmocker set size:124333 disposed:false
37 silly packumentCache corgi:https://registry.npmjs.org/@monaco-editor%2freact cache-miss
38 http cache https://registry.npmjs.org/@monaco-editor%2freact 12ms (cache hit)
39 silly packumentCache corgi:https://registry.npmjs.org/@monaco-editor%2freact set size:230151 disposed:false
40 silly idealTree buildDeps
41 silly fetch manifest vitest@^2.1.8
42 silly packumentCache full:https://registry.npmjs.org/vitest cache-miss
43 verbose shrinkwrap failed to load node_modules/.package-lock.json out of date, updated: node_modules
44 http fetch GET 200 https://registry.npmjs.org/vitest 664ms (cache revalidated)
45 silly packumentCache full:https://registry.npmjs.org/vitest set size:2229935 disposed:false
46 silly fetch manifest @edge-runtime/vm@*
47 silly packumentCache full:https://registry.npmjs.org/@edge-runtime%2fvm cache-miss
48 http fetch GET 200 https://registry.npmjs.org/@edge-runtime%2fvm 48ms (cache revalidated)
49 silly packumentCache full:https://registry.npmjs.org/@edge-runtime%2fvm set size:269934 disposed:false
50 silly fetch manifest @types/node@^22.10.2
51 silly packumentCache full:https://registry.npmjs.org/@types%2fnode cache-miss
52 http fetch GET 200 https://registry.npmjs.org/@types%2fnode 50ms (cache revalidated)
53 silly packumentCache full:https://registry.npmjs.org/@types%2fnode set size:11088606 disposed:false
54 silly fetch manifest @vitest/browser@2.1.9
55 silly packumentCache full:https://registry.npmjs.org/@vitest%2fbrowser cache-miss
56 http fetch GET 200 https://registry.npmjs.org/@vitest%2fbrowser 46ms (cache revalidated)
57 silly packumentCache full:https://registry.npmjs.org/@vitest%2fbrowser set size:790265 disposed:false
58 silly fetch manifest playwright@*
59 silly packumentCache full:https://registry.npmjs.org/playwright cache-miss
60 http fetch GET 200 https://registry.npmjs.org/playwright 56ms (cache revalidated)
61 silly packumentCache full:https://registry.npmjs.org/playwright set size:16622932 disposed:false
62 silly fetch manifest webdriverio@*
63 silly packumentCache full:https://registry.npmjs.org/webdriverio cache-miss
64 http fetch GET 200 https://registry.npmjs.org/webdriverio 39ms (cache revalidated)
65 silly packumentCache full:https://registry.npmjs.org/webdriverio set size:3147996 disposed:false
66 silly fetch manifest puppeteer-core@>=22.x || <=24.x
67 silly packumentCache full:https://registry.npmjs.org/puppeteer-core cache-miss
68 http fetch GET 200 https://registry.npmjs.org/puppeteer-core 37ms (cache revalidated)
69 silly packumentCache full:https://registry.npmjs.org/puppeteer-core set size:1562964 disposed:false
70 silly fetch manifest @vitest/ui@2.1.9
71 silly packumentCache full:https://registry.npmjs.org/@vitest%2fui cache-miss
72 http fetch GET 200 https://registry.npmjs.org/@vitest%2fui 34ms (cache revalidated)
73 silly packumentCache full:https://registry.npmjs.org/@vitest%2fui set size:1278853 disposed:false
74 silly fetch manifest happy-dom@*
75 silly packumentCache full:https://registry.npmjs.org/happy-dom cache-miss
76 http fetch GET 200 https://registry.npmjs.org/happy-dom 31ms (cache revalidated)
77 silly packumentCache full:https://registry.npmjs.org/happy-dom set size:2481409 disposed:false
78 silly fetch manifest jsdom@^25.0.1
79 silly packumentCache full:https://registry.npmjs.org/jsdom cache-miss
80 http fetch GET 200 https://registry.npmjs.org/jsdom 28ms (cache revalidated)
81 silly packumentCache full:https://registry.npmjs.org/jsdom set size:1074418 disposed:false
82 silly fetch manifest canvas@^2.11.2
83 silly packumentCache full:https://registry.npmjs.org/canvas cache-miss
84 http fetch GET 200 https://registry.npmjs.org/canvas 28ms (cache revalidated)
85 silly packumentCache full:https://registry.npmjs.org/canvas set size:349782 disposed:false
86 silly placeDep ROOT vitest@2.1.9 KEEP for: algomate@0.1.0 want: ^2.1.8
87 silly fetch manifest monaco-editor@>= 0.25.0 < 1
88 silly packumentCache full:https://registry.npmjs.org/monaco-editor cache-miss
89 http fetch GET 200 https://registry.npmjs.org/monaco-editor 38ms (cache revalidated)
90 silly packumentCache full:https://registry.npmjs.org/monaco-editor set size:4159262 disposed:false
91 silly placeDep ROOT monaco-editor@0.53.0 KEEP for: @monaco-editor/react@4.7.0 want: >= 0.25.0 < 1
92 silly fetch manifest vite@^5.0.0
93 silly packumentCache full:https://registry.npmjs.org/vite cache-miss
94 http fetch GET 200 https://registry.npmjs.org/vite 102ms (cache revalidated)
95 silly packumentCache full:https://registry.npmjs.org/vite set size:38924120 disposed:false
96 silly fetch manifest @types/node@^18.0.0 || >=20.0.0
97 silly packumentCache full:https://registry.npmjs.org/@types%2fnode cache-miss
98 http cache https://registry.npmjs.org/@types%2fnode 46ms (cache hit)
99 silly packumentCache full:https://registry.npmjs.org/@types%2fnode set size:11088606 disposed:false
100 silly fetch manifest less@*
101 silly packumentCache full:https://registry.npmjs.org/less cache-miss
102 http fetch GET 200 https://registry.npmjs.org/less 87ms (cache revalidated)
103 silly packumentCache full:https://registry.npmjs.org/less set size:492138 disposed:false
104 silly fetch manifest lightningcss@^1.21.0
105 silly packumentCache full:https://registry.npmjs.org/lightningcss cache-miss
106 http fetch GET 200 https://registry.npmjs.org/lightningcss 44ms (cache revalidated)
107 silly packumentCache full:https://registry.npmjs.org/lightningcss set size:191065 disposed:false
108 silly fetch manifest sass@*
109 silly packumentCache full:https://registry.npmjs.org/sass cache-miss
110 http fetch GET 200 https://registry.npmjs.org/sass 48ms (cache revalidated)
111 silly packumentCache full:https://registry.npmjs.org/sass set size:743214 disposed:false
112 silly fetch manifest sass-embedded@*
113 silly packumentCache full:https://registry.npmjs.org/sass-embedded cache-miss
114 http fetch GET 200 https://registry.npmjs.org/sass-embedded 33ms (cache revalidated)
115 silly packumentCache full:https://registry.npmjs.org/sass-embedded set size:419718 disposed:false
116 silly fetch manifest stylus@*
117 silly packumentCache full:https://registry.npmjs.org/stylus cache-miss
118 http fetch GET 200 https://registry.npmjs.org/stylus 29ms (cache revalidated)
119 silly packumentCache full:https://registry.npmjs.org/stylus set size:286766 disposed:false
120 silly fetch manifest sugarss@*
121 silly packumentCache full:https://registry.npmjs.org/sugarss cache-miss
122 http fetch GET 200 https://registry.npmjs.org/sugarss 30ms (cache revalidated)
123 silly packumentCache full:https://registry.npmjs.org/sugarss set size:44975 disposed:false
124 silly fetch manifest postcss@^8.3.3
125 silly packumentCache full:https://registry.npmjs.org/postcss cache-miss
126 http fetch GET 200 https://registry.npmjs.org/postcss 27ms (cache revalidated)
127 silly packumentCache full:https://registry.npmjs.org/postcss set size:760024 disposed:false
128 silly fetch manifest terser@^5.4.0
129 silly packumentCache full:https://registry.npmjs.org/terser cache-miss
130 http fetch GET 200 https://registry.npmjs.org/terser 32ms (cache revalidated)
131 silly packumentCache full:https://registry.npmjs.org/terser set size:817272 disposed:false
132 silly placeDep ROOT vite@5.4.21 KEEP for: @vitest/mocker@2.1.9 want: ^5.0.0
133 silly fetch manifest dompurify@3.4.8
134 silly packumentCache full:https://registry.npmjs.org/dompurify cache-miss
135 http fetch GET 200 https://registry.npmjs.org/dompurify 27ms (cache revalidated)
136 silly packumentCache full:https://registry.npmjs.org/dompurify set size:737620 disposed:false
137 silly placeDep ROOT dompurify@3.4.8 KEEP for: monaco-editor@0.56.0 want: 3.4.8
138 silly fetch manifest esbuild@^0.21.3
139 silly packumentCache full:https://registry.npmjs.org/esbuild cache-miss
140 http fetch GET 200 https://registry.npmjs.org/esbuild 28ms (cache revalidated)
141 silly packumentCache full:https://registry.npmjs.org/esbuild set size:1264676 disposed:false
142 silly placeDep ROOT esbuild@0.21.5 KEEP for: vite@5.4.21 want: ^0.21.3
143 silly placeDep ROOT vite@5.4.21 KEEP for: vite-node@2.1.9 want: ^5.0.0
144 silly fetch manifest @vitest/mocker@2.1.9
145 silly packumentCache full:https://registry.npmjs.org/@vitest%2fmocker cache-miss
146 http fetch GET 200 https://registry.npmjs.org/@vitest%2fmocker 38ms (cache revalidated)
147 silly packumentCache full:https://registry.npmjs.org/@vitest%2fmocker set size:336716 disposed:false
148 silly fetch manifest msw@^2.4.9
149 silly packumentCache full:https://registry.npmjs.org/msw cache-miss
150 http fetch GET 200 https://registry.npmjs.org/msw 33ms (cache revalidated)
151 silly packumentCache full:https://registry.npmjs.org/msw set size:2036917 disposed:false
152 silly fetch manifest typescript@>= 4.8.x
153 silly packumentCache full:https://registry.npmjs.org/typescript cache-miss
154 http fetch GET 200 https://registry.npmjs.org/typescript 71ms (cache revalidated)
155 silly packumentCache full:https://registry.npmjs.org/typescript set size:15547442 disposed:false
156 silly fetch manifest vite-node@2.1.9
157 silly packumentCache full:https://registry.npmjs.org/vite-node cache-miss
158 http fetch GET 200 https://registry.npmjs.org/vite-node 29ms (cache revalidated)
159 silly packumentCache full:https://registry.npmjs.org/vite-node set size:1079451 disposed:false
160 silly placeDep ROOT @vitest/mocker@2.1.9 KEEP for: vitest@2.1.9 want: 2.1.9
161 silly placeDep ROOT vite@5.4.21 KEEP for: vitest@2.1.9 want: ^5.0.0
162 silly placeDep ROOT vite-node@2.1.9 KEEP for: vitest@2.1.9 want: 2.1.9
163 silly reify moves {}
164 silly audit bulk request {
164 silly audit   '@adobe/css-tools': [ '4.5.0' ],
164 silly audit   '@asamuzakjp/css-color': [ '3.2.0' ],
164 silly audit   'lru-cache': [ '10.4.3', '5.1.1' ],
164 silly audit   '@babel/code-frame': [ '7.29.7' ],
164 silly audit   '@babel/compat-data': [ '7.29.7' ],
164 silly audit   '@babel/core': [ '7.29.7' ],
164 silly audit   '@babel/generator': [ '7.29.8' ],
164 silly audit   '@babel/helper-compilation-targets': [ '7.29.7' ],
164 silly audit   '@babel/helper-globals': [ '7.29.7' ],
164 silly audit   '@babel/helper-module-imports': [ '7.29.7' ],
164 silly audit   '@babel/helper-module-transforms': [ '7.29.7' ],
164 silly audit   '@babel/helper-string-parser': [ '7.29.7' ],
164 silly audit   '@babel/helper-validator-identifier': [ '7.29.7' ],
164 silly audit   '@babel/helper-validator-option': [ '7.29.7' ],
164 silly audit   '@babel/helpers': [ '7.29.7' ],
164 silly audit   '@babel/parser': [ '7.29.8' ],
164 silly audit   '@babel/runtime': [ '7.29.7' ],
164 silly audit   '@babel/template': [ '7.29.7' ],
164 silly audit   '@babel/traverse': [ '7.29.8' ],
164 silly audit   '@babel/types': [ '7.29.8' ],
164 silly audit   '@csstools/color-helpers': [ '5.1.0' ],
164 silly audit   '@csstools/css-calc': [ '2.1.4' ],
164 silly audit   '@csstools/css-color-parser': [ '3.1.0' ],
164 silly audit   '@csstools/css-parser-algorithms': [ '3.0.5' ],
164 silly audit   '@csstools/css-tokenizer': [ '3.0.4' ],
164 silly audit   '@emnapi/core': [ '1.10.0' ],
164 silly audit   '@emnapi/runtime': [ '1.11.3', '1.10.0' ],
164 silly audit   '@emnapi/wasi-threads': [ '1.2.1' ],
164 silly audit   '@esbuild/aix-ppc64': [ '0.21.5' ],
164 silly audit   '@esbuild/android-arm': [ '0.21.5' ],
164 silly audit   '@esbuild/android-arm64': [ '0.21.5' ],
164 silly audit   '@esbuild/android-x64': [ '0.21.5' ],
164 silly audit   '@esbuild/darwin-arm64': [ '0.21.5' ],
164 silly audit   '@esbuild/darwin-x64': [ '0.21.5' ],
164 silly audit   '@esbuild/freebsd-arm64': [ '0.21.5' ],
164 silly audit   '@esbuild/freebsd-x64': [ '0.21.5' ],
164 silly audit   '@esbuild/linux-arm': [ '0.21.5' ],
164 silly audit   '@esbuild/linux-arm64': [ '0.21.5' ],
164 silly audit   '@esbuild/linux-ia32': [ '0.21.5' ],
164 silly audit   '@esbuild/linux-loong64': [ '0.21.5' ],
164 silly audit   '@esbuild/linux-mips64el': [ '0.21.5' ],
164 silly audit   '@esbuild/linux-ppc64': [ '0.21.5' ],
164 silly audit   '@esbuild/linux-riscv64': [ '0.21.5' ],
164 silly audit   '@esbuild/linux-s390x': [ '0.21.5' ],
164 silly audit   '@esbuild/linux-x64': [ '0.21.5' ],
164 silly audit   '@esbuild/netbsd-x64': [ '0.21.5' ],
164 silly audit   '@esbuild/openbsd-x64': [ '0.21.5' ],
164 silly audit   '@esbuild/sunos-x64': [ '0.21.5' ],
164 silly audit   '@esbuild/win32-arm64': [ '0.21.5' ],
164 silly audit   '@esbuild/win32-ia32': [ '0.21.5' ],
164 silly audit   '@esbuild/win32-x64': [ '0.21.5' ],
164 silly audit   '@eslint-community/eslint-utils': [ '4.10.1', '4.9.1' ],
164 silly audit   'eslint-visitor-keys': [ '3.4.3', '5.0.1', '4.2.1' ],
164 silly audit   '@eslint-community/regexpp': [ '4.12.2' ],
164 silly audit   '@eslint/config-array': [ '0.21.2' ],
164 silly audit   '@eslint/config-helpers': [ '0.4.2' ],
164 silly audit   '@eslint/core': [ '0.17.0' ],
164 silly audit   '@eslint/eslintrc': [ '3.3.6' ],
164 silly audit   '@eslint/js': [ '9.39.5' ],
164 silly audit   '@eslint/object-schema': [ '2.1.7' ],
164 silly audit   '@eslint/plugin-kit': [ '0.4.1' ],
164 silly audit   '@humanfs/core': [ '0.19.2' ],
164 silly audit   '@humanfs/node': [ '0.16.8' ],
164 silly audit   '@humanfs/types': [ '0.15.0' ],
164 silly audit   '@humanwhocodes/module-importer': [ '1.0.1' ],
164 silly audit   '@humanwhocodes/retry': [ '0.4.3' ],
164 silly audit   '@img/colour': [ '1.1.0' ],
164 silly audit   '@img/sharp-darwin-arm64': [ '0.35.3' ],
164 silly audit   '@img/sharp-darwin-x64': [ '0.35.3' ],
164 silly audit   '@img/sharp-freebsd-wasm32': [ '0.35.3' ],
164 silly audit   '@img/sharp-libvips-darwin-arm64': [ '1.3.2' ],
164 silly audit   '@img/sharp-libvips-darwin-x64': [ '1.3.2' ],
164 silly audit   '@img/sharp-libvips-linux-arm': [ '1.3.2' ],
164 silly audit   '@img/sharp-libvips-linux-arm64': [ '1.3.2' ],
164 silly audit   '@img/sharp-libvips-linux-ppc64': [ '1.3.2' ],
164 silly audit   '@img/sharp-libvips-linux-riscv64': [ '1.3.2' ],
164 silly audit   '@img/sharp-libvips-linux-s390x': [ '1.3.2' ],
164 silly audit   '@img/sharp-libvips-linux-x64': [ '1.3.2' ],
164 silly audit   '@img/sharp-libvips-linuxmusl-arm64': [ '1.3.2' ],
164 silly audit   '@img/sharp-libvips-linuxmusl-x64': [ '1.3.2' ],
164 silly audit   '@img/sharp-linux-arm': [ '0.35.3' ],
164 silly audit   '@img/sharp-linux-arm64': [ '0.35.3' ],
164 silly audit   '@img/sharp-linux-ppc64': [ '0.35.3' ],
164 silly audit   '@img/sharp-linux-riscv64': [ '0.35.3' ],
164 silly audit   '@img/sharp-linux-s390x': [ '0.35.3' ],
164 silly audit   '@img/sharp-linux-x64': [ '0.35.3' ],
164 silly audit   '@img/sharp-linuxmusl-arm64': [ '0.35.3' ],
164 silly audit   '@img/sharp-linuxmusl-x64': [ '0.35.3' ],
164 silly audit   '@img/sharp-wasm32': [ '0.35.3' ],
164 silly audit   '@img/sharp-webcontainers-wasm32': [ '0.35.3' ],
164 silly audit   '@img/sharp-win32-arm64': [ '0.35.3' ],
164 silly audit   '@img/sharp-win32-ia32': [ '0.35.3' ],
164 silly audit   '@img/sharp-win32-x64': [ '0.35.3' ],
164 silly audit   '@jridgewell/gen-mapping': [ '0.3.13' ],
164 silly audit   '@jridgewell/remapping': [ '2.3.5' ],
164 silly audit   '@jridgewell/resolve-uri': [ '3.1.2' ],
164 silly audit   '@jridgewell/sourcemap-codec': [ '1.5.5' ],
164 silly audit   '@jridgewell/trace-mapping': [ '0.3.31' ],
164 silly audit   '@monaco-editor/loader': [ '1.7.0' ],
164 silly audit   '@monaco-editor/react': [ '4.7.0' ],
164 silly audit   '@napi-rs/lzma-linux-x64-gnu': [ '1.5.1' ],
164 silly audit   '@napi-rs/wasm-runtime': [ '1.2.3' ],
164 silly audit   '@next/env': [ '16.3.0' ],
164 silly audit   '@next/eslint-plugin-next': [ '16.3.0' ],
164 silly audit   '@next/swc-darwin-arm64': [ '16.3.0' ],
164 silly audit   '@next/swc-darwin-x64': [ '16.3.0' ],
164 silly audit   '@next/swc-linux-arm64-gnu': [ '16.3.0' ],
164 silly audit   '@next/swc-linux-arm64-musl': [ '16.3.0' ],
164 silly audit   '@next/swc-linux-x64-gnu': [ '16.3.0' ],
164 silly audit   '@next/swc-linux-x64-musl': [ '16.3.0' ],
164 silly audit   '@next/swc-win32-arm64-msvc': [ '16.3.0' ],
164 silly audit   '@next/swc-win32-x64-msvc': [ '16.3.0' ],
164 silly audit   '@nodelib/fs.scandir': [ '2.1.5' ],
164 silly audit   '@nodelib/fs.stat': [ '2.0.5' ],
164 silly audit   '@nodelib/fs.walk': [ '1.2.8' ],
164 silly audit   '@nolyfill/is-core-module': [ '1.0.39' ],
164 silly audit   '@rollup/rollup-android-arm-eabi': [ '4.62.4' ],
164 silly audit   '@rollup/rollup-android-arm64': [ '4.62.4' ],
164 silly audit   '@rollup/rollup-darwin-arm64': [ '4.62.4' ],
164 silly audit   '@rollup/rollup-darwin-x64': [ '4.62.4' ],
164 silly audit   '@rollup/rollup-freebsd-arm64': [ '4.62.4' ],
164 silly audit   '@rollup/rollup-freebsd-x64': [ '4.62.4' ],
164 silly audit   '@rollup/rollup-linux-arm-gnueabihf': [ '4.62.4' ],
164 silly audit   '@rollup/rollup-linux-arm-musleabihf': [ '4.62.4' ],
164 silly audit   '@rollup/rollup-linux-arm64-gnu': [ '4.62.4' ],
164 silly audit   '@rollup/rollup-linux-arm64-musl': [ '4.62.4' ],
164 silly audit   '@rollup/rollup-linux-loong64-gnu': [ '4.62.4' ],
164 silly audit   '@rollup/rollup-linux-loong64-musl': [ '4.62.4' ],
164 silly audit   '@rollup/rollup-linux-ppc64-gnu': [ '4.62.4' ],
164 silly audit   '@rollup/rollup-linux-ppc64-musl': [ '4.62.4' ],
164 silly audit   '@rollup/rollup-linux-riscv64-gnu': [ '4.62.4' ],
164 silly audit   '@rollup/rollup-linux-riscv64-musl': [ '4.62.4' ],
164 silly audit   '@rollup/rollup-linux-s390x-gnu': [ '4.62.4' ],
164 silly audit   '@rollup/rollup-linux-x64-gnu': [ '4.62.4' ],
164 silly audit   '@rollup/rollup-linux-x64-musl': [ '4.62.4' ],
164 silly audit   '@rollup/rollup-openbsd-x64': [ '4.62.4' ],
164 silly audit   '@rollup/rollup-openharmony-arm64': [ '4.62.4' ],
164 silly audit   '@rollup/rollup-win32-arm64-msvc': [ '4.62.4' ],
164 silly audit   '@rollup/rollup-win32-ia32-msvc': [ '4.62.4' ],
164 silly audit   '@rollup/rollup-win32-x64-gnu': [ '4.62.4' ],
164 silly audit   '@rollup/rollup-win32-x64-msvc': [ '4.62.4' ],
164 silly audit   '@rtsao/scc': [ '1.1.0' ],
164 silly audit   '@supabase/auth-js': [ '2.112.3' ],
164 silly audit   '@supabase/functions-js': [ '2.112.3' ],
164 silly audit   '@supabase/phoenix': [ '0.4.5' ],
164 silly audit   '@supabase/postgrest-js': [ '2.112.3' ],
164 silly audit   '@supabase/realtime-js': [ '2.112.3' ],
164 silly audit   '@supabase/storage-js': [ '2.112.3' ],
164 silly audit   '@supabase/supabase-js': [ '2.112.3' ],
164 silly audit   '@swc/helpers': [ '0.5.15' ],
164 silly audit   '@testing-library/dom': [ '10.4.1' ],
164 silly audit   '@testing-library/jest-dom': [ '6.9.1' ],
164 silly audit   'dom-accessibility-api': [ '0.6.3', '0.5.16' ],
164 silly audit   '@testing-library/react': [ '16.3.2' ],
164 silly audit   '@tybys/wasm-util': [ '0.10.3' ],
164 silly audit   '@types/aria-query': [ '5.0.4' ],
164 silly audit   '@types/estree': [ '1.0.9' ],
164 silly audit   '@types/json-schema': [ '7.0.15' ],
164 silly audit   '@types/json5': [ '0.0.29' ],
164 silly audit   '@types/node': [ '22.20.1' ],
164 silly audit   '@types/react': [ '19.2.18' ],
164 silly audit   '@types/react-dom': [ '19.2.4' ],
164 silly audit   '@types/trusted-types': [ '2.0.7' ],
164 silly audit   '@typescript-eslint/eslint-plugin': [ '8.67.0' ],
164 silly audit   ignore: [ '7.0.6', '5.3.2' ],
164 silly audit   '@typescript-eslint/parser': [ '8.67.0' ],
164 silly audit   '@typescript-eslint/project-service': [ '8.67.0' ],
164 silly audit   '@typescript-eslint/scope-manager': [ '8.67.0' ],
164 silly audit   '@typescript-eslint/tsconfig-utils': [ '8.67.0' ],
164 silly audit   '@typescript-eslint/type-utils': [ '8.67.0' ],
164 silly audit   '@typescript-eslint/types': [ '8.67.0' ],
164 silly audit   '@typescript-eslint/typescript-estree': [ '8.67.0' ],
164 silly audit   'balanced-match': [ '4.0.4', '1.0.2' ],
164 silly audit   'brace-expansion': [ '5.0.9', '1.1.18' ],
164 silly audit   minimatch: [ '10.2.6', '3.1.5' ],
164 silly audit   semver: [ '7.8.5', '6.3.1' ],
164 silly audit   '@typescript-eslint/utils': [ '8.67.0' ],
164 silly audit   '@typescript-eslint/visitor-keys': [ '8.67.0' ],
164 silly audit   '@unrs/resolver-binding-android-arm-eabi': [ '1.12.2' ],
164 silly audit   '@unrs/resolver-binding-android-arm64': [ '1.12.2' ],
164 silly audit   '@unrs/resolver-binding-darwin-arm64': [ '1.12.2' ],
164 silly audit   '@unrs/resolver-binding-darwin-x64': [ '1.12.2' ],
164 silly audit   '@unrs/resolver-binding-freebsd-x64': [ '1.12.2' ],
164 silly audit   '@unrs/resolver-binding-linux-arm-gnueabihf': [ '1.12.2' ],
164 silly audit   '@unrs/resolver-binding-linux-arm-musleabihf': [ '1.12.2' ],
164 silly audit   '@unrs/resolver-binding-linux-arm64-gnu': [ '1.12.2' ],
164 silly audit   '@unrs/resolver-binding-linux-arm64-musl': [ '1.12.2' ],
164 silly audit   '@unrs/resolver-binding-linux-loong64-gnu': [ '1.12.2' ],
164 silly audit   '@unrs/resolver-binding-linux-loong64-musl': [ '1.12.2' ],
164 silly audit   '@unrs/resolver-binding-linux-ppc64-gnu': [ '1.12.2' ],
164 silly audit   '@unrs/resolver-binding-linux-riscv64-gnu': [ '1.12.2' ],
164 silly audit   '@unrs/resolver-binding-linux-riscv64-musl': [ '1.12.2' ],
164 silly audit   '@unrs/resolver-binding-linux-s390x-gnu': [ '1.12.2' ],
164 silly audit   '@unrs/resolver-binding-linux-x64-gnu': [ '1.12.2' ],
164 silly audit   '@unrs/resolver-binding-linux-x64-musl': [ '1.12.2' ],
164 silly audit   '@unrs/resolver-binding-openharmony-arm64': [ '1.12.2' ],
164 silly audit   '@unrs/resolver-binding-wasm32-wasi': [ '1.12.2' ],
164 silly audit   '@unrs/resolver-binding-win32-arm64-msvc': [ '1.12.2' ],
164 silly audit   '@unrs/resolver-binding-win32-ia32-msvc': [ '1.12.2' ],
164 silly audit   '@unrs/resolver-binding-win32-x64-msvc': [ '1.12.2' ],
164 silly audit   '@vitest/expect': [ '2.1.9' ],
164 silly audit   '@vitest/mocker': [ '2.1.9' ],
164 silly audit   '@vitest/pretty-format': [ '2.1.9' ],
164 silly audit   '@vitest/runner': [ '2.1.9' ],
164 silly audit   '@vitest/snapshot': [ '2.1.9' ],
164 silly audit   '@vitest/spy': [ '2.1.9' ],
164 silly audit   '@vitest/utils': [ '2.1.9' ],
164 silly audit   acorn: [ '8.18.0' ],
164 silly audit   'acorn-jsx': [ '5.3.2' ],
164 silly audit   'agent-base': [ '7.1.4' ],
164 silly audit   ajv: [ '6.15.0' ],
164 silly audit   'ansi-regex': [ '5.0.1' ],
164 silly audit   'ansi-styles': [ '4.3.0', '5.2.0' ],
164 silly audit   argparse: [ '2.0.1' ],
164 silly audit   'aria-query': [ '5.3.0', '5.3.2' ],
164 silly audit   'array-buffer-byte-length': [ '1.0.2' ],
164 silly audit   'array-includes': [ '3.1.9' ],
164 silly audit   'array.prototype.findlast': [ '1.2.5' ],
164 silly audit   'array.prototype.findlastindex': [ '1.2.6' ],
164 silly audit   'array.prototype.flat': [ '1.3.3' ],
164 silly audit   'array.prototype.flatmap': [ '1.3.3' ],
164 silly audit   'array.prototype.tosorted': [ '1.1.4' ],
164 silly audit   'arraybuffer.prototype.slice': [ '1.0.4' ],
164 silly audit   'assertion-error': [ '2.0.1' ],
164 silly audit   'ast-types-flow': [ '0.0.8' ],
164 silly audit   'async-function': [ '1.0.0' ],
164 silly audit   asynckit: [ '0.4.0' ],
164 silly audit   'available-typed-arrays': [ '1.0.7' ],
164 silly audit   'axe-core': [ '4.13.0' ],
164 silly audit   'axobject-query': [ '4.1.0' ],
164 silly audit   'baseline-browser-mapping': [ '2.11.13' ],
164 silly audit   braces: [ '3.0.3' ],
164 silly audit   browserslist: [ '4.28.8' ],
164 silly audit   cac: [ '6.7.14' ],
164 silly audit   'call-bind': [ '1.0.9' ],
164 silly audit   'call-bind-apply-helpers': [ '1.0.2' ],
164 silly audit   'call-bound': [ '1.0.4' ],
164 silly audit   callsites: [ '3.1.0' ],
164 silly audit   'caniuse-lite': [ '1.0.30001809' ],
164 silly audit   chai: [ '5.3.3' ],
164 silly audit   chalk: [ '4.1.2' ],
164 silly audit   'check-error': [ '2.1.3' ],
164 silly audit   'client-only': [ '0.0.1' ],
164 silly audit   'color-convert': [ '2.0.1' ],
164 silly audit   'color-name': [ '1.1.4' ],
164 silly audit   'combined-stream': [ '1.0.8' ],
164 silly audit   'concat-map': [ '0.0.1' ],
164 silly audit   'convert-source-map': [ '2.0.0' ],
164 silly audit   'cross-spawn': [ '7.0.6' ],
164 silly audit   'css.escape': [ '1.5.1' ],
164 silly audit   cssstyle: [ '4.6.0' ],
164 silly audit   'rrweb-cssom': [ '0.8.0', '0.7.1' ],
164 silly audit   csstype: [ '3.2.3' ],
164 silly audit   'damerau-levenshtein': [ '1.0.8' ],
164 silly audit   'data-urls': [ '5.0.0' ],
164 silly audit   'data-view-buffer': [ '1.0.2' ],
164 silly audit   'data-view-byte-length': [ '1.0.2' ],
164 silly audit   'data-view-byte-offset': [ '1.0.1' ],
164 silly audit   'date-fns': [ '4.4.0' ],
164 silly audit   debug: [ '4.4.3', '3.2.7' ],
164 silly audit   'decimal.js': [ '10.6.0' ],
164 silly audit   'deep-eql': [ '5.0.2' ],
164 silly audit   'deep-is': [ '0.1.4' ],
164 silly audit   'define-data-property': [ '1.1.4' ],
164 silly audit   'define-properties': [ '1.2.1' ],
164 silly audit   'delayed-stream': [ '1.0.0' ],
164 silly audit   dequal: [ '2.0.3' ],
164 silly audit   'detect-libc': [ '2.1.2' ],
164 silly audit   doctrine: [ '2.1.0' ],
164 silly audit   dompurify: [ '3.4.8' ],
164 silly audit   'dunder-proto': [ '1.0.1' ],
164 silly audit   'electron-to-chromium': [ '1.5.405' ],
164 silly audit   'emoji-regex': [ '9.2.2' ],
164 silly audit   entities: [ '6.0.1' ],
164 silly audit   'es-abstract': [ '1.24.2' ],
164 silly audit   'es-abstract-get': [ '1.0.0' ],
164 silly audit   'es-define-property': [ '1.0.1' ],
164 silly audit   'es-errors': [ '1.3.0' ],
164 silly audit   'es-iterator-helpers': [ '1.4.0' ],
164 silly audit   'es-module-lexer': [ '1.7.0' ],
164 silly audit   'es-object-atoms': [ '1.1.2' ],
164 silly audit   'es-set-tostringtag': [ '2.1.0' ],
164 silly audit   'es-shim-unscopables': [ '1.1.0' ],
164 silly audit   'es-to-primitive': [ '1.3.4' ],
164 silly audit   esbuild: [ '0.21.5' ],
164 silly audit   escalade: [ '3.2.0' ],
164 silly audit   'escape-string-regexp': [ '4.0.0' ],
164 silly audit   eslint: [ '9.39.5' ],
164 silly audit   'eslint-config-next': [ '16.3.0' ],
164 silly audit   globals: [ '16.4.0', '14.0.0' ],
164 silly audit   'eslint-import-resolver-node': [ '0.3.10' ],
164 silly audit   'eslint-import-resolver-typescript': [ '3.10.1' ],
164 silly audit   'eslint-module-utils': [ '2.14.0' ],
164 silly audit   'eslint-plugin-import': [ '2.32.0' ],
164 silly audit   'eslint-plugin-jsx-a11y': [ '6.10.2' ],
164 silly audit   'eslint-plugin-react': [ '7.37.5' ],
164 silly audit   'eslint-plugin-react-hooks': [ '7.1.1' ],
164 silly audit   'eslint-scope': [ '8.4.0' ],
164 silly audit   espree: [ '10.4.0' ],
164 silly audit   esquery: [ '1.7.0' ],
164 silly audit   esrecurse: [ '4.3.0' ],
164 silly audit   estraverse: [ '5.3.0' ],
164 silly audit   'estree-walker': [ '3.0.3' ],
164 silly audit   esutils: [ '2.0.3' ],
164 silly audit   'expect-type': [ '1.4.0' ],
164 silly audit   'fast-deep-equal': [ '3.1.3' ],
164 silly audit   'fast-glob': [ '3.3.1' ],
164 silly audit   'glob-parent': [ '5.1.2', '6.0.2' ],
164 silly audit   'fast-json-stable-stringify': [ '2.1.0' ],
164 silly audit   'fast-levenshtein': [ '2.0.6' ],
164 silly audit   fastq: [ '1.20.1' ],
164 silly audit   'file-entry-cache': [ '8.0.0' ],
164 silly audit   'fill-range': [ '7.1.1' ],
164 silly audit   'find-up': [ '5.0.0' ],
164 silly audit   'flat-cache': [ '4.0.1' ],
164 silly audit   flatted: [ '3.4.4' ],
164 silly audit   'for-each': [ '0.3.5' ],
164 silly audit   'form-data': [ '4.0.6' ],
164 silly audit   fsevents: [ '2.3.3' ],
164 silly audit   'function-bind': [ '1.1.2' ],
164 silly audit   'function.prototype.name': [ '1.2.0' ],
164 silly audit   'functions-have-names': [ '1.2.3' ],
164 silly audit   'generator-function': [ '2.0.1' ],
164 silly audit   gensync: [ '1.0.0-beta.2' ],
164 silly audit   'get-intrinsic': [ '1.3.0' ],
164 silly audit   'get-proto': [ '1.0.1' ],
164 silly audit   'get-symbol-description': [ '1.1.0' ],
164 silly audit   'get-tsconfig': [ '4.14.1' ],
164 silly audit   globalthis: [ '1.0.4' ],
164 silly audit   gopd: [ '1.2.0' ],
164 silly audit   'has-bigints': [ '1.1.0' ],
164 silly audit   'has-flag': [ '4.0.0' ],
164 silly audit   'has-property-descriptors': [ '1.0.2' ],
164 silly audit   'has-proto': [ '1.2.0' ],
164 silly audit   'has-symbols': [ '1.1.0' ],
164 silly audit   'has-tostringtag': [ '1.0.2' ],
164 silly audit   hasown: [ '2.0.4' ],
164 silly audit   'hermes-estree': [ '0.25.1' ],
164 silly audit   'hermes-parser': [ '0.25.1' ],
164 silly audit   'html-encoding-sniffer': [ '4.0.0' ],
164 silly audit   'http-proxy-agent': [ '7.0.2' ],
164 silly audit   'https-proxy-agent': [ '7.0.6' ],
164 silly audit   'iceberg-js': [ '0.8.1' ],
164 silly audit   'iconv-lite': [ '0.6.3' ],
164 silly audit   'import-fresh': [ '3.3.1' ],
164 silly audit   imurmurhash: [ '0.1.4' ],
164 silly audit   'indent-string': [ '4.0.0' ],
164 silly audit   'internal-slot': [ '1.1.0' ],
164 silly audit   'is-array-buffer': [ '3.0.5' ],
164 silly audit   'is-async-function': [ '2.1.1' ],
164 silly audit   'is-bigint': [ '1.1.0' ],
164 silly audit   'is-boolean-object': [ '1.2.2' ],
164 silly audit   'is-bun-module': [ '2.0.0' ],
164 silly audit   'is-callable': [ '1.2.7' ],
164 silly audit   'is-core-module': [ '2.16.2' ],
164 silly audit   'is-data-view': [ '1.0.2' ],
164 silly audit   'is-date-object': [ '1.1.0' ],
164 silly audit   'is-document.all': [ '1.0.0' ],
164 silly audit   'is-extglob': [ '2.1.1' ],
164 silly audit   'is-finalizationregistry': [ '1.1.1' ],
164 silly audit   'is-generator-function': [ '1.1.2' ],
164 silly audit   'is-glob': [ '4.0.3' ],
164 silly audit   'is-map': [ '2.0.3' ],
164 silly audit   'is-negative-zero': [ '2.0.3' ],
164 silly audit   'is-number': [ '7.0.0' ],
164 silly audit   'is-number-object': [ '1.1.1' ],
164 silly audit   'is-potential-custom-element-name': [ '1.0.1' ],
164 silly audit   'is-regex': [ '1.2.1' ],
164 silly audit   'is-set': [ '2.0.3' ],
164 silly audit   'is-shared-array-buffer': [ '1.0.4' ],
164 silly audit   'is-string': [ '1.1.1' ],
164 silly audit   'is-symbol': [ '1.1.1' ],
164 silly audit   'is-typed-array': [ '1.1.15' ],
164 silly audit   'is-weakmap': [ '2.0.2' ],
164 silly audit   'is-weakref': [ '1.1.1' ],
164 silly audit   'is-weakset': [ '2.0.4' ],
164 silly audit   isarray: [ '2.0.5' ],
164 silly audit   isexe: [ '2.0.0' ],
164 silly audit   'iterator.prototype': [ '1.1.5' ],
164 silly audit   'js-tokens': [ '4.0.0' ],
164 silly audit   'js-yaml': [ '4.3.1' ],
164 silly audit   jsdom: [ '25.0.1' ],
164 silly audit   jsesc: [ '3.1.0' ],
164 silly audit   'json-buffer': [ '3.0.1' ],
164 silly audit   'json-schema-traverse': [ '0.4.1' ],
164 silly audit   'json-stable-stringify-without-jsonify': [ '1.0.1' ],
164 silly audit   json5: [ '2.2.3', '1.0.2' ],
164 silly audit   'jsx-ast-utils': [ '3.3.5' ],
164 silly audit   keyv: [ '4.5.4' ],
164 silly audit   'language-subtag-registry': [ '0.3.23' ],
164 silly audit   'language-tags': [ '1.0.9' ],
164 silly audit   levn: [ '0.4.1' ],
164 silly audit   'locate-path': [ '6.0.0' ],
164 silly audit   'lodash.merge': [ '4.6.2' ],
164 silly audit   'loose-envify': [ '1.4.0' ],
164 silly audit   loupe: [ '3.2.1' ],
164 silly audit   'lucide-react': [ '0.468.0' ],
164 silly audit   'lz-string': [ '1.5.0' ],
164 silly audit   'magic-string': [ '0.30.21' ],
164 silly audit   marked: [ '14.0.0' ],
164 silly audit   'math-intrinsics': [ '1.1.0' ],
164 silly audit   merge2: [ '1.4.1' ],
164 silly audit   micromatch: [ '4.0.8' ],
164 silly audit   'mime-db': [ '1.52.0' ],
164 silly audit   'mime-types': [ '2.1.35' ],
164 silly audit   'min-indent': [ '1.0.1' ],
164 silly audit   minimist: [ '1.2.8' ],
164 silly audit   'monaco-editor': [ '0.56.0' ],
164 silly audit   ms: [ '2.1.3' ],
164 silly audit   nanoid: [ '3.3.18' ],
164 silly audit   'napi-postinstall': [ '0.3.4' ],
164 silly audit   'natural-compare': [ '1.4.0' ],
164 silly audit   next: [ '16.3.0' ],
164 silly audit   'node-exports-info': [ '1.6.2' ],
164 silly audit   'node-releases': [ '2.0.53' ],
164 silly audit   nwsapi: [ '2.2.24' ],
164 silly audit   'object-assign': [ '4.1.1' ],
164 silly audit   'object-inspect': [ '1.13.4' ],
164 silly audit   'object-keys': [ '1.1.1' ],
164 silly audit   'object.assign': [ '4.1.7' ],
164 silly audit   'object.entries': [ '1.1.9' ],
164 silly audit   'object.fromentries': [ '2.0.8' ],
164 silly audit   'object.groupby': [ '1.0.3' ],
164 silly audit   'object.values': [ '1.2.1' ],
164 silly audit   optionator: [ '0.9.4' ],
164 silly audit   'own-keys': [ '1.0.2' ],
164 silly audit   'p-limit': [ '3.1.0' ],
164 silly audit   'p-locate': [ '5.0.0' ],
164 silly audit   'parent-module': [ '1.0.1' ],
164 silly audit   parse5: [ '7.3.0' ],
164 silly audit   'path-exists': [ '4.0.0' ],
164 silly audit   'path-key': [ '3.1.1' ],
164 silly audit   'path-parse': [ '1.0.7' ],
164 silly audit   pathe: [ '1.1.2' ],
164 silly audit   pathval: [ '2.0.1' ],
164 silly audit   picocolors: [ '1.1.1' ],
164 silly audit   picomatch: [ '2.3.2', '4.0.5' ],
164 silly audit   'possible-typed-array-names': [ '1.1.0' ],
164 silly audit   postcss: [ '8.5.23' ],
164 silly audit   'prelude-ls': [ '1.2.1' ],
164 silly audit   'pretty-format': [ '27.5.1' ],
164 silly audit   'prop-types': [ '15.8.1' ],
164 silly audit   'react-is': [ '16.13.1', '17.0.2' ],
164 silly audit   punycode: [ '2.3.1' ],
164 silly audit   'queue-microtask': [ '1.2.3' ],
164 silly audit   react: [ '19.2.8' ],
164 silly audit   'react-dom': [ '19.2.8' ],
164 silly audit   redent: [ '3.0.0' ],
164 silly audit   'reflect.getprototypeof': [ '1.0.10' ],
164 silly audit   'regexp.prototype.flags': [ '1.5.4' ],
164 silly audit   resolve: [ '2.0.0-next.7' ],
164 silly audit   'resolve-from': [ '4.0.0' ],
164 silly audit   'resolve-pkg-maps': [ '1.0.0' ],
164 silly audit   reusify: [ '1.1.0' ],
164 silly audit   rollup: [ '4.62.4' ],
164 silly audit   'run-parallel': [ '1.2.0' ],
164 silly audit   'safe-array-concat': [ '1.1.4' ],
164 silly audit   'safe-push-apply': [ '1.0.0' ],
164 silly audit   'safe-regex-test': [ '1.1.0' ],
164 silly audit   'safer-buffer': [ '2.1.2' ],
164 silly audit   saxes: [ '6.0.0' ],
164 silly audit   scheduler: [ '0.27.0' ],
164 silly audit   'set-function-length': [ '1.2.2' ],
164 silly audit   'set-function-name': [ '2.0.2' ],
164 silly audit   'set-proto': [ '1.0.0' ],
164 silly audit   sharp: [ '0.35.3' ],
164 silly audit   'shebang-command': [ '2.0.0' ],
164 silly audit   'shebang-regex': [ '3.0.0' ],
164 silly audit   'side-channel': [ '1.1.1' ],
164 silly audit   'side-channel-list': [ '1.0.1' ],
164 silly audit   'side-channel-map': [ '1.0.1' ],
164 silly audit   'side-channel-weakmap': [ '1.0.2' ],
164 silly audit   siginfo: [ '2.0.0' ],
164 silly audit   'source-map-js': [ '1.2.1' ],
164 silly audit   'stable-hash': [ '0.0.5' ],
164 silly audit   stackback: [ '0.0.2' ],
164 silly audit   'state-local': [ '1.0.7' ],
164 silly audit   'std-env': [ '3.10.0' ],
164 silly audit   'stop-iteration-iterator': [ '1.1.0' ],
164 silly audit   'string.prototype.includes': [ '2.0.1' ],
164 silly audit   'string.prototype.matchall': [ '4.0.12' ],
164 silly audit   'string.prototype.repeat': [ '1.0.0' ],
164 silly audit   'string.prototype.trim': [ '1.2.11' ],
164 silly audit   'string.prototype.trimend': [ '1.0.10' ],
164 silly audit   'string.prototype.trimstart': [ '1.0.8' ],
164 silly audit   'strip-bom': [ '3.0.0' ],
164 silly audit   'strip-indent': [ '3.0.0' ],
164 silly audit   'strip-json-comments': [ '3.1.1' ],
164 silly audit   'styled-jsx': [ '5.1.6' ],
164 silly audit   'supports-color': [ '7.2.0' ],
164 silly audit   'supports-preserve-symlinks-flag': [ '1.0.0' ],
164 silly audit   'symbol-tree': [ '3.2.4' ],
164 silly audit   tinybench: [ '2.9.0' ],
164 silly audit   tinyexec: [ '0.3.2' ],
164 silly audit   tinyglobby: [ '0.2.17' ],
164 silly audit   fdir: [ '6.5.0' ],
164 silly audit   tinypool: [ '1.1.1' ],
164 silly audit   tinyrainbow: [ '1.2.0' ],
164 silly audit   tinyspy: [ '3.0.2' ],
164 silly audit   tldts: [ '6.1.86' ],
164 silly audit   'tldts-core': [ '6.1.86' ],
164 silly audit   'to-regex-range': [ '5.0.1' ],
164 silly audit   'tough-cookie': [ '5.1.2' ],
164 silly audit   tr46: [ '5.1.1' ],
164 silly audit   'ts-api-utils': [ '2.5.0' ],
164 silly audit   'tsconfig-paths': [ '3.15.0' ],
164 silly audit   tslib: [ '2.8.1' ],
164 silly audit   'type-check': [ '0.4.0' ],
164 silly audit   'typed-array-buffer': [ '1.0.3' ],
164 silly audit   'typed-array-byte-length': [ '1.0.3' ],
164 silly audit   'typed-array-byte-offset': [ '1.0.4' ],
164 silly audit   'typed-array-length': [ '1.0.8' ],
164 silly audit   typescript: [ '5.9.3' ],
164 silly audit   'typescript-eslint': [ '8.67.0' ],
164 silly audit   'unbox-primitive': [ '1.1.0' ],
164 silly audit   'undici-types': [ '6.21.0' ],
164 silly audit   'unrs-resolver': [ '1.12.2' ],
164 silly audit   'update-browserslist-db': [ '1.3.1' ],
164 silly audit   'uri-js': [ '4.4.1' ],
164 silly audit   vite: [ '5.4.21' ],
164 silly audit   'vite-node': [ '2.1.9' ],
164 silly audit   vitest: [ '2.1.9' ],
164 silly audit   'w3c-xmlserializer': [ '5.0.0' ],
164 silly audit   'webidl-conversions': [ '7.0.0' ],
164 silly audit   'whatwg-encoding': [ '3.1.1' ],
164 silly audit   'whatwg-mimetype': [ '4.0.0' ],
164 silly audit   'whatwg-url': [ '14.2.0' ],
164 silly audit   which: [ '2.0.2' ],
164 silly audit   'which-boxed-primitive': [ '1.1.1' ],
164 silly audit   'which-builtin-type': [ '1.2.1' ],
164 silly audit   'which-collection': [ '1.0.2' ],
164 silly audit   'which-typed-array': [ '1.1.22' ],
164 silly audit   'why-is-node-running': [ '2.3.0' ],
164 silly audit   'word-wrap': [ '1.2.5' ],
164 silly audit   ws: [ '8.21.3' ],
164 silly audit   'xml-name-validator': [ '5.0.0' ],
164 silly audit   xmlchars: [ '2.2.0' ],
164 silly audit   yallist: [ '3.1.1' ],
164 silly audit   'yocto-queue': [ '0.1.0' ],
164 silly audit   zod: [ '4.4.3' ],
164 silly audit   'zod-validation-error': [ '4.0.2' ]
164 silly audit }
165 http fetch POST 200 https://registry.npmjs.org/-/npm/v1/security/advisories/bulk 359ms
166 silly audit report {
166 silly audit report   dompurify: [
166 silly audit report     {
166 silly audit report       id: 1124022,
166 silly audit report       url: 'https://github.com/advisories/GHSA-c2j3-45gr-mqc4',
166 silly audit report       title: 'DOMPurify: `CUSTOM_ELEMENT_HANDLING` bypasses `afterSanitizeElements` for allowed custom elements.',
166 silly audit report       severity: 'low',
166 silly audit report       vulnerable_versions: '<=3.4.11',
166 silly audit report       cwe: [Array],
166 silly audit report       cvss: [Object]
166 silly audit report     },
166 silly audit report     {
166 silly audit report       id: 1124233,
166 silly audit report       url: 'https://github.com/advisories/GHSA-cmwh-pvxp-8882',
166 silly audit report       title: 'DOMPurify: Permanent `ALLOWED_ATTR` pollution via `setConfig()` bypassing the hook clone-guard (incomplete fix of the 3.4.7 hook-pollution patch)',
166 silly audit report       severity: 'moderate',
166 silly audit report       vulnerable_versions: '<=3.4.10',
166 silly audit report       cwe: [Array],
166 silly audit report       cvss: [Object]
166 silly audit report     },
166 silly audit report     {
166 silly audit report       id: 1124234,
166 silly audit report       url: 'https://github.com/advisories/GHSA-vxr8-fq34-vvx9',
166 silly audit report       title: 'DOMPurify: Trusted Types policy survives `clearConfig()` and can poison later `RETURN_TRUSTED_TYPE` output',
166 silly audit report       severity: 'low',
166 silly audit report       vulnerable_versions: '<3.4.9',
166 silly audit report       cwe: [Array],
166 silly audit report       cvss: [Object]
166 silly audit report     },
166 silly audit report     {
166 silly audit report       id: 1138538,
166 silly audit report       url: 'https://github.com/advisories/GHSA-55q2-fjhq-7xh7',
166 silly audit report       title: 'DOMPurify: IN_PLACE hook removal leaves a detached subtree executable, causing XSS',
166 silly audit report       severity: 'moderate',
166 silly audit report       vulnerable_versions: '<=3.4.12',
166 silly audit report       cwe: [Array],
166 silly audit report       cvss: [Object]
166 silly audit report     }
166 silly audit report   ],
166 silly audit report   esbuild: [
166 silly audit report     {
166 silly audit report       id: 1102341,
166 silly audit report       url: 'https://github.com/advisories/GHSA-67mh-4wv8-2f99',
166 silly audit report       title: 'esbuild enables any website to send any requests to the development server and read the response',
166 silly audit report       severity: 'moderate',
166 silly audit report       vulnerable_versions: '<=0.24.2',
166 silly audit report       cwe: [Array],
166 silly audit report       cvss: [Object]
166 silly audit report     }
166 silly audit report   ],
166 silly audit report   vite: [
166 silly audit report     {
166 silly audit report       id: 1120784,
166 silly audit report       url: 'https://github.com/advisories/GHSA-v6wh-96g9-6wx3',
166 silly audit report       title: 'launch-editor: NTLMv2 hash disclosure via UNC path handling on Windows',
166 silly audit report       severity: 'moderate',
166 silly audit report       vulnerable_versions: '<=6.4.2',
166 silly audit report       cwe: [Array],
166 silly audit report       cvss: [Object]
166 silly audit report     },
166 silly audit report     {
166 silly audit report       id: 1116229,
166 silly audit report       url: 'https://github.com/advisories/GHSA-4w7w-66w2-5vf9',
166 silly audit report       title: 'Vite Vulnerable to Path Traversal in Optimized Deps `.map` Handling',
166 silly audit report       severity: 'moderate',
166 silly audit report       vulnerable_versions: '<=6.4.1',
166 silly audit report       cwe: [Array],
166 silly audit report       cvss: [Object]
166 silly audit report     },
166 silly audit report     {
166 silly audit report       id: 1123525,
166 silly audit report       url: 'https://github.com/advisories/GHSA-fx2h-pf6j-xcff',
166 silly audit report       title: 'vite: `server.fs.deny` bypass on Windows alternate paths',
166 silly audit report       severity: 'high',
166 silly audit report       vulnerable_versions: '<=6.4.2',
166 silly audit report       cwe: [Array],
166 silly audit report       cvss: [Object]
166 silly audit report     }
166 silly audit report   ],
166 silly audit report   vitest: [
166 silly audit report     {
166 silly audit report       id: 1120126,
166 silly audit report       url: 'https://github.com/advisories/GHSA-5xrq-8626-4rwp',
166 silly audit report       title: 'When Vitest UI server is listening, arbitrary file can be read and executed',
166 silly audit report       severity: 'critical',
166 silly audit report       vulnerable_versions: '<3.2.6',
166 silly audit report       cwe: [Array],
166 silly audit report       cvss: [Object]
166 silly audit report     }
166 silly audit report   ]
166 silly audit report }
167 silly packumentCache corgi:https://registry.npmjs.org/dompurify cache-hit
168 silly packumentCache corgi:https://registry.npmjs.org/esbuild cache-hit
169 silly packumentCache corgi:https://registry.npmjs.org/vite cache-miss
170 silly packumentCache corgi:https://registry.npmjs.org/vitest cache-miss
171 http cache https://registry.npmjs.org/vite 19ms (cache hit)
172 silly packumentCache corgi:https://registry.npmjs.org/vite set size:2295063 disposed:false
173 http cache https://registry.npmjs.org/vitest 43ms (cache hit)
174 silly packumentCache corgi:https://registry.npmjs.org/vitest set size:1266914 disposed:false
175 silly packumentCache corgi:https://registry.npmjs.org/monaco-editor cache-miss
176 http cache https://registry.npmjs.org/monaco-editor 9ms (cache hit)
177 silly packumentCache corgi:https://registry.npmjs.org/monaco-editor set size:1749621 disposed:false
178 silly packumentCache corgi:https://registry.npmjs.org/@vitest%2fmocker cache-hit
179 silly packumentCache corgi:https://registry.npmjs.org/vite-node cache-hit
180 silly packumentCache corgi:https://registry.npmjs.org/@monaco-editor%2freact cache-hit
181 verbose cwd C:\Users\Administrator\Desktop\새 폴더 (2)\project\algostudy
182 verbose os Windows_NT 10.0.26200
183 verbose node v26.1.0
184 verbose npm  v11.11.0
185 verbose exit 1
186 verbose code 1
